******************************************************************************
                  TI ARM Linker PC v20.2.7                     
******************************************************************************
>> Linked Wed May 10 16:02:13 2023

OUTPUT FILE NAME:   <temp_milestone_2.out>
ENTRY POINT SYMBOL: "_c_int00_noargs"  address: 0000331d


MEMORY CONFIGURATION

         name            origin    length      used     unused   attr    fill
----------------------  --------  ---------  --------  --------  ----  --------
  FLASH                 00000000   00040000  00003c68  0003c398  R  X
  SRAM                  20000000   00008000  00000811  000077ef  RW X


SEGMENT ALLOCATION MAP

run origin  load origin   length   init length attrs members
----------  ----------- ---------- ----------- ----- -------
00000000    00000000    00003c68   00003c68    r-x
  00000000    00000000    0000026c   0000026c    r-- .intvecs
  0000026c    0000026c    0000336c   0000336c    r-x .text
  000035d8    000035d8    00000648   00000648    r-- .const
  00003c20    00003c20    00000048   00000048    r-- .cinit
20000000    20000000    00000818   00000000    rw-
  20000000    20000000    0000026c   00000000    rw- .vtable
  2000026c    2000026c    00000375   00000000    rw- .bss
  200005e8    200005e8    00000200   00000000    rw- .stack
  200007e8    200007e8    00000020   00000000    rw- .data
  20000808    20000808    00000010   00000000    rw- .sysmem


SECTION ALLOCATION MAP

 output                                  attributes/
section   page    origin      length       input sections
--------  ----  ----------  ----------   ----------------
.intvecs   0    00000000    0000026c     
                  00000000    0000026c     tm4c123gh6pm_startup_ccs.obj (.intvecs)

.text      0    0000026c    0000336c     
                  0000026c    00000c84     ustdlib.obj (.text)
                  00000ef0    00000950     OrbitOledGrph.obj (.text)
                  00001840    0000037c     OrbitOled.obj (.text)
                  00001bbc    00000220     buttons.obj (.text)
                  00001ddc    00000204     OrbitOledChar.obj (.text)
                  00001fe0    000001b6     rtsv7M4_T_le_v4SPD16_eabi.lib : fd_add_t2.asm.obj (.text)
                  00002196    00000002                                   : _lock.c.obj (.text:_nop)
                  00002198    0000016c     driverlib.lib : gpio.obj (.text:GPIOPadConfigSet)
                  00002304    00000128     display.obj (.text)
                  0000242c    00000118     driverlib.lib : sysctl.obj (.text:SysCtlClockGet)
                  00002544    00000114     interrupt.obj (.text)
                  00002658    00000100     rtsv7M4_T_le_v4SPD16_eabi.lib : memory.c.obj (.text:aligned_alloc)
                  00002758    000000f4     driverlib.lib : sysctl.obj (.text:SysCtlClockSet)
                  0000284c    000000f4     main.obj (.text)
                  00002940    000000e4     rtsv7M4_T_le_v4SPD16_eabi.lib : memory.c.obj (.text:free)
                  00002a24    000000e0     math_ops.obj (.text)
                  00002b04    000000b8     buffer.obj (.text)
                  00002bbc    000000b0     ADC.obj (.text)
                  00002c6c    0000009c     rtsv7M4_T_le_v4SPD16_eabi.lib : memcpy_t2.asm.obj (.text)
                  00002d08    0000007a     driverlib.lib : adc.obj (.text:ADCSequenceStepConfigure)
                  00002d82    0000007a     rtsv7M4_T_le_v4SPD16_eabi.lib : memset_t2.asm.obj (.text)
                  00002dfc    00000070                                   : memory.c.obj (.text:split)
                  00002e6c    00000068     driverlib.lib : interrupt.obj (.text:IntEnable)
                  00002ed4    00000068     rtsv7M4_T_le_v4SPD16_eabi.lib : copy_decompress_lzss.c.obj (.text:decompress:lzss:__TI_decompress_lzss)
                  00002f3c    00000060     driverlib.lib : timer.obj (.text:TimerConfigure)
                  00002f9c    0000005c     delay.obj (.text)
                  00002ff8    00000058     driverlib.lib : gpio.obj (.text:GPIOIntTypeSet)
                  00003050    00000050                   : adc.obj (.text:_ADCIntNumberGet)
                  000030a0    0000004c                   : gpio.obj (.text:GPIOPinConfigure)
                  000030ec    00000048     rtsv7M4_T_le_v4SPD16_eabi.lib : fd_toi_t2.asm.obj (.text)
                  00003134    00000044     OrbitOLEDInterface.obj (.text)
                  00003178    00000044     driverlib.lib : gpio.obj (.text:_GPIOIntNumberGet)
                  000031bc    00000044     rtsv7M4_T_le_v4SPD16_eabi.lib : autoinit.c.obj (.text:__TI_auto_init_nobinit_nopinit:__TI_auto_init_nobinit_nopinit)
                  00003200    00000040                                   : u_divt2.asm.obj (.text)
                  00003240    0000003c     driverlib.lib : ssi.obj (.text:SSIConfigSetExpClk)
                  0000327c    00000038     rtsv7M4_T_le_v4SPD16_eabi.lib : memory.c.obj (.text:calloc)
                  000032b4    00000034     driverlib.lib : interrupt.obj (.text:IntRegister)
                  000032e8    00000034                   : sysctl.obj (.text:SysCtlPeripheralEnable)
                  0000331c    00000034     rtsv7M4_T_le_v4SPD16_eabi.lib : boot_cortex_m.c.obj (.text:_c_int00_noargs:_c_int00_noargs)
                  00003350    0000002e                                   : i_tofd_t2.asm.obj (.text)
                  0000337e    0000002c     driverlib.lib : gpio.obj (.text:GPIODirModeSet)
                  000033aa    00000002     rtsv7M4_T_le_v4SPD16_eabi.lib : div0.asm.obj (.text)
                  000033ac    00000028                                   : memory.c.obj (.text:free_list_insert)
                  000033d4    0000001e     driverlib.lib : adc.obj (.text:ADCSequenceDataGet)
                  000033f2    00000002     --HOLE-- [fill = 0]
                  000033f4    0000001c                   : systick.obj (.text:SysTickIntRegister)
                  00003410    0000001c     rtsv7M4_T_le_v4SPD16_eabi.lib : memory.c.obj (.text:free_list_remove)
                  0000342c    0000001a     driverlib.lib : gpio.obj (.text:GPIOPinTypeGPIOOutput)
                  00003446    00000018                   : adc.obj (.text:ADCIntRegister)
                  0000345e    00000018                   : adc.obj (.text:ADCProcessorTrigger)
                  00003476    00000018                   : gpio.obj (.text:GPIOIntRegister)
                  0000348e    00000016                   : gpio.obj (.text:GPIOPinTypeGPIOInput)
                  000034a4    00000016                   : gpio.obj (.text:GPIOPinTypeSSI)
                  000034ba    00000002     --HOLE-- [fill = 0]
                  000034bc    00000014                   : systick.obj (.text:SysTickEnable)
                  000034d0    00000014                   : systick.obj (.text:SysTickIntEnable)
                  000034e4    00000010                   : adc.obj (.text:ADCIntEnable)
                  000034f4    00000010                   : interrupt.obj (.text:IntMasterEnable)
                  00003504    00000010                   : systick.obj (.text:SysTickPeriodSet)
                  00003514    0000000e                   : adc.obj (.text:ADCSequenceEnable)
                  00003522    0000000e                   : timer.obj (.text:TimerEnable)
                  00003530    0000000e     rtsv7M4_T_le_v4SPD16_eabi.lib : copy_decompress_none.c.obj (.text:decompress:none:__TI_decompress_none)
                  0000353e    0000000c     driverlib.lib : cpu.obj (.text:CPUcpsie)
                  0000354a    0000000c                   : gpio.obj (.text:GPIOIntEnable)
                  00003556    0000000c                   : ssi.obj (.text:SSIDataGet)
                  00003562    0000000c     rtsv7M4_T_le_v4SPD16_eabi.lib : copy_zero_init.c.obj (.text:decompress:ZI:__TI_zero_init)
                  0000356e    0000000c     tm4c123gh6pm_startup_ccs.obj (.text)
                  0000357a    0000000a     driverlib.lib : adc.obj (.text:ADCIntClear)
                  00003584    0000000a                   : ssi.obj (.text:SSIDataPut)
                  0000358e    0000000a                   : ssi.obj (.text:SSIEnable)
                  00003598    0000000a                   : timer.obj (.text:TimerValueGet)
                  000035a2    00000008                   : ssi.obj (.text:SSIBusy)
                  000035aa    00000008     rtsv7M4_T_le_v4SPD16_eabi.lib : memory.c.obj (.text:malloc)
                  000035b2    00000006     driverlib.lib : gpio.obj (.text:GPIOIntClear)
                  000035b8    00000006                   : gpio.obj (.text:GPIOPinRead)
                  000035be    00000006                   : gpio.obj (.text:GPIOPinWrite)
                  000035c4    00000006                   : ssi.obj (.text:SSIClockSourceSet)
                  000035ca    00000006                   : sysctl.obj (.text:SysCtlDelay)
                  000035d0    00000004     rtsv7M4_T_le_v4SPD16_eabi.lib : pre_init.c.obj (.text:_system_pre_init)
                  000035d4    00000004                                   : exit.c.obj (.text:abort:abort)

.const     0    000035d8    00000648     
                  000035d8    00000300     ChrFont0.obj (.const:.string:rgbOledFont0)
                  000038d8    000000d8     driverlib.lib : gpio.obj (.const:g_ppui32GPIOIntMapSnowflake)
                  000039b0    000000c0                   : gpio.obj (.const:g_ppui32GPIOIntMapBlizzard)
                  00003a70    00000090                   : gpio.obj (.const:g_pui32GPIOBaseAddrs)
                  00003b00    0000006c                   : sysctl.obj (.const:g_pui32Xtals)
                  00003b6c    00000040     FillPat.obj (.const:.string:rgbFillPat)
                  00003bac    00000030     ustdlib.obj (.const:g_psDaysToMonth)
                  00003bdc    00000018     ustdlib.obj (.const:g_pfExponents)
                  00003bf4    00000014     driverlib.lib : interrupt.obj (.const:g_pui32EnRegs)
                  00003c08    00000012     ustdlib.obj (.const:.string)
                  00003c1a    00000002     --HOLE-- [fill = 0]
                  00003c1c    00000004     ustdlib.obj (.const)

.cinit     0    00003c20    00000048     
                  00003c20    00000011     (.cinit..data.load) [load image, compression = lzss]
                  00003c31    00000003     --HOLE-- [fill = 0]
                  00003c34    0000000c     (__TI_handler_table)
                  00003c40    00000008     (.cinit..bss.load) [load image, compression = zero_init]
                  00003c48    00000008     (.cinit..vtable.load) [load image, compression = zero_init]
                  00003c50    00000018     (__TI_cinit_table)

.init_array 
*          0    00000000    00000000     UNINITIALIZED

.vtable    0    20000000    0000026c     UNINITIALIZED
                  20000000    0000026c     driverlib.lib : interrupt.obj (.vtable)

.bss       0    2000026c    00000375     UNINITIALIZED
                  2000026c    00000200     (.common:rgbOledBmp)
                  2000046c    00000100     (.common:rgbOledFontUser)
                  2000056c    00000014     display.obj (.bss:text_buffer)
                  20000580    00000010     (.common:g_inBuffer)
                  20000590    00000004     buttons.obj (.bss:buttonCount)
                  20000594    00000004     buttons.obj (.bss:buttonFlag)
                  20000598    00000004     buttons.obj (.bss:buttonNormal)
                  2000059c    00000004     buttons.obj (.bss:buttonState)
                  200005a0    00000004     (.common:bnOledCur)
                  200005a4    00000004     (.common:dxcoOledFontCur)
                  200005a8    00000004     (.common:dycoOledFontCur)
                  200005ac    00000004     (.common:fOledCharUpdate)
                  200005b0    00000004     (.common:modOledCur)
                  200005b4    00000004     (.common:pbOledCur)
                  200005b8    00000004     (.common:pbOledFontCur)
                  200005bc    00000004     (.common:pbOledFontUser)
                  200005c0    00000004     (.common:pbOledPatCur)
                  200005c4    00000004     (.common:pfnDoRop)
                  200005c8    00000004     (.common:xchOledCur)
                  200005cc    00000004     (.common:xchOledMax)
                  200005d0    00000004     (.common:xcoOledCur)
                  200005d4    00000004     (.common:ychOledCur)
                  200005d8    00000004     (.common:ychOledMax)
                  200005dc    00000004     (.common:ycoOledCur)
                  200005e0    00000001     (.common:clrOledCur)

.stack     0    200005e8    00000200     UNINITIALIZED
                  200005e8    00000004     rtsv7M4_T_le_v4SPD16_eabi.lib : boot_cortex_m.c.obj (.stack)
                  200005ec    000001fc     --HOLE--

.data      0    200007e8    00000020     UNINITIALIZED
                  200007e8    00000008     rtsv7M4_T_le_v4SPD16_eabi.lib : _lock.c.obj (.data:$O1$$)
                  200007f0    00000008                                   : memory.c.obj (.data:$O1$$)
                  200007f8    00000008     interrupt.obj (.data)
                  20000800    00000004     main.obj (.data)
                  20000804    00000004     ustdlib.obj (.data)

.sysmem    0    20000808    00000010     UNINITIALIZED
                  20000808    00000010     rtsv7M4_T_le_v4SPD16_eabi.lib : memory.c.obj (.sysmem)

__llvm_prf_cnts 
*          0    20000000    00000000     UNINITIALIZED

MODULE SUMMARY

       Module                         code    ro data   rw data
       ------                         ----    -------   -------
    .\
       ustdlib.obj                    3204    94        4      
       tm4c123gh6pm_startup_ccs.obj   12      620       0      
       buttons.obj                    544     0         16     
       display.obj                    296     0         20     
       interrupt.obj                  276     0         8      
       main.obj                       244     0         20     
       math_ops.obj                   224     0         0      
       buffer.obj                     184     0         0      
       ADC.obj                        176     0         0      
    +--+------------------------------+-------+---------+---------+
       Total:                         5160    714       68     
                                                               
    .\OrbitOLED\
       OrbitOLEDInterface.obj         68      0         0      
    +--+------------------------------+-------+---------+---------+
       Total:                         68      0         0      
                                                               
    .\OrbitOLED\lib_OrbitOled\
       OrbitOledGrph.obj              2384    0         8      
       OrbitOled.obj                  892     0         553    
       OrbitOledChar.obj              516     0         272    
       ChrFont0.obj                   0       768       0      
       delay.obj                      92      0         0      
       FillPat.obj                    0       64        0      
    +--+------------------------------+-------+---------+---------+
       Total:                         3884    832       833    
                                                               
    C:/Users/caleb/Desktop/TivaWare_C_Series-2.2.0.295/TivaWare_C_Series-2.2.0.295/driverlib/ccs/Debug/driverlib.lib
       gpio.obj                       764     552       0      
       interrupt.obj                  172     20        620    
       sysctl.obj                     582     108       0      
       adc.obj                        320     0         0      
       timer.obj                      120     0         0      
       ssi.obj                        106     0         0      
       systick.obj                    84      0         0      
       cpu.obj                        12      0         0      
    +--+------------------------------+-------+---------+---------+
       Total:                         2160    680       620    
                                                               
    C:\ti\ccs1220\ccs\tools\compiler\ti-cgt-arm_20.2.7.LTS\lib\rtsv7M4_T_le_v4SPD16_eabi.lib
       memory.c.obj                   728     0         8      
       fd_add_t2.asm.obj              438     0         0      
       memcpy_t2.asm.obj              156     0         0      
       memset_t2.asm.obj              122     0         0      
       copy_decompress_lzss.c.obj     104     0         0      
       fd_toi_t2.asm.obj              72      0         0      
       autoinit.c.obj                 68      0         0      
       u_divt2.asm.obj                64      0         0      
       boot_cortex_m.c.obj            52      0         0      
       i_tofd_t2.asm.obj              46      0         0      
       copy_decompress_none.c.obj     14      0         0      
       copy_zero_init.c.obj           12      0         0      
       _lock.c.obj                    2       0         8      
       exit.c.obj                     4       0         0      
       pre_init.c.obj                 4       0         0      
       div0.asm.obj                   2       0         0      
    +--+------------------------------+-------+---------+---------+
       Total:                         1888    0         16     
                                                               
       Heap:                          0       0         16     
       Stack:                         0       0         512    
       Linker Generated:              0       69        0      
    +--+------------------------------+-------+---------+---------+
       Grand Total:                   13160   2295      2065   


LINKER GENERATED COPY TABLES

__TI_cinit_table @ 00003c50 records: 3, size/record: 8, table size: 24
	.data: load addr=00003c20, load size=00000011 bytes, run addr=200007e8, run size=00000020 bytes, compression=lzss
	.bss: load addr=00003c40, load size=00000008 bytes, run addr=2000026c, run size=00000375 bytes, compression=zero_init
	.vtable: load addr=00003c48, load size=00000008 bytes, run addr=20000000, run size=0000026c bytes, compression=zero_init


LINKER GENERATED HANDLER TABLE

__TI_handler_table @ 00003c34 records: 3, size/record: 4, table size: 12
	index: 0, handler: __TI_zero_init
	index: 1, handler: __TI_decompress_lzss
	index: 2, handler: __TI_decompress_none


GLOBAL SYMBOLS: SORTED ALPHABETICALLY BY Name 

address   name                          
-------   ----                          
0000357b  ADCIntClear                   
000034e5  ADCIntEnable                  
00003447  ADCIntRegister                
0000345f  ADCProcessorTrigger           
000033d5  ADCSequenceDataGet            
00003515  ADCSequenceEnable             
00002d09  ADCSequenceStepConfigure      
00002bd5  ADC_init_handler              
000035d5  C$$EXIT                       
0000353f  CPUcpsie                      
00002f9d  DelayInit                     
00002fb7  DelayMs                       
0000337f  GPIODirModeSet                
000035b3  GPIOIntClear                  
0000354b  GPIOIntEnable                 
00003477  GPIOIntRegister               
00002ff9  GPIOIntTypeSet                
00002199  GPIOPadConfigSet              
000030a1  GPIOPinConfigure              
000035b9  GPIOPinRead                   
0000348f  GPIOPinTypeGPIOInput          
0000342d  GPIOPinTypeGPIOOutput         
000034a5  GPIOPinTypeSSI                
000035bf  GPIOPinWrite                  
00002e6d  IntEnable                     
000034f5  IntMasterEnable               
000032b5  IntRegister                   
0000315b  OLEDInitialise                
00003135  OLEDStringDraw                
00001f75  OrbitOledAdvanceCursor        
000017e1  OrbitOledClampXco             
00001801  OrbitOledClampYco             
00001a1d  OrbitOledClear                
00001a29  OrbitOledClearBuffer          
00001e45  OrbitOledDefUserChar          
00001999  OrbitOledDevInit              
00001623  OrbitOledDrawChar             
00001efd  OrbitOledDrawGlyph            
00000fe7  OrbitOledDrawPixel            
0000112d  OrbitOledDrawRect             
00001683  OrbitOledDrawString           
0000191f  OrbitOledDvrInit              
000011b1  OrbitOledFillRect             
000012f5  OrbitOledGetBmp               
00001ead  OrbitOledGetCharUpdate        
00001e29  OrbitOledGetCursor            
00000fe1  OrbitOledGetDrawMode          
00001013  OrbitOledGetPixel             
00000f37  OrbitOledGetPos               
00000f6b  OrbitOledGetStdPattern        
00001855  OrbitOledHostInit             
00001841  OrbitOledInit                 
0000102d  OrbitOledLineTo               
00001779  OrbitOledMoveDown             
000017af  OrbitOledMoveLeft             
000017c7  OrbitOledMoveRight            
00000ef1  OrbitOledMoveTo               
00001741  OrbitOledMoveUp               
00001455  OrbitOledPutBmp               
00001ab3  OrbitOledPutBuffer            
00001eb3  OrbitOledPutChar              
00001ed1  OrbitOledPutString            
000016ef  OrbitOledRopAnd               
000016cb  OrbitOledRopOr                
000016a1  OrbitOledRopSet               
00001713  OrbitOledRopXor               
00001e95  OrbitOledSetCharUpdate        
00001ddd  OrbitOledSetCursor            
00000f53  OrbitOledSetDrawColor         
00000f8d  OrbitOledSetDrawMode          
00000f7d  OrbitOledSetFillPattern       
00001a59  OrbitOledUpdate               
0000356f  ResetISR                      
000035a3  SSIBusy                       
000035c5  SSIClockSourceSet             
00003241  SSIConfigSetExpClk            
00003557  SSIDataGet                    
00003585  SSIDataPut                    
0000358f  SSIEnable                     
00001b19  Ssi3PutByte                   
0000242d  SysCtlClockGet                
00002759  SysCtlClockSet                
000035cb  SysCtlDelay                   
000032e9  SysCtlPeripheralEnable        
000034bd  SysTickEnable                 
000034d1  SysTickIntEnable              
000033f5  SysTickIntRegister            
00003505  SysTickPeriodSet              
00002f3d  TimerConfigure                
00003523  TimerEnable                   
00003599  TimerValueGet                 
200007e8  __STACK_END                   
00000200  __STACK_SIZE                  
200007e8  __STACK_TOP                   
00000010  __SYSMEM_SIZE                 
00003c50  __TI_CINIT_Base               
00003c68  __TI_CINIT_Limit              
00003c34  __TI_Handler_Table_Base       
00003c40  __TI_Handler_Table_Limit      
000031bd  __TI_auto_init_nobinit_nopinit
00002ed5  __TI_decompress_lzss          
00003531  __TI_decompress_none          
ffffffff  __TI_pprof_out_hndl           
ffffffff  __TI_prof_data_size           
ffffffff  __TI_prof_data_start          
00000000  __TI_static_base__            
00003563  __TI_zero_init                
000030ed  __aeabi_d2iz                  
00001feb  __aeabi_dadd                  
00001fe1  __aeabi_dsub                  
00003351  __aeabi_i2d                   
000033ab  __aeabi_idiv0                 
000033ab  __aeabi_ldiv0                 
00002d83  __aeabi_memclr                
00002d83  __aeabi_memclr4               
00002d83  __aeabi_memclr8               
00002c6d  __aeabi_memcpy                
00002c6d  __aeabi_memcpy4               
00002c6d  __aeabi_memcpy8               
00002d85  __aeabi_memset                
00002d85  __aeabi_memset4               
00002d85  __aeabi_memset8               
00003201  __aeabi_uidiv                 
00003201  __aeabi_uidivmod              
ffffffff  __binit__                     
ffffffff  __c_args__                    
UNDEFED   __mpu_init                    
200005e8  __stack                       
20000000  __start___llvm_prf_cnts       
20000000  __stop___llvm_prf_cnts        
0000331d  _c_int00_noargs               
200007e8  _lock                         
00002197  _nop                          
20000808  _sys_memory                   
UNDEFED   _system_post_cinit            
000035d1  _system_pre_init              
200007ec  _unlock                       
000035d5  abort                         
00002659  aligned_alloc                 
ffffffff  binit                         
200005a0  bnOledCur                     
00002a77  calc_percent                  
00002a25  calc_rounded_mean_avg         
00002ab5  calc_yaw_angle                
0000327d  calloc                        
00001d5f  check_button                  
200005e0  clrOledCur                    
200007fc  count                         
0000230d  displayBlank                  
00002341  displayFlight                 
200005a4  dxcoOledFontCur               
200005a8  dycoOledFontCur               
200005ac  fOledCharUpdate               
00002ad7  fixed_to_int                  
00002b97  flush_buff                    
00002941  free                          
20000580  g_inBuffer                    
20000000  g_pfnRAMVectors               
00000000  g_pfnVectors                  
20000800  g_ulSampCnt                   
0000263f  get_count                     
00002c1f  init_ADC                      
00002607  init_GPIO                     
00002b05  init_buff                     
00001bbd  init_buttons                  
00002bf3  init_clock                    
00002305  init_display                  
00002545  int_handler                   
0000284d  main                          
000035ab  malloc                        
00002659  memalign                      
00002c6d  memcpy                        
00002d8b  memset                        
200005b0  modOledCur                    
200005b4  pbOledCur                     
200005b8  pbOledFontCur                 
200005bc  pbOledFontUser                
200005c0  pbOledPatCur                  
200005c4  pfnDoRop                      
200007f8  prevPhase                     
00002b63  read_buff                     
00003b6c  rgbFillPat                    
2000026c  rgbOledBmp                    
000035d8  rgbOledFont0                  
2000046c  rgbOledFontUser               
00002bbd  sys_tick_int_handler          
00000751  ulocaltime                    
0000094f  umktime                       
00001c8b  update_buttons                
00000ec9  urand                         
00000721  usnprintf                     
000006ef  usprintf                      
00000eb9  usrand                        
00000e31  ustrcasecmp                   
00000ea5  ustrcmp                       
00000d35  ustrlen                       
00000d8d  ustrncasecmp                  
00000e45  ustrncmp                      
0000026d  ustrncpy                      
00000d57  ustrstr                       
00000afd  ustrtof                       
000009c5  ustrtoul                      
000002c5  uvsnprintf                    
00002b2f  write_buff                    
200005c8  xchOledCur                    
200005cc  xchOledMax                    
200005d0  xcoOledCur                    
200005d4  ychOledCur                    
200005d8  ychOledMax                    
200005dc  ycoOledCur                    


GLOBAL SYMBOLS: SORTED BY Symbol Address 

address   name                          
-------   ----                          
00000000  __TI_static_base__            
00000000  g_pfnVectors                  
00000010  __SYSMEM_SIZE                 
00000200  __STACK_SIZE                  
0000026d  ustrncpy                      
000002c5  uvsnprintf                    
000006ef  usprintf                      
00000721  usnprintf                     
00000751  ulocaltime                    
0000094f  umktime                       
000009c5  ustrtoul                      
00000afd  ustrtof                       
00000d35  ustrlen                       
00000d57  ustrstr                       
00000d8d  ustrncasecmp                  
00000e31  ustrcasecmp                   
00000e45  ustrncmp                      
00000ea5  ustrcmp                       
00000eb9  usrand                        
00000ec9  urand                         
00000ef1  OrbitOledMoveTo               
00000f37  OrbitOledGetPos               
00000f53  OrbitOledSetDrawColor         
00000f6b  OrbitOledGetStdPattern        
00000f7d  OrbitOledSetFillPattern       
00000f8d  OrbitOledSetDrawMode          
00000fe1  OrbitOledGetDrawMode          
00000fe7  OrbitOledDrawPixel            
00001013  OrbitOledGetPixel             
0000102d  OrbitOledLineTo               
0000112d  OrbitOledDrawRect             
000011b1  OrbitOledFillRect             
000012f5  OrbitOledGetBmp               
00001455  OrbitOledPutBmp               
00001623  OrbitOledDrawChar             
00001683  OrbitOledDrawString           
000016a1  OrbitOledRopSet               
000016cb  OrbitOledRopOr                
000016ef  OrbitOledRopAnd               
00001713  OrbitOledRopXor               
00001741  OrbitOledMoveUp               
00001779  OrbitOledMoveDown             
000017af  OrbitOledMoveLeft             
000017c7  OrbitOledMoveRight            
000017e1  OrbitOledClampXco             
00001801  OrbitOledClampYco             
00001841  OrbitOledInit                 
00001855  OrbitOledHostInit             
0000191f  OrbitOledDvrInit              
00001999  OrbitOledDevInit              
00001a1d  OrbitOledClear                
00001a29  OrbitOledClearBuffer          
00001a59  OrbitOledUpdate               
00001ab3  OrbitOledPutBuffer            
00001b19  Ssi3PutByte                   
00001bbd  init_buttons                  
00001c8b  update_buttons                
00001d5f  check_button                  
00001ddd  OrbitOledSetCursor            
00001e29  OrbitOledGetCursor            
00001e45  OrbitOledDefUserChar          
00001e95  OrbitOledSetCharUpdate        
00001ead  OrbitOledGetCharUpdate        
00001eb3  OrbitOledPutChar              
00001ed1  OrbitOledPutString            
00001efd  OrbitOledDrawGlyph            
00001f75  OrbitOledAdvanceCursor        
00001fe1  __aeabi_dsub                  
00001feb  __aeabi_dadd                  
00002197  _nop                          
00002199  GPIOPadConfigSet              
00002305  init_display                  
0000230d  displayBlank                  
00002341  displayFlight                 
0000242d  SysCtlClockGet                
00002545  int_handler                   
00002607  init_GPIO                     
0000263f  get_count                     
00002659  aligned_alloc                 
00002659  memalign                      
00002759  SysCtlClockSet                
0000284d  main                          
00002941  free                          
00002a25  calc_rounded_mean_avg         
00002a77  calc_percent                  
00002ab5  calc_yaw_angle                
00002ad7  fixed_to_int                  
00002b05  init_buff                     
00002b2f  write_buff                    
00002b63  read_buff                     
00002b97  flush_buff                    
00002bbd  sys_tick_int_handler          
00002bd5  ADC_init_handler              
00002bf3  init_clock                    
00002c1f  init_ADC                      
00002c6d  __aeabi_memcpy                
00002c6d  __aeabi_memcpy4               
00002c6d  __aeabi_memcpy8               
00002c6d  memcpy                        
00002d09  ADCSequenceStepConfigure      
00002d83  __aeabi_memclr                
00002d83  __aeabi_memclr4               
00002d83  __aeabi_memclr8               
00002d85  __aeabi_memset                
00002d85  __aeabi_memset4               
00002d85  __aeabi_memset8               
00002d8b  memset                        
00002e6d  IntEnable                     
00002ed5  __TI_decompress_lzss          
00002f3d  TimerConfigure                
00002f9d  DelayInit                     
00002fb7  DelayMs                       
00002ff9  GPIOIntTypeSet                
000030a1  GPIOPinConfigure              
000030ed  __aeabi_d2iz                  
00003135  OLEDStringDraw                
0000315b  OLEDInitialise                
000031bd  __TI_auto_init_nobinit_nopinit
00003201  __aeabi_uidiv                 
00003201  __aeabi_uidivmod              
00003241  SSIConfigSetExpClk            
0000327d  calloc                        
000032b5  IntRegister                   
000032e9  SysCtlPeripheralEnable        
0000331d  _c_int00_noargs               
00003351  __aeabi_i2d                   
0000337f  GPIODirModeSet                
000033ab  __aeabi_idiv0                 
000033ab  __aeabi_ldiv0                 
000033d5  ADCSequenceDataGet            
000033f5  SysTickIntRegister            
0000342d  GPIOPinTypeGPIOOutput         
00003447  ADCIntRegister                
0000345f  ADCProcessorTrigger           
00003477  GPIOIntRegister               
0000348f  GPIOPinTypeGPIOInput          
000034a5  GPIOPinTypeSSI                
000034bd  SysTickEnable                 
000034d1  SysTickIntEnable              
000034e5  ADCIntEnable                  
000034f5  IntMasterEnable               
00003505  SysTickPeriodSet              
00003515  ADCSequenceEnable             
00003523  TimerEnable                   
00003531  __TI_decompress_none          
0000353f  CPUcpsie                      
0000354b  GPIOIntEnable                 
00003557  SSIDataGet                    
00003563  __TI_zero_init                
0000356f  ResetISR                      
0000357b  ADCIntClear                   
00003585  SSIDataPut                    
0000358f  SSIEnable                     
00003599  TimerValueGet                 
000035a3  SSIBusy                       
000035ab  malloc                        
000035b3  GPIOIntClear                  
000035b9  GPIOPinRead                   
000035bf  GPIOPinWrite                  
000035c5  SSIClockSourceSet             
000035cb  SysCtlDelay                   
000035d1  _system_pre_init              
000035d5  C$$EXIT                       
000035d5  abort                         
000035d8  rgbOledFont0                  
00003b6c  rgbFillPat                    
00003c34  __TI_Handler_Table_Base       
00003c40  __TI_Handler_Table_Limit      
00003c50  __TI_CINIT_Base               
00003c68  __TI_CINIT_Limit              
20000000  __start___llvm_prf_cnts       
20000000  __stop___llvm_prf_cnts        
20000000  g_pfnRAMVectors               
2000026c  rgbOledBmp                    
2000046c  rgbOledFontUser               
20000580  g_inBuffer                    
200005a0  bnOledCur                     
200005a4  dxcoOledFontCur               
200005a8  dycoOledFontCur               
200005ac  fOledCharUpdate               
200005b0  modOledCur                    
200005b4  pbOledCur                     
200005b8  pbOledFontCur                 
200005bc  pbOledFontUser                
200005c0  pbOledPatCur                  
200005c4  pfnDoRop                      
200005c8  xchOledCur                    
200005cc  xchOledMax                    
200005d0  xcoOledCur                    
200005d4  ychOledCur                    
200005d8  ychOledMax                    
200005dc  ycoOledCur                    
200005e0  clrOledCur                    
200005e8  __stack                       
200007e8  __STACK_END                   
200007e8  __STACK_TOP                   
200007e8  _lock                         
200007ec  _unlock                       
200007f8  prevPhase                     
200007fc  count                         
20000800  g_ulSampCnt                   
20000808  _sys_memory                   
ffffffff  __TI_pprof_out_hndl           
ffffffff  __TI_prof_data_size           
ffffffff  __TI_prof_data_start          
ffffffff  __binit__                     
ffffffff  __c_args__                    
ffffffff  binit                         
UNDEFED   __mpu_init                    
UNDEFED   _system_post_cinit            

[210 symbols]
