<?xml version="1.0" encoding="ISO-8859-1" ?>
<link_info>
   <banner>TI ARM Linker PC v20.2.7.LTS</banner>
   <copyright>Copyright (c) 1996-2018 Texas Instruments Incorporated</copyright>
   <link_time>0x6469e4ab</link_time>
   <link_errors>0x0</link_errors>
   <output_file>temp_milestone_3.out</output_file>
   <entry_point>
      <name>_c_int00_noargs</name>
      <address>0x3d39</address>
   </entry_point>
   <input_file_list>
      <input_file id="fl-2">
         <path>.\</path>
         <kind>object</kind>
         <file>PID_controller.obj</file>
         <name>PID_controller.obj</name>
      </input_file>
      <input_file id="fl-3">
         <path>.\</path>
         <kind>object</kind>
         <file>UART.obj</file>
         <name>UART.obj</name>
      </input_file>
      <input_file id="fl-4">
         <path>.\</path>
         <kind>object</kind>
         <file>altitude.obj</file>
         <name>altitude.obj</name>
      </input_file>
      <input_file id="fl-5">
         <path>.\</path>
         <kind>object</kind>
         <file>buffer.obj</file>
         <name>buffer.obj</name>
      </input_file>
      <input_file id="fl-6">
         <path>.\</path>
         <kind>object</kind>
         <file>buttons.obj</file>
         <name>buttons.obj</name>
      </input_file>
      <input_file id="fl-7">
         <path>.\</path>
         <kind>object</kind>
         <file>display.obj</file>
         <name>display.obj</name>
      </input_file>
      <input_file id="fl-8">
         <path>.\</path>
         <kind>object</kind>
         <file>flight_mode.obj</file>
         <name>flight_mode.obj</name>
      </input_file>
      <input_file id="fl-9">
         <path>.\</path>
         <kind>object</kind>
         <file>helicopter_controller.obj</file>
         <name>helicopter_controller.obj</name>
      </input_file>
      <input_file id="fl-a">
         <path>.\</path>
         <kind>object</kind>
         <file>reset.obj</file>
         <name>reset.obj</name>
      </input_file>
      <input_file id="fl-b">
         <path>.\</path>
         <kind>object</kind>
         <file>rotors.obj</file>
         <name>rotors.obj</name>
      </input_file>
      <input_file id="fl-c">
         <path>.\</path>
         <kind>object</kind>
         <file>switch.obj</file>
         <name>switch.obj</name>
      </input_file>
      <input_file id="fl-d">
         <path>.\</path>
         <kind>object</kind>
         <file>tm4c123gh6pm_startup_ccs.obj</file>
         <name>tm4c123gh6pm_startup_ccs.obj</name>
      </input_file>
      <input_file id="fl-e">
         <path>.\</path>
         <kind>object</kind>
         <file>ustdlib.obj</file>
         <name>ustdlib.obj</name>
      </input_file>
      <input_file id="fl-f">
         <path>.\</path>
         <kind>object</kind>
         <file>yaw.obj</file>
         <name>yaw.obj</name>
      </input_file>
      <input_file id="fl-10">
         <path>.\OrbitOLED\</path>
         <kind>object</kind>
         <file>OrbitOLEDInterface.obj</file>
         <name>OrbitOLEDInterface.obj</name>
      </input_file>
      <input_file id="fl-11">
         <path>.\OrbitOLED\lib_OrbitOled\</path>
         <kind>object</kind>
         <file>ChrFont0.obj</file>
         <name>ChrFont0.obj</name>
      </input_file>
      <input_file id="fl-12">
         <path>.\OrbitOLED\lib_OrbitOled\</path>
         <kind>object</kind>
         <file>FillPat.obj</file>
         <name>FillPat.obj</name>
      </input_file>
      <input_file id="fl-13">
         <path>.\OrbitOLED\lib_OrbitOled\</path>
         <kind>object</kind>
         <file>OrbitOled.obj</file>
         <name>OrbitOled.obj</name>
      </input_file>
      <input_file id="fl-14">
         <path>.\OrbitOLED\lib_OrbitOled\</path>
         <kind>object</kind>
         <file>OrbitOledChar.obj</file>
         <name>OrbitOledChar.obj</name>
      </input_file>
      <input_file id="fl-15">
         <path>.\OrbitOLED\lib_OrbitOled\</path>
         <kind>object</kind>
         <file>OrbitOledGrph.obj</file>
         <name>OrbitOledGrph.obj</name>
      </input_file>
      <input_file id="fl-16">
         <path>.\OrbitOLED\lib_OrbitOled\</path>
         <kind>object</kind>
         <file>delay.obj</file>
         <name>delay.obj</name>
      </input_file>
      <input_file id="fl-1b">
         <kind>object</kind>
         <file>&lt;internal&gt;</file>
         <name>&lt;internal&gt;</name>
      </input_file>
      <input_file id="fl-1c">
         <path>C:\Users\caleb\Desktop\TivaWare_C_Series-2.2.0.295\TivaWare_C_Series-2.2.0.295\driverlib\ccs\Debug\</path>
         <kind>archive</kind>
         <file>driverlib.lib</file>
         <name>adc.obj</name>
      </input_file>
      <input_file id="fl-1d">
         <path>C:\Users\caleb\Desktop\TivaWare_C_Series-2.2.0.295\TivaWare_C_Series-2.2.0.295\driverlib\ccs\Debug\</path>
         <kind>archive</kind>
         <file>driverlib.lib</file>
         <name>gpio.obj</name>
      </input_file>
      <input_file id="fl-1e">
         <path>C:\Users\caleb\Desktop\TivaWare_C_Series-2.2.0.295\TivaWare_C_Series-2.2.0.295\driverlib\ccs\Debug\</path>
         <kind>archive</kind>
         <file>driverlib.lib</file>
         <name>interrupt.obj</name>
      </input_file>
      <input_file id="fl-1f">
         <path>C:\Users\caleb\Desktop\TivaWare_C_Series-2.2.0.295\TivaWare_C_Series-2.2.0.295\driverlib\ccs\Debug\</path>
         <kind>archive</kind>
         <file>driverlib.lib</file>
         <name>pwm.obj</name>
      </input_file>
      <input_file id="fl-20">
         <path>C:\Users\caleb\Desktop\TivaWare_C_Series-2.2.0.295\TivaWare_C_Series-2.2.0.295\driverlib\ccs\Debug\</path>
         <kind>archive</kind>
         <file>driverlib.lib</file>
         <name>ssi.obj</name>
      </input_file>
      <input_file id="fl-21">
         <path>C:\Users\caleb\Desktop\TivaWare_C_Series-2.2.0.295\TivaWare_C_Series-2.2.0.295\driverlib\ccs\Debug\</path>
         <kind>archive</kind>
         <file>driverlib.lib</file>
         <name>sysctl.obj</name>
      </input_file>
      <input_file id="fl-22">
         <path>C:\Users\caleb\Desktop\TivaWare_C_Series-2.2.0.295\TivaWare_C_Series-2.2.0.295\driverlib\ccs\Debug\</path>
         <kind>archive</kind>
         <file>driverlib.lib</file>
         <name>systick.obj</name>
      </input_file>
      <input_file id="fl-23">
         <path>C:\Users\caleb\Desktop\TivaWare_C_Series-2.2.0.295\TivaWare_C_Series-2.2.0.295\driverlib\ccs\Debug\</path>
         <kind>archive</kind>
         <file>driverlib.lib</file>
         <name>timer.obj</name>
      </input_file>
      <input_file id="fl-24">
         <path>C:\Users\caleb\Desktop\TivaWare_C_Series-2.2.0.295\TivaWare_C_Series-2.2.0.295\driverlib\ccs\Debug\</path>
         <kind>archive</kind>
         <file>driverlib.lib</file>
         <name>uart.obj</name>
      </input_file>
      <input_file id="fl-25">
         <path>C:\Users\caleb\Desktop\TivaWare_C_Series-2.2.0.295\TivaWare_C_Series-2.2.0.295\driverlib\ccs\Debug\</path>
         <kind>archive</kind>
         <file>driverlib.lib</file>
         <name>cpu.obj</name>
      </input_file>
      <input_file id="fl-db">
         <path>C:\ti\ccs1220\ccs\tools\compiler\ti-cgt-arm_20.2.7.LTS\lib\</path>
         <kind>archive</kind>
         <file>rtsv7M4_T_le_v4SPD16_eabi.lib</file>
         <name>fd_add_t2.asm.obj</name>
      </input_file>
      <input_file id="fl-dc">
         <path>C:\ti\ccs1220\ccs\tools\compiler\ti-cgt-arm_20.2.7.LTS\lib\</path>
         <kind>archive</kind>
         <file>rtsv7M4_T_le_v4SPD16_eabi.lib</file>
         <name>fd_mul_t2.asm.obj</name>
      </input_file>
      <input_file id="fl-dd">
         <path>C:\ti\ccs1220\ccs\tools\compiler\ti-cgt-arm_20.2.7.LTS\lib\</path>
         <kind>archive</kind>
         <file>rtsv7M4_T_le_v4SPD16_eabi.lib</file>
         <name>fd_toi_t2.asm.obj</name>
      </input_file>
      <input_file id="fl-de">
         <path>C:\ti\ccs1220\ccs\tools\compiler\ti-cgt-arm_20.2.7.LTS\lib\</path>
         <kind>archive</kind>
         <file>rtsv7M4_T_le_v4SPD16_eabi.lib</file>
         <name>i_tofd_t2.asm.obj</name>
      </input_file>
      <input_file id="fl-df">
         <path>C:\ti\ccs1220\ccs\tools\compiler\ti-cgt-arm_20.2.7.LTS\lib\</path>
         <kind>archive</kind>
         <file>rtsv7M4_T_le_v4SPD16_eabi.lib</file>
         <name>u_divt2.asm.obj</name>
      </input_file>
      <input_file id="fl-e0">
         <path>C:\ti\ccs1220\ccs\tools\compiler\ti-cgt-arm_20.2.7.LTS\lib\</path>
         <kind>archive</kind>
         <file>rtsv7M4_T_le_v4SPD16_eabi.lib</file>
         <name>copy_zero_init.c.obj</name>
      </input_file>
      <input_file id="fl-e1">
         <path>C:\ti\ccs1220\ccs\tools\compiler\ti-cgt-arm_20.2.7.LTS\lib\</path>
         <kind>archive</kind>
         <file>rtsv7M4_T_le_v4SPD16_eabi.lib</file>
         <name>copy_decompress_none.c.obj</name>
      </input_file>
      <input_file id="fl-e2">
         <path>C:\ti\ccs1220\ccs\tools\compiler\ti-cgt-arm_20.2.7.LTS\lib\</path>
         <kind>archive</kind>
         <file>rtsv7M4_T_le_v4SPD16_eabi.lib</file>
         <name>copy_decompress_lzss.c.obj</name>
      </input_file>
      <input_file id="fl-e3">
         <path>C:\ti\ccs1220\ccs\tools\compiler\ti-cgt-arm_20.2.7.LTS\lib\</path>
         <kind>archive</kind>
         <file>rtsv7M4_T_le_v4SPD16_eabi.lib</file>
         <name>memory.c.obj</name>
      </input_file>
      <input_file id="fl-e4">
         <path>C:\ti\ccs1220\ccs\tools\compiler\ti-cgt-arm_20.2.7.LTS\lib\</path>
         <kind>archive</kind>
         <file>rtsv7M4_T_le_v4SPD16_eabi.lib</file>
         <name>boot_cortex_m.c.obj</name>
      </input_file>
      <input_file id="fl-e5">
         <path>C:\ti\ccs1220\ccs\tools\compiler\ti-cgt-arm_20.2.7.LTS\lib\</path>
         <kind>archive</kind>
         <file>rtsv7M4_T_le_v4SPD16_eabi.lib</file>
         <name>div0.asm.obj</name>
      </input_file>
      <input_file id="fl-e6">
         <path>C:\ti\ccs1220\ccs\tools\compiler\ti-cgt-arm_20.2.7.LTS\lib\</path>
         <kind>archive</kind>
         <file>rtsv7M4_T_le_v4SPD16_eabi.lib</file>
         <name>memcpy_t2.asm.obj</name>
      </input_file>
      <input_file id="fl-e7">
         <path>C:\ti\ccs1220\ccs\tools\compiler\ti-cgt-arm_20.2.7.LTS\lib\</path>
         <kind>archive</kind>
         <file>rtsv7M4_T_le_v4SPD16_eabi.lib</file>
         <name>memset_t2.asm.obj</name>
      </input_file>
      <input_file id="fl-e8">
         <path>C:\ti\ccs1220\ccs\tools\compiler\ti-cgt-arm_20.2.7.LTS\lib\</path>
         <kind>archive</kind>
         <file>rtsv7M4_T_le_v4SPD16_eabi.lib</file>
         <name>autoinit.c.obj</name>
      </input_file>
      <input_file id="fl-e9">
         <path>C:\ti\ccs1220\ccs\tools\compiler\ti-cgt-arm_20.2.7.LTS\lib\</path>
         <kind>archive</kind>
         <file>rtsv7M4_T_le_v4SPD16_eabi.lib</file>
         <name>pre_init.c.obj</name>
      </input_file>
      <input_file id="fl-ea">
         <path>C:\ti\ccs1220\ccs\tools\compiler\ti-cgt-arm_20.2.7.LTS\lib\</path>
         <kind>archive</kind>
         <file>rtsv7M4_T_le_v4SPD16_eabi.lib</file>
         <name>cpy_tbl.c.obj</name>
      </input_file>
      <input_file id="fl-eb">
         <path>C:\ti\ccs1220\ccs\tools\compiler\ti-cgt-arm_20.2.7.LTS\lib\</path>
         <kind>archive</kind>
         <file>rtsv7M4_T_le_v4SPD16_eabi.lib</file>
         <name>exit.c.obj</name>
      </input_file>
      <input_file id="fl-ec">
         <path>C:\ti\ccs1220\ccs\tools\compiler\ti-cgt-arm_20.2.7.LTS\lib\</path>
         <kind>archive</kind>
         <file>rtsv7M4_T_le_v4SPD16_eabi.lib</file>
         <name>_lock.c.obj</name>
      </input_file>
      <input_file id="fl-ed">
         <path>C:\ti\ccs1220\ccs\tools\compiler\ti-cgt-arm_20.2.7.LTS\lib\</path>
         <kind>archive</kind>
         <file>rtsv7M4_T_le_v4SPD16_eabi.lib</file>
         <name>args_main.c.obj</name>
      </input_file>
   </input_file_list>
   <object_component_list>
      <object_component id="oc-12">
         <name>.intvecs</name>
         <load_address>0x0</load_address>
         <run_address>0x0</run_address>
         <size>0x26c</size>
         <input_file_ref idref="fl-d"/>
      </object_component>
      <object_component id="oc-1f0">
         <name>.text</name>
         <load_address>0x26c</load_address>
         <run_address>0x26c</run_address>
         <size>0xc84</size>
         <input_file_ref idref="fl-e"/>
      </object_component>
      <object_component id="oc-3ef">
         <name>.text</name>
         <load_address>0xef0</load_address>
         <run_address>0xef0</run_address>
         <size>0x950</size>
         <input_file_ref idref="fl-15"/>
      </object_component>
      <object_component id="oc-331">
         <name>.text</name>
         <load_address>0x1840</load_address>
         <run_address>0x1840</run_address>
         <size>0x37c</size>
         <input_file_ref idref="fl-13"/>
      </object_component>
      <object_component id="oc-120">
         <name>.text</name>
         <load_address>0x1bbc</load_address>
         <run_address>0x1bbc</run_address>
         <size>0x220</size>
         <input_file_ref idref="fl-6"/>
      </object_component>
      <object_component id="oc-10e">
         <name>.text</name>
         <load_address>0x1ddc</load_address>
         <run_address>0x1ddc</run_address>
         <size>0x218</size>
         <input_file_ref idref="fl-f"/>
      </object_component>
      <object_component id="oc-32b">
         <name>.text</name>
         <load_address>0x1ff4</load_address>
         <run_address>0x1ff4</run_address>
         <size>0x204</size>
         <input_file_ref idref="fl-14"/>
      </object_component>
      <object_component id="oc-11a">
         <name>.text</name>
         <load_address>0x21f8</load_address>
         <run_address>0x21f8</run_address>
         <size>0x1d8</size>
         <input_file_ref idref="fl-b"/>
      </object_component>
      <object_component id="oc-132">
         <name>.text</name>
         <load_address>0x23d0</load_address>
         <run_address>0x23d0</run_address>
         <size>0x1b8</size>
         <input_file_ref idref="fl-3"/>
      </object_component>
      <object_component id="oc-1b2">
         <name>.text</name>
         <load_address>0x2588</load_address>
         <run_address>0x2588</run_address>
         <size>0x1b6</size>
         <input_file_ref idref="fl-db"/>
      </object_component>
      <object_component id="oc-3c7">
         <name>.text:_nop</name>
         <load_address>0x273e</load_address>
         <run_address>0x273e</run_address>
         <size>0x2</size>
         <input_file_ref idref="fl-ec"/>
      </object_component>
      <object_component id="oc-13e">
         <name>.text</name>
         <load_address>0x2740</load_address>
         <run_address>0x2740</run_address>
         <size>0x190</size>
         <input_file_ref idref="fl-8"/>
      </object_component>
      <object_component id="oc-102">
         <name>.text</name>
         <load_address>0x28d0</load_address>
         <run_address>0x28d0</run_address>
         <size>0x180</size>
         <input_file_ref idref="fl-4"/>
      </object_component>
      <object_component id="oc-2bb">
         <name>.text</name>
         <load_address>0x2a50</load_address>
         <run_address>0x2a50</run_address>
         <size>0x17c</size>
         <input_file_ref idref="fl-2"/>
      </object_component>
      <object_component id="oc-267">
         <name>.text:GPIOPadConfigSet</name>
         <load_address>0x2bcc</load_address>
         <run_address>0x2bcc</run_address>
         <size>0x16c</size>
         <input_file_ref idref="fl-1d"/>
      </object_component>
      <object_component id="oc-a2">
         <name>.text</name>
         <load_address>0x2d38</load_address>
         <run_address>0x2d38</run_address>
         <size>0x134</size>
         <input_file_ref idref="fl-9"/>
      </object_component>
      <object_component id="oc-108">
         <name>.text</name>
         <load_address>0x2e6c</load_address>
         <run_address>0x2e6c</run_address>
         <size>0x124</size>
         <input_file_ref idref="fl-7"/>
      </object_component>
      <object_component id="oc-e4">
         <name>.text:SysCtlClockGet</name>
         <load_address>0x2f90</load_address>
         <run_address>0x2f90</run_address>
         <size>0x118</size>
         <input_file_ref idref="fl-21"/>
      </object_component>
      <object_component id="oc-469">
         <name>.text:aligned_alloc</name>
         <load_address>0x30a8</load_address>
         <run_address>0x30a8</run_address>
         <size>0x100</size>
         <input_file_ref idref="fl-e3"/>
      </object_component>
      <object_component id="oc-3b1">
         <name>.text</name>
         <load_address>0x31a8</load_address>
         <run_address>0x31a8</run_address>
         <size>0xfc</size>
         <input_file_ref idref="fl-dc"/>
      </object_component>
      <object_component id="oc-dd">
         <name>.text:SysCtlClockSet</name>
         <load_address>0x32a4</load_address>
         <run_address>0x32a4</run_address>
         <size>0xf4</size>
         <input_file_ref idref="fl-21"/>
      </object_component>
      <object_component id="oc-22b">
         <name>.text:free</name>
         <load_address>0x3398</load_address>
         <run_address>0x3398</run_address>
         <size>0xe4</size>
         <input_file_ref idref="fl-e3"/>
      </object_component>
      <object_component id="oc-114">
         <name>.text</name>
         <load_address>0x347c</load_address>
         <run_address>0x347c</run_address>
         <size>0xb8</size>
         <input_file_ref idref="fl-5"/>
      </object_component>
      <object_component id="oc-126">
         <name>.text</name>
         <load_address>0x3534</load_address>
         <run_address>0x3534</run_address>
         <size>0xa4</size>
         <input_file_ref idref="fl-c"/>
      </object_component>
      <object_component id="oc-3e">
         <name>.text</name>
         <load_address>0x35d8</load_address>
         <run_address>0x35d8</run_address>
         <size>0x9c</size>
         <input_file_ref idref="fl-e6"/>
      </object_component>
      <object_component id="oc-1c2">
         <name>.text:ADCSequenceStepConfigure</name>
         <load_address>0x3674</load_address>
         <run_address>0x3674</run_address>
         <size>0x7a</size>
         <input_file_ref idref="fl-1c"/>
      </object_component>
      <object_component id="oc-96">
         <name>.text</name>
         <load_address>0x36ee</load_address>
         <run_address>0x36ee</run_address>
         <size>0x7a</size>
         <input_file_ref idref="fl-e7"/>
      </object_component>
      <object_component id="oc-4c6">
         <name>.text:split</name>
         <load_address>0x3768</load_address>
         <run_address>0x3768</run_address>
         <size>0x70</size>
         <input_file_ref idref="fl-e3"/>
      </object_component>
      <object_component id="oc-31f">
         <name>.text:IntEnable</name>
         <load_address>0x37d8</load_address>
         <run_address>0x37d8</run_address>
         <size>0x68</size>
         <input_file_ref idref="fl-1e"/>
      </object_component>
      <object_component id="oc-15">
         <name>.text:decompress:lzss:__TI_decompress_lzss</name>
         <load_address>0x3840</load_address>
         <run_address>0x3840</run_address>
         <size>0x68</size>
         <input_file_ref idref="fl-e2"/>
      </object_component>
      <object_component id="oc-12c">
         <name>.text</name>
         <load_address>0x38a8</load_address>
         <run_address>0x38a8</run_address>
         <size>0x68</size>
         <input_file_ref idref="fl-a"/>
      </object_component>
      <object_component id="oc-49e">
         <name>.text:TimerConfigure</name>
         <load_address>0x3910</load_address>
         <run_address>0x3910</run_address>
         <size>0x60</size>
         <input_file_ref idref="fl-23"/>
      </object_component>
      <object_component id="oc-404">
         <name>.text</name>
         <load_address>0x3970</load_address>
         <run_address>0x3970</run_address>
         <size>0x5c</size>
         <input_file_ref idref="fl-16"/>
      </object_component>
      <object_component id="oc-212">
         <name>.text:GPIOIntTypeSet</name>
         <load_address>0x39cc</load_address>
         <run_address>0x39cc</run_address>
         <size>0x58</size>
         <input_file_ref idref="fl-1d"/>
      </object_component>
      <object_component id="oc-319">
         <name>.text:_ADCIntNumberGet</name>
         <load_address>0x3a24</load_address>
         <run_address>0x3a24</run_address>
         <size>0x50</size>
         <input_file_ref idref="fl-1c"/>
      </object_component>
      <object_component id="oc-233">
         <name>.text:GPIOPinConfigure</name>
         <load_address>0x3a74</load_address>
         <run_address>0x3a74</run_address>
         <size>0x4c</size>
         <input_file_ref idref="fl-1d"/>
      </object_component>
      <object_component id="oc-1b7">
         <name>.text</name>
         <load_address>0x3ac0</load_address>
         <run_address>0x3ac0</run_address>
         <size>0x48</size>
         <input_file_ref idref="fl-dd"/>
      </object_component>
      <object_component id="oc-298">
         <name>.text:UARTConfigSetExpClk</name>
         <load_address>0x3b08</load_address>
         <run_address>0x3b08</run_address>
         <size>0x46</size>
         <input_file_ref idref="fl-24"/>
      </object_component>
      <object_component id="oc-44d">
         <name>.text</name>
         <load_address>0x3b4e</load_address>
         <run_address>0x3b4e</run_address>
         <size>0x2</size>
         <input_file_ref idref="fl-e5"/>
      </object_component>
      <object_component id="oc-1ea">
         <name>.text</name>
         <load_address>0x3b50</load_address>
         <run_address>0x3b50</run_address>
         <size>0x44</size>
         <input_file_ref idref="fl-10"/>
      </object_component>
      <object_component id="oc-35d">
         <name>.text:_GPIOIntNumberGet</name>
         <load_address>0x3b94</load_address>
         <run_address>0x3b94</run_address>
         <size>0x44</size>
         <input_file_ref idref="fl-1d"/>
      </object_component>
      <object_component id="oc-15c">
         <name>.text:__TI_auto_init_nobinit_nopinit:__TI_auto_init_nobinit_nopinit</name>
         <load_address>0x3bd8</load_address>
         <run_address>0x3bd8</run_address>
         <size>0x44</size>
         <input_file_ref idref="fl-e8"/>
      </object_component>
      <object_component id="oc-339">
         <name>.text</name>
         <load_address>0x3c1c</load_address>
         <run_address>0x3c1c</run_address>
         <size>0x40</size>
         <input_file_ref idref="fl-df"/>
      </object_component>
      <object_component id="oc-416">
         <name>.text:SSIConfigSetExpClk</name>
         <load_address>0x3c5c</load_address>
         <run_address>0x3c5c</run_address>
         <size>0x3c</size>
         <input_file_ref idref="fl-20"/>
      </object_component>
      <object_component id="oc-225">
         <name>.text:calloc</name>
         <load_address>0x3c98</load_address>
         <run_address>0x3c98</run_address>
         <size>0x38</size>
         <input_file_ref idref="fl-e3"/>
      </object_component>
      <object_component id="oc-1a4">
         <name>.text:IntRegister</name>
         <load_address>0x3cd0</load_address>
         <run_address>0x3cd0</run_address>
         <size>0x34</size>
         <input_file_ref idref="fl-1e"/>
      </object_component>
      <object_component id="oc-1bc">
         <name>.text:SysCtlPeripheralEnable</name>
         <load_address>0x3d04</load_address>
         <run_address>0x3d04</run_address>
         <size>0x34</size>
         <input_file_ref idref="fl-21"/>
      </object_component>
      <object_component id="oc-5c">
         <name>.text:_c_int00_noargs:_c_int00_noargs</name>
         <load_address>0x3d38</load_address>
         <run_address>0x3d38</run_address>
         <size>0x34</size>
         <input_file_ref idref="fl-e4"/>
      </object_component>
      <object_component id="oc-1ad">
         <name>.text</name>
         <load_address>0x3d6c</load_address>
         <run_address>0x3d6c</run_address>
         <size>0x2e</size>
         <input_file_ref idref="fl-de"/>
      </object_component>
      <object_component id="oc-28b">
         <name>.text:GPIODirModeSet</name>
         <load_address>0x3d9a</load_address>
         <run_address>0x3d9a</run_address>
         <size>0x2c</size>
         <input_file_ref idref="fl-1d"/>
      </object_component>
      <object_component id="oc-377">
         <name>.text:free_list_insert</name>
         <load_address>0x3dc8</load_address>
         <run_address>0x3dc8</run_address>
         <size>0x28</size>
         <input_file_ref idref="fl-e3"/>
      </object_component>
      <object_component id="oc-23f">
         <name>.text:PWMGenConfigure</name>
         <load_address>0x3df0</load_address>
         <run_address>0x3df0</run_address>
         <size>0x22</size>
         <input_file_ref idref="fl-1f"/>
      </object_component>
      <object_component id="oc-3a3">
         <name>.text:UARTDisable</name>
         <load_address>0x3e14</load_address>
         <run_address>0x3e14</run_address>
         <size>0x20</size>
         <input_file_ref idref="fl-24"/>
      </object_component>
      <object_component id="oc-1da">
         <name>.text:ADCSequenceDataGet</name>
         <load_address>0x3e34</load_address>
         <run_address>0x3e34</run_address>
         <size>0x1e</size>
         <input_file_ref idref="fl-1c"/>
      </object_component>
      <object_component id="oc-257">
         <name>.text:PWMPulseWidthSet</name>
         <load_address>0x3e52</load_address>
         <run_address>0x3e52</run_address>
         <size>0x1e</size>
         <input_file_ref idref="fl-1f"/>
      </object_component>
      <object_component id="oc-f0">
         <name>.text:SysTickIntRegister</name>
         <load_address>0x3e70</load_address>
         <run_address>0x3e70</run_address>
         <size>0x1c</size>
         <input_file_ref idref="fl-22"/>
      </object_component>
      <object_component id="oc-371">
         <name>.text:free_list_remove</name>
         <load_address>0x3e8c</load_address>
         <run_address>0x3e8c</run_address>
         <size>0x1c</size>
         <input_file_ref idref="fl-e3"/>
      </object_component>
      <object_component id="oc-428">
         <name>.text:GPIOPinTypeGPIOOutput</name>
         <load_address>0x3ea8</load_address>
         <run_address>0x3ea8</run_address>
         <size>0x1a</size>
         <input_file_ref idref="fl-1d"/>
      </object_component>
      <object_component id="oc-1ce">
         <name>.text:ADCIntRegister</name>
         <load_address>0x3ec2</load_address>
         <run_address>0x3ec2</run_address>
         <size>0x18</size>
         <input_file_ref idref="fl-1c"/>
      </object_component>
      <object_component id="oc-d7">
         <name>.text:ADCProcessorTrigger</name>
         <load_address>0x3eda</load_address>
         <run_address>0x3eda</run_address>
         <size>0x18</size>
         <input_file_ref idref="fl-1c"/>
      </object_component>
      <object_component id="oc-20c">
         <name>.text:GPIOIntRegister</name>
         <load_address>0x3ef2</load_address>
         <run_address>0x3ef2</run_address>
         <size>0x18</size>
         <input_file_ref idref="fl-1d"/>
      </object_component>
      <object_component id="oc-206">
         <name>.text:GPIOPinTypeGPIOInput</name>
         <load_address>0x3f0a</load_address>
         <run_address>0x3f0a</run_address>
         <size>0x16</size>
         <input_file_ref idref="fl-1d"/>
      </object_component>
      <object_component id="oc-239">
         <name>.text:GPIOPinTypePWM</name>
         <load_address>0x3f20</load_address>
         <run_address>0x3f20</run_address>
         <size>0x16</size>
         <input_file_ref idref="fl-1d"/>
      </object_component>
      <object_component id="oc-40a">
         <name>.text:GPIOPinTypeSSI</name>
         <load_address>0x3f36</load_address>
         <run_address>0x3f36</run_address>
         <size>0x16</size>
         <input_file_ref idref="fl-1d"/>
      </object_component>
      <object_component id="oc-292">
         <name>.text:GPIOPinTypeUART</name>
         <load_address>0x3f4c</load_address>
         <run_address>0x3f4c</run_address>
         <size>0x16</size>
         <input_file_ref idref="fl-1d"/>
      </object_component>
      <object_component id="oc-25d">
         <name>.text:SysCtlPWMClockSet</name>
         <load_address>0x3f64</load_address>
         <run_address>0x3f64</run_address>
         <size>0x14</size>
         <input_file_ref idref="fl-21"/>
      </object_component>
      <object_component id="oc-fc">
         <name>.text:SysTickEnable</name>
         <load_address>0x3f78</load_address>
         <run_address>0x3f78</run_address>
         <size>0x14</size>
         <input_file_ref idref="fl-22"/>
      </object_component>
      <object_component id="oc-f6">
         <name>.text:SysTickIntEnable</name>
         <load_address>0x3f8c</load_address>
         <run_address>0x3f8c</run_address>
         <size>0x14</size>
         <input_file_ref idref="fl-22"/>
      </object_component>
      <object_component id="oc-2a4">
         <name>.text:UARTEnable</name>
         <load_address>0x3fa0</load_address>
         <run_address>0x3fa0</run_address>
         <size>0x14</size>
         <input_file_ref idref="fl-24"/>
      </object_component>
      <object_component id="oc-24b">
         <name>.text:PWMOutputState</name>
         <load_address>0x3fb4</load_address>
         <run_address>0x3fb4</run_address>
         <size>0x12</size>
         <input_file_ref idref="fl-1f"/>
      </object_component>
      <object_component id="oc-1d4">
         <name>.text:ADCIntEnable</name>
         <load_address>0x3fc6</load_address>
         <run_address>0x3fc6</run_address>
         <size>0x10</size>
         <input_file_ref idref="fl-1c"/>
      </object_component>
      <object_component id="oc-138">
         <name>.text:IntMasterEnable</name>
         <load_address>0x3fd6</load_address>
         <run_address>0x3fd6</run_address>
         <size>0x10</size>
         <input_file_ref idref="fl-1e"/>
      </object_component>
      <object_component id="oc-251">
         <name>.text:PWMGenPeriodSet</name>
         <load_address>0x3fe6</load_address>
         <run_address>0x3fe6</run_address>
         <size>0x10</size>
         <input_file_ref idref="fl-1f"/>
      </object_component>
      <object_component id="oc-285">
         <name>.text:SysCtlReset</name>
         <load_address>0x3ff8</load_address>
         <run_address>0x3ff8</run_address>
         <size>0x10</size>
         <input_file_ref idref="fl-21"/>
      </object_component>
      <object_component id="oc-ea">
         <name>.text:SysTickPeriodSet</name>
         <load_address>0x4008</load_address>
         <run_address>0x4008</run_address>
         <size>0x10</size>
         <input_file_ref idref="fl-22"/>
      </object_component>
      <object_component id="oc-1c8">
         <name>.text:ADCSequenceEnable</name>
         <load_address>0x4018</load_address>
         <run_address>0x4018</run_address>
         <size>0xe</size>
         <input_file_ref idref="fl-1c"/>
      </object_component>
      <object_component id="oc-4a4">
         <name>.text:TimerEnable</name>
         <load_address>0x4026</load_address>
         <run_address>0x4026</run_address>
         <size>0xe</size>
         <input_file_ref idref="fl-23"/>
      </object_component>
      <object_component id="oc-1b">
         <name>.text:decompress:none:__TI_decompress_none</name>
         <load_address>0x4034</load_address>
         <run_address>0x4034</run_address>
         <size>0xe</size>
         <input_file_ref idref="fl-e1"/>
      </object_component>
      <object_component id="oc-2b4">
         <name>.text:CPUcpsie</name>
         <load_address>0x4042</load_address>
         <run_address>0x4042</run_address>
         <size>0xc</size>
         <input_file_ref idref="fl-25"/>
      </object_component>
      <object_component id="oc-218">
         <name>.text:GPIOIntEnable</name>
         <load_address>0x404e</load_address>
         <run_address>0x404e</run_address>
         <size>0xc</size>
         <input_file_ref idref="fl-1d"/>
      </object_component>
      <object_component id="oc-245">
         <name>.text:PWMGenEnable</name>
         <load_address>0x405a</load_address>
         <run_address>0x405a</run_address>
         <size>0xc</size>
         <input_file_ref idref="fl-1f"/>
      </object_component>
      <object_component id="oc-43a">
         <name>.text:SSIDataGet</name>
         <load_address>0x4066</load_address>
         <run_address>0x4066</run_address>
         <size>0xc</size>
         <input_file_ref idref="fl-20"/>
      </object_component>
      <object_component id="oc-50">
         <name>.text:decompress:ZI:__TI_zero_init</name>
         <load_address>0x4072</load_address>
         <run_address>0x4072</run_address>
         <size>0xc</size>
         <input_file_ref idref="fl-e0"/>
      </object_component>
      <object_component id="oc-2a">
         <name>.text</name>
         <load_address>0x407e</load_address>
         <run_address>0x407e</run_address>
         <size>0xc</size>
         <input_file_ref idref="fl-d"/>
      </object_component>
      <object_component id="oc-1e0">
         <name>.text:ADCIntClear</name>
         <load_address>0x408a</load_address>
         <run_address>0x408a</run_address>
         <size>0xa</size>
         <input_file_ref idref="fl-1c"/>
      </object_component>
      <object_component id="oc-434">
         <name>.text:SSIDataPut</name>
         <load_address>0x4094</load_address>
         <run_address>0x4094</run_address>
         <size>0xa</size>
         <input_file_ref idref="fl-20"/>
      </object_component>
      <object_component id="oc-41c">
         <name>.text:SSIEnable</name>
         <load_address>0x409e</load_address>
         <run_address>0x409e</run_address>
         <size>0xa</size>
         <input_file_ref idref="fl-20"/>
      </object_component>
      <object_component id="oc-4aa">
         <name>.text:TimerValueGet</name>
         <load_address>0x40a8</load_address>
         <run_address>0x40a8</run_address>
         <size>0xa</size>
         <input_file_ref idref="fl-23"/>
      </object_component>
      <object_component id="oc-2aa">
         <name>.text:UARTCharPut</name>
         <load_address>0x40b2</load_address>
         <run_address>0x40b2</run_address>
         <size>0xa</size>
         <input_file_ref idref="fl-24"/>
      </object_component>
      <object_component id="oc-29e">
         <name>.text:UARTFIFOEnable</name>
         <load_address>0x40bc</load_address>
         <run_address>0x40bc</run_address>
         <size>0xa</size>
         <input_file_ref idref="fl-24"/>
      </object_component>
      <object_component id="oc-42e">
         <name>.text:SSIBusy</name>
         <load_address>0x40c6</load_address>
         <run_address>0x40c6</run_address>
         <size>0x8</size>
         <input_file_ref idref="fl-20"/>
      </object_component>
      <object_component id="oc-36a">
         <name>.text:malloc</name>
         <load_address>0x40ce</load_address>
         <run_address>0x40ce</run_address>
         <size>0x8</size>
         <input_file_ref idref="fl-e3"/>
      </object_component>
      <object_component id="oc-1fa">
         <name>.text:GPIOIntClear</name>
         <load_address>0x40d6</load_address>
         <run_address>0x40d6</run_address>
         <size>0x6</size>
         <input_file_ref idref="fl-1d"/>
      </object_component>
      <object_component id="oc-200">
         <name>.text:GPIOPinRead</name>
         <load_address>0x40dc</load_address>
         <run_address>0x40dc</run_address>
         <size>0x6</size>
         <input_file_ref idref="fl-1d"/>
      </object_component>
      <object_component id="oc-422">
         <name>.text:GPIOPinWrite</name>
         <load_address>0x40e2</load_address>
         <run_address>0x40e2</run_address>
         <size>0x6</size>
         <input_file_ref idref="fl-1d"/>
      </object_component>
      <object_component id="oc-410">
         <name>.text:SSIClockSourceSet</name>
         <load_address>0x40e8</load_address>
         <run_address>0x40e8</run_address>
         <size>0x6</size>
         <input_file_ref idref="fl-20"/>
      </object_component>
      <object_component id="oc-e3">
         <name>.text:SysCtlDelay</name>
         <load_address>0x40ee</load_address>
         <run_address>0x40ee</run_address>
         <size>0x6</size>
         <input_file_ref idref="fl-21"/>
      </object_component>
      <object_component id="oc-9c">
         <name>.text:_system_pre_init</name>
         <load_address>0x40f4</load_address>
         <run_address>0x40f4</run_address>
         <size>0x4</size>
         <input_file_ref idref="fl-e9"/>
      </object_component>
      <object_component id="oc-150">
         <name>.text:abort:abort</name>
         <load_address>0x40f8</load_address>
         <run_address>0x40f8</run_address>
         <size>0x4</size>
         <input_file_ref idref="fl-eb"/>
      </object_component>
      <object_component id="oc-440">
         <name>.const:.string:rgbOledFont0</name>
         <load_address>0x40fc</load_address>
         <run_address>0x40fc</run_address>
         <size>0x300</size>
         <input_file_ref idref="fl-11"/>
      </object_component>
      <object_component id="oc-465">
         <name>.const:g_ppui32GPIOIntMapSnowflake</name>
         <load_address>0x43fc</load_address>
         <run_address>0x43fc</run_address>
         <size>0xd8</size>
         <input_file_ref idref="fl-1d"/>
      </object_component>
      <object_component id="oc-462">
         <name>.const:g_ppui32GPIOIntMapBlizzard</name>
         <load_address>0x44d4</load_address>
         <run_address>0x44d4</run_address>
         <size>0xc0</size>
         <input_file_ref idref="fl-1d"/>
      </object_component>
      <object_component id="oc-385">
         <name>.const:g_pui32GPIOBaseAddrs</name>
         <load_address>0x4594</load_address>
         <run_address>0x4594</run_address>
         <size>0x90</size>
         <input_file_ref idref="fl-1d"/>
      </object_component>
      <object_component id="oc-19e">
         <name>.const:g_pui32Xtals</name>
         <load_address>0x4624</load_address>
         <run_address>0x4624</run_address>
         <size>0x6c</size>
         <input_file_ref idref="fl-21"/>
      </object_component>
      <object_component id="oc-446">
         <name>.const:.string:rgbFillPat</name>
         <load_address>0x4690</load_address>
         <run_address>0x4690</run_address>
         <size>0x40</size>
         <input_file_ref idref="fl-12"/>
      </object_component>
      <object_component id="oc-341">
         <name>.const:g_psDaysToMonth</name>
         <load_address>0x46d0</load_address>
         <run_address>0x46d0</run_address>
         <size>0x30</size>
         <input_file_ref idref="fl-e"/>
      </object_component>
      <object_component id="oc-3c0">
         <name>.const:.string</name>
         <load_address>0x4700</load_address>
         <run_address>0x4700</run_address>
         <size>0x20</size>
         <input_file_ref idref="fl-8"/>
      </object_component>
      <object_component id="oc-344">
         <name>.const:g_pfExponents</name>
         <load_address>0x4720</load_address>
         <run_address>0x4720</run_address>
         <size>0x18</size>
         <input_file_ref idref="fl-e"/>
      </object_component>
      <object_component id="oc-3eb">
         <name>.const:g_pui32EnRegs</name>
         <load_address>0x4738</load_address>
         <run_address>0x4738</run_address>
         <size>0x14</size>
         <input_file_ref idref="fl-1e"/>
      </object_component>
      <object_component id="oc-453">
         <name>.const:.string</name>
         <load_address>0x474c</load_address>
         <run_address>0x474c</run_address>
         <size>0x12</size>
         <input_file_ref idref="fl-e"/>
      </object_component>
      <object_component id="oc-33e">
         <name>.const</name>
         <load_address>0x4760</load_address>
         <run_address>0x4760</run_address>
         <size>0x4</size>
         <input_file_ref idref="fl-e"/>
      </object_component>
      <object_component id="oc-50a">
         <name>.cinit..data.load</name>
         <load_address>0x4768</load_address>
         <run_address>0x4768</run_address>
         <size>0x25</size>
      </object_component>
      <object_component id="oc-507">
         <name>__TI_handler_table</name>
         <load_address>0x4790</load_address>
         <run_address>0x4790</run_address>
         <size>0xc</size>
      </object_component>
      <object_component id="oc-50b">
         <name>.cinit..bss.load</name>
         <load_address>0x47a0</load_address>
         <run_address>0x47a0</run_address>
         <size>0x8</size>
      </object_component>
      <object_component id="oc-509">
         <name>.cinit..vtable.load</name>
         <load_address>0x47a8</load_address>
         <run_address>0x47a8</run_address>
         <size>0x8</size>
      </object_component>
      <object_component id="oc-508">
         <name>__TI_cinit_table</name>
         <load_address>0x47b0</load_address>
         <run_address>0x47b0</run_address>
         <size>0x18</size>
      </object_component>
      <object_component id="oc-30e">
         <name>.vtable</name>
         <uninitialized>true</uninitialized>
         <run_address>0x20000000</run_address>
         <size>0x26c</size>
         <input_file_ref idref="fl-1e"/>
      </object_component>
      <object_component id="oc-3b6">
         <name>.data</name>
         <load_address>0x20001260</load_address>
         <run_address>0x20001260</run_address>
         <size>0x8</size>
         <input_file_ref idref="fl-2"/>
      </object_component>
      <object_component id="oc-2c4">
         <name>.data:flightStateStrings</name>
         <load_address>0x20001234</load_address>
         <run_address>0x20001234</run_address>
         <size>0x10</size>
         <input_file_ref idref="fl-8"/>
      </object_component>
      <object_component id="oc-2c1">
         <name>.data</name>
         <load_address>0x20001274</load_address>
         <run_address>0x20001274</run_address>
         <size>0x1</size>
         <input_file_ref idref="fl-8"/>
      </object_component>
      <object_component id="oc-144">
         <name>.data</name>
         <load_address>0x20001244</load_address>
         <run_address>0x20001244</run_address>
         <size>0xc</size>
         <input_file_ref idref="fl-9"/>
      </object_component>
      <object_component id="oc-347">
         <name>.data</name>
         <load_address>0x20001270</load_address>
         <run_address>0x20001270</run_address>
         <size>0x4</size>
         <input_file_ref idref="fl-e"/>
      </object_component>
      <object_component id="oc-221">
         <name>.data</name>
         <load_address>0x20001268</load_address>
         <run_address>0x20001268</run_address>
         <size>0x8</size>
         <input_file_ref idref="fl-f"/>
      </object_component>
      <object_component id="oc-470">
         <name>.data:$O1$$</name>
         <load_address>0x20001258</load_address>
         <run_address>0x20001258</run_address>
         <size>0x8</size>
         <input_file_ref idref="fl-e3"/>
      </object_component>
      <object_component id="oc-2d7">
         <name>.data:$O1$$</name>
         <load_address>0x20001250</load_address>
         <run_address>0x20001250</run_address>
         <size>0x8</size>
         <input_file_ref idref="fl-ec"/>
      </object_component>
      <object_component id="oc-1e6">
         <name>.bss</name>
         <uninitialized>true</uninitialized>
         <run_address>0x200011a8</run_address>
         <size>0x10</size>
         <input_file_ref idref="fl-4"/>
      </object_component>
      <object_component id="oc-270">
         <name>.bss:buttonState</name>
         <uninitialized>true</uninitialized>
         <run_address>0x200011e4</run_address>
         <size>0x4</size>
         <input_file_ref idref="fl-6"/>
      </object_component>
      <object_component id="oc-273">
         <name>.bss:buttonCount</name>
         <uninitialized>true</uninitialized>
         <run_address>0x200011d8</run_address>
         <size>0x4</size>
         <input_file_ref idref="fl-6"/>
      </object_component>
      <object_component id="oc-276">
         <name>.bss:buttonFlag</name>
         <uninitialized>true</uninitialized>
         <run_address>0x200011dc</run_address>
         <size>0x4</size>
         <input_file_ref idref="fl-6"/>
      </object_component>
      <object_component id="oc-26d">
         <name>.bss:buttonNormal</name>
         <uninitialized>true</uninitialized>
         <run_address>0x200011e0</run_address>
         <size>0x4</size>
         <input_file_ref idref="fl-6"/>
      </object_component>
      <object_component id="oc-1f6">
         <name>.bss:text_buffer</name>
         <uninitialized>true</uninitialized>
         <run_address>0x20001194</run_address>
         <size>0x14</size>
         <input_file_ref idref="fl-7"/>
      </object_component>
      <object_component id="oc-263">
         <name>.bss</name>
         <uninitialized>true</uninitialized>
         <run_address>0x200011c8</run_address>
         <size>0x8</size>
         <input_file_ref idref="fl-b"/>
      </object_component>
      <object_component id="oc-21e">
         <name>.bss</name>
         <uninitialized>true</uninitialized>
         <run_address>0x200011d0</run_address>
         <size>0x8</size>
         <input_file_ref idref="fl-f"/>
      </object_component>
      <object_component id="oc-3b9">
         <name>.common:mainDC</name>
         <uninitialized>true</uninitialized>
         <run_address>0x200011f8</run_address>
         <size>0x4</size>
      </object_component>
      <object_component id="oc-3bc">
         <name>.common:tailDC</name>
         <uninitialized>true</uninitialized>
         <run_address>0x20001214</run_address>
         <size>0x4</size>
      </object_component>
      <object_component id="oc-2b0">
         <name>.common:uart_str</name>
         <uninitialized>true</uninitialized>
         <run_address>0x20001170</run_address>
         <size>0x24</size>
      </object_component>
      <object_component id="oc-147">
         <name>.common:g_inBuffer</name>
         <uninitialized>true</uninitialized>
         <run_address>0x200011b8</run_address>
         <size>0x10</size>
      </object_component>
      <object_component id="oc-27b">
         <name>.common:switchPos</name>
         <uninitialized>true</uninitialized>
         <run_address>0x20001232</run_address>
         <size>0x1</size>
      </object_component>
      <object_component id="oc-27e">
         <name>.common:isSwitchPosChanged</name>
         <uninitialized>true</uninitialized>
         <run_address>0x20001231</run_address>
         <size>0x1</size>
      </object_component>
      <object_component id="oc-492">
         <name>.common:xcoOledCur</name>
         <uninitialized>true</uninitialized>
         <run_address>0x20001220</run_address>
         <size>0x4</size>
      </object_component>
      <object_component id="oc-493">
         <name>.common:ycoOledCur</name>
         <uninitialized>true</uninitialized>
         <run_address>0x2000122c</run_address>
         <size>0x4</size>
      </object_component>
      <object_component id="oc-402">
         <name>.common:pbOledCur</name>
         <uninitialized>true</uninitialized>
         <run_address>0x20001200</run_address>
         <size>0x4</size>
      </object_component>
      <object_component id="oc-494">
         <name>.common:bnOledCur</name>
         <uninitialized>true</uninitialized>
         <run_address>0x200011e8</run_address>
         <size>0x4</size>
      </object_component>
      <object_component id="oc-444">
         <name>.common:clrOledCur</name>
         <uninitialized>true</uninitialized>
         <run_address>0x20001230</run_address>
         <size>0x1</size>
      </object_component>
      <object_component id="oc-445">
         <name>.common:pbOledPatCur</name>
         <uninitialized>true</uninitialized>
         <run_address>0x2000120c</run_address>
         <size>0x4</size>
      </object_component>
      <object_component id="oc-400">
         <name>.common:fOledCharUpdate</name>
         <uninitialized>true</uninitialized>
         <run_address>0x200011f4</run_address>
         <size>0x4</size>
      </object_component>
      <object_component id="oc-3fb">
         <name>.common:dxcoOledFontCur</name>
         <uninitialized>true</uninitialized>
         <run_address>0x200011ec</run_address>
         <size>0x4</size>
      </object_component>
      <object_component id="oc-3fe">
         <name>.common:dycoOledFontCur</name>
         <uninitialized>true</uninitialized>
         <run_address>0x200011f0</run_address>
         <size>0x4</size>
      </object_component>
      <object_component id="oc-401">
         <name>.common:pbOledFontCur</name>
         <uninitialized>true</uninitialized>
         <run_address>0x20001204</run_address>
         <size>0x4</size>
      </object_component>
      <object_component id="oc-3ff">
         <name>.common:pbOledFontUser</name>
         <uninitialized>true</uninitialized>
         <run_address>0x20001208</run_address>
         <size>0x4</size>
      </object_component>
      <object_component id="oc-449">
         <name>.common:rgbOledBmp</name>
         <uninitialized>true</uninitialized>
         <run_address>0x20000e70</run_address>
         <size>0x200</size>
      </object_component>
      <object_component id="oc-3f9">
         <name>.common:xchOledCur</name>
         <uninitialized>true</uninitialized>
         <run_address>0x20001218</run_address>
         <size>0x4</size>
      </object_component>
      <object_component id="oc-3fa">
         <name>.common:ychOledCur</name>
         <uninitialized>true</uninitialized>
         <run_address>0x20001224</run_address>
         <size>0x4</size>
      </object_component>
      <object_component id="oc-3f5">
         <name>.common:xchOledMax</name>
         <uninitialized>true</uninitialized>
         <run_address>0x2000121c</run_address>
         <size>0x4</size>
      </object_component>
      <object_component id="oc-3f8">
         <name>.common:ychOledMax</name>
         <uninitialized>true</uninitialized>
         <run_address>0x20001228</run_address>
         <size>0x4</size>
      </object_component>
      <object_component id="oc-443">
         <name>.common:rgbOledFontUser</name>
         <uninitialized>true</uninitialized>
         <run_address>0x20001070</run_address>
         <size>0x100</size>
      </object_component>
      <object_component id="oc-498">
         <name>.common:pfnDoRop</name>
         <uninitialized>true</uninitialized>
         <run_address>0x20001210</run_address>
         <size>0x4</size>
      </object_component>
      <object_component id="oc-495">
         <name>.common:modOledCur</name>
         <uninitialized>true</uninitialized>
         <run_address>0x200011fc</run_address>
         <size>0x4</size>
      </object_component>
      <object_component id="oc-24">
         <name>.sysmem</name>
         <uninitialized>true</uninitialized>
         <run_address>0x20000a70</run_address>
         <size>0x10</size>
         <input_file_ref idref="fl-e3"/>
      </object_component>
      <object_component id="oc-50e">
         <name>.sysmem</name>
         <uninitialized>true</uninitialized>
         <run_address>0x20000a70</run_address>
         <size>0x0</size>
      </object_component>
      <object_component id="oc-27">
         <name>.stack</name>
         <uninitialized>true</uninitialized>
         <run_address>0x20000270</run_address>
         <size>0x4</size>
         <input_file_ref idref="fl-e4"/>
      </object_component>
      <object_component id="oc-50d">
         <name>.stack</name>
         <uninitialized>true</uninitialized>
         <run_address>0x20000270</run_address>
         <size>0x0</size>
      </object_component>
      <object_component id="oc-c5">
         <name>.debug_info</name>
         <load_address>0x0</load_address>
         <run_address>0x0</run_address>
         <size>0x388</size>
         <input_file_ref idref="fl-2"/>
      </object_component>
      <object_component id="oc-3b7">
         <name>.debug_info</name>
         <load_address>0x388</load_address>
         <run_address>0x388</run_address>
         <size>0x10c</size>
         <input_file_ref idref="fl-2"/>
      </object_component>
      <object_component id="oc-2bc">
         <name>.debug_info</name>
         <load_address>0x494</load_address>
         <run_address>0x494</run_address>
         <size>0x3df</size>
         <input_file_ref idref="fl-2"/>
      </object_component>
      <object_component id="oc-77">
         <name>.debug_info</name>
         <load_address>0x873</load_address>
         <run_address>0x873</run_address>
         <size>0x26b</size>
         <input_file_ref idref="fl-2"/>
      </object_component>
      <object_component id="oc-34c">
         <name>.debug_info</name>
         <load_address>0xade</load_address>
         <run_address>0xade</run_address>
         <size>0x196</size>
         <input_file_ref idref="fl-2"/>
      </object_component>
      <object_component id="oc-2ce">
         <name>.debug_info</name>
         <load_address>0xc74</load_address>
         <run_address>0xc74</run_address>
         <size>0x86</size>
         <input_file_ref idref="fl-2"/>
      </object_component>
      <object_component id="oc-39">
         <name>.debug_info</name>
         <load_address>0xcfa</load_address>
         <run_address>0xcfa</run_address>
         <size>0x84</size>
         <input_file_ref idref="fl-2"/>
      </object_component>
      <object_component id="oc-c0">
         <name>.debug_info</name>
         <load_address>0xd7e</load_address>
         <run_address>0xd7e</run_address>
         <size>0x2a4</size>
         <input_file_ref idref="fl-2"/>
      </object_component>
      <object_component id="oc-7c">
         <name>.debug_info</name>
         <load_address>0x1022</load_address>
         <run_address>0x1022</run_address>
         <size>0xbb</size>
         <input_file_ref idref="fl-2"/>
      </object_component>
      <object_component id="oc-351">
         <name>.debug_info</name>
         <load_address>0x10dd</load_address>
         <run_address>0x10dd</run_address>
         <size>0x2c</size>
         <input_file_ref idref="fl-2"/>
      </object_component>
      <object_component id="oc-190">
         <name>.debug_info</name>
         <load_address>0x1109</load_address>
         <run_address>0x1109</run_address>
         <size>0x35</size>
         <input_file_ref idref="fl-2"/>
      </object_component>
      <object_component id="oc-280">
         <name>.debug_info</name>
         <load_address>0x113e</load_address>
         <run_address>0x113e</run_address>
         <size>0x55</size>
         <input_file_ref idref="fl-2"/>
      </object_component>
      <object_component id="oc-2b1">
         <name>.debug_info</name>
         <load_address>0x1193</load_address>
         <run_address>0x1193</run_address>
         <size>0x60f</size>
         <input_file_ref idref="fl-3"/>
      </object_component>
      <object_component id="oc-133">
         <name>.debug_info</name>
         <load_address>0x17a2</load_address>
         <run_address>0x17a2</run_address>
         <size>0x4cf</size>
         <input_file_ref idref="fl-3"/>
      </object_component>
      <object_component id="oc-1e7">
         <name>.debug_info</name>
         <load_address>0x1c71</load_address>
         <run_address>0x1c71</run_address>
         <size>0x142</size>
         <input_file_ref idref="fl-4"/>
      </object_component>
      <object_component id="oc-105">
         <name>.debug_info</name>
         <load_address>0x1db3</load_address>
         <run_address>0x1db3</run_address>
         <size>0x69f</size>
         <input_file_ref idref="fl-4"/>
      </object_component>
      <object_component id="oc-232">
         <name>.debug_info</name>
         <load_address>0x2452</load_address>
         <run_address>0x2452</run_address>
         <size>0x2d9</size>
         <input_file_ref idref="fl-5"/>
      </object_component>
      <object_component id="oc-115">
         <name>.debug_info</name>
         <load_address>0x272b</load_address>
         <run_address>0x272b</run_address>
         <size>0x30c</size>
         <input_file_ref idref="fl-5"/>
      </object_component>
      <object_component id="oc-380">
         <name>.debug_info</name>
         <load_address>0x2a37</load_address>
         <run_address>0x2a37</run_address>
         <size>0x110</size>
         <input_file_ref idref="fl-5"/>
      </object_component>
      <object_component id="oc-27a">
         <name>.debug_info</name>
         <load_address>0x2b47</load_address>
         <run_address>0x2b47</run_address>
         <size>0x36b</size>
         <input_file_ref idref="fl-6"/>
      </object_component>
      <object_component id="oc-271">
         <name>.debug_info</name>
         <load_address>0x2eb2</load_address>
         <run_address>0x2eb2</run_address>
         <size>0xd9</size>
         <input_file_ref idref="fl-6"/>
      </object_component>
      <object_component id="oc-274">
         <name>.debug_info</name>
         <load_address>0x2f8b</load_address>
         <run_address>0x2f8b</run_address>
         <size>0xd9</size>
         <input_file_ref idref="fl-6"/>
      </object_component>
      <object_component id="oc-277">
         <name>.debug_info</name>
         <load_address>0x3064</load_address>
         <run_address>0x3064</run_address>
         <size>0xd7</size>
         <input_file_ref idref="fl-6"/>
      </object_component>
      <object_component id="oc-26e">
         <name>.debug_info</name>
         <load_address>0x313b</load_address>
         <run_address>0x313b</run_address>
         <size>0xdb</size>
         <input_file_ref idref="fl-6"/>
      </object_component>
      <object_component id="oc-122">
         <name>.debug_info</name>
         <load_address>0x3216</load_address>
         <run_address>0x3216</run_address>
         <size>0x3a1</size>
         <input_file_ref idref="fl-6"/>
      </object_component>
      <object_component id="oc-14b">
         <name>.debug_info</name>
         <load_address>0x35b7</load_address>
         <run_address>0x35b7</run_address>
         <size>0x8b</size>
         <input_file_ref idref="fl-6"/>
      </object_component>
      <object_component id="oc-358">
         <name>.debug_info</name>
         <load_address>0x3642</load_address>
         <run_address>0x3642</run_address>
         <size>0x35f</size>
         <input_file_ref idref="fl-7"/>
      </object_component>
      <object_component id="oc-1f7">
         <name>.debug_info</name>
         <load_address>0x39a1</load_address>
         <run_address>0x39a1</run_address>
         <size>0xd9</size>
         <input_file_ref idref="fl-7"/>
      </object_component>
      <object_component id="oc-109">
         <name>.debug_info</name>
         <load_address>0x3a7a</load_address>
         <run_address>0x3a7a</run_address>
         <size>0x350</size>
         <input_file_ref idref="fl-7"/>
      </object_component>
      <object_component id="oc-2c8">
         <name>.debug_info</name>
         <load_address>0x3dca</load_address>
         <run_address>0x3dca</run_address>
         <size>0x5f6</size>
         <input_file_ref idref="fl-8"/>
      </object_component>
      <object_component id="oc-2c5">
         <name>.debug_info</name>
         <load_address>0x43c0</load_address>
         <run_address>0x43c0</run_address>
         <size>0xeb</size>
         <input_file_ref idref="fl-8"/>
      </object_component>
      <object_component id="oc-2c2">
         <name>.debug_info</name>
         <load_address>0x44ab</load_address>
         <run_address>0x44ab</run_address>
         <size>0xde</size>
         <input_file_ref idref="fl-8"/>
      </object_component>
      <object_component id="oc-13f">
         <name>.debug_info</name>
         <load_address>0x4589</load_address>
         <run_address>0x4589</run_address>
         <size>0x64e</size>
         <input_file_ref idref="fl-8"/>
      </object_component>
      <object_component id="oc-148">
         <name>.debug_info</name>
         <load_address>0x4bd7</load_address>
         <run_address>0x4bd7</run_address>
         <size>0x7c2</size>
         <input_file_ref idref="fl-9"/>
      </object_component>
      <object_component id="oc-145">
         <name>.debug_info</name>
         <load_address>0x5399</load_address>
         <run_address>0x5399</run_address>
         <size>0x107</size>
         <input_file_ref idref="fl-9"/>
      </object_component>
      <object_component id="oc-a4">
         <name>.debug_info</name>
         <load_address>0x54a0</load_address>
         <run_address>0x54a0</run_address>
         <size>0x50f</size>
         <input_file_ref idref="fl-9"/>
      </object_component>
      <object_component id="oc-12d">
         <name>.debug_info</name>
         <load_address>0x59af</load_address>
         <run_address>0x59af</run_address>
         <size>0x211</size>
         <input_file_ref idref="fl-a"/>
      </object_component>
      <object_component id="oc-264">
         <name>.debug_info</name>
         <load_address>0x5bc0</load_address>
         <run_address>0x5bc0</run_address>
         <size>0xea</size>
         <input_file_ref idref="fl-b"/>
      </object_component>
      <object_component id="oc-11c">
         <name>.debug_info</name>
         <load_address>0x5caa</load_address>
         <run_address>0x5caa</run_address>
         <size>0x777</size>
         <input_file_ref idref="fl-b"/>
      </object_component>
      <object_component id="oc-27c">
         <name>.debug_info</name>
         <load_address>0x6421</load_address>
         <run_address>0x6421</run_address>
         <size>0x42e</size>
         <input_file_ref idref="fl-c"/>
      </object_component>
      <object_component id="oc-128">
         <name>.debug_info</name>
         <load_address>0x684f</load_address>
         <run_address>0x684f</run_address>
         <size>0x24a</size>
         <input_file_ref idref="fl-c"/>
      </object_component>
      <object_component id="oc-32">
         <name>.debug_info</name>
         <load_address>0x6a99</load_address>
         <run_address>0x6a99</run_address>
         <size>0x2ae</size>
         <input_file_ref idref="fl-d"/>
      </object_component>
      <object_component id="oc-13">
         <name>.debug_info</name>
         <load_address>0x6d47</load_address>
         <run_address>0x6d47</run_address>
         <size>0xed</size>
         <input_file_ref idref="fl-d"/>
      </object_component>
      <object_component id="oc-2b">
         <name>.debug_info</name>
         <load_address>0x6e34</load_address>
         <run_address>0x6e34</run_address>
         <size>0x269</size>
         <input_file_ref idref="fl-d"/>
      </object_component>
      <object_component id="oc-34b">
         <name>.debug_info</name>
         <load_address>0x709d</load_address>
         <run_address>0x709d</run_address>
         <size>0x2ef</size>
         <input_file_ref idref="fl-e"/>
      </object_component>
      <object_component id="oc-33f">
         <name>.debug_info</name>
         <load_address>0x738c</load_address>
         <run_address>0x738c</run_address>
         <size>0xf6</size>
         <input_file_ref idref="fl-e"/>
      </object_component>
      <object_component id="oc-342">
         <name>.debug_info</name>
         <load_address>0x7482</load_address>
         <run_address>0x7482</run_address>
         <size>0x107</size>
         <input_file_ref idref="fl-e"/>
      </object_component>
      <object_component id="oc-345">
         <name>.debug_info</name>
         <load_address>0x7589</load_address>
         <run_address>0x7589</run_address>
         <size>0x103</size>
         <input_file_ref idref="fl-e"/>
      </object_component>
      <object_component id="oc-348">
         <name>.debug_info</name>
         <load_address>0x768c</load_address>
         <run_address>0x768c</run_address>
         <size>0x103</size>
         <input_file_ref idref="fl-e"/>
      </object_component>
      <object_component id="oc-1f4">
         <name>.debug_info</name>
         <load_address>0x778f</load_address>
         <run_address>0x778f</run_address>
         <size>0x135f</size>
         <input_file_ref idref="fl-e"/>
      </object_component>
      <object_component id="oc-3ba">
         <name>.debug_info</name>
         <load_address>0x8aee</load_address>
         <run_address>0x8aee</run_address>
         <size>0x48b</size>
         <input_file_ref idref="fl-f"/>
      </object_component>
      <object_component id="oc-222">
         <name>.debug_info</name>
         <load_address>0x8f79</load_address>
         <run_address>0x8f79</run_address>
         <size>0xed</size>
         <input_file_ref idref="fl-f"/>
      </object_component>
      <object_component id="oc-21f">
         <name>.debug_info</name>
         <load_address>0x9066</load_address>
         <run_address>0x9066</run_address>
         <size>0xe9</size>
         <input_file_ref idref="fl-f"/>
      </object_component>
      <object_component id="oc-10f">
         <name>.debug_info</name>
         <load_address>0x914f</load_address>
         <run_address>0x914f</run_address>
         <size>0x52d</size>
         <input_file_ref idref="fl-f"/>
      </object_component>
      <object_component id="oc-338">
         <name>.debug_info</name>
         <load_address>0x967c</load_address>
         <run_address>0x967c</run_address>
         <size>0x378</size>
         <input_file_ref idref="fl-10"/>
      </object_component>
      <object_component id="oc-1eb">
         <name>.debug_info</name>
         <load_address>0x99f4</load_address>
         <run_address>0x99f4</run_address>
         <size>0x3d3</size>
         <input_file_ref idref="fl-10"/>
      </object_component>
      <object_component id="oc-4bd">
         <name>.debug_info</name>
         <load_address>0x9dc7</load_address>
         <run_address>0x9dc7</run_address>
         <size>0x10d</size>
         <input_file_ref idref="fl-11"/>
      </object_component>
      <object_component id="oc-441">
         <name>.debug_info</name>
         <load_address>0x9ed4</load_address>
         <run_address>0x9ed4</run_address>
         <size>0x121</size>
         <input_file_ref idref="fl-11"/>
      </object_component>
      <object_component id="oc-4c0">
         <name>.debug_info</name>
         <load_address>0x9ff5</load_address>
         <run_address>0x9ff5</run_address>
         <size>0x10a</size>
         <input_file_ref idref="fl-12"/>
      </object_component>
      <object_component id="oc-447">
         <name>.debug_info</name>
         <load_address>0xa0ff</load_address>
         <run_address>0xa0ff</run_address>
         <size>0x11c</size>
         <input_file_ref idref="fl-12"/>
      </object_component>
      <object_component id="oc-3fc">
         <name>.debug_info</name>
         <load_address>0xa21b</load_address>
         <run_address>0xa21b</run_address>
         <size>0x87a</size>
         <input_file_ref idref="fl-13"/>
      </object_component>
      <object_component id="oc-334">
         <name>.debug_info</name>
         <load_address>0xaa95</load_address>
         <run_address>0xaa95</run_address>
         <size>0xf20</size>
         <input_file_ref idref="fl-13"/>
      </object_component>
      <object_component id="oc-3f6">
         <name>.debug_info</name>
         <load_address>0xb9b5</load_address>
         <run_address>0xb9b5</run_address>
         <size>0x4f7</size>
         <input_file_ref idref="fl-14"/>
      </object_component>
      <object_component id="oc-32c">
         <name>.debug_info</name>
         <load_address>0xbeac</load_address>
         <run_address>0xbeac</run_address>
         <size>0xbf3</size>
         <input_file_ref idref="fl-14"/>
      </object_component>
      <object_component id="oc-496">
         <name>.debug_info</name>
         <load_address>0xca9f</load_address>
         <run_address>0xca9f</run_address>
         <size>0x4d1</size>
         <input_file_ref idref="fl-15"/>
      </object_component>
      <object_component id="oc-3f0">
         <name>.debug_info</name>
         <load_address>0xcf70</load_address>
         <run_address>0xcf70</run_address>
         <size>0x2463</size>
         <input_file_ref idref="fl-15"/>
      </object_component>
      <object_component id="oc-405">
         <name>.debug_info</name>
         <load_address>0xf3d3</load_address>
         <run_address>0xf3d3</run_address>
         <size>0x31e</size>
         <input_file_ref idref="fl-16"/>
      </object_component>
      <object_component id="oc-19b">
         <name>.debug_info</name>
         <load_address>0xf6f1</load_address>
         <run_address>0xf6f1</run_address>
         <size>0x3ba</size>
         <input_file_ref idref="fl-1c"/>
      </object_component>
      <object_component id="oc-1c3">
         <name>.debug_info</name>
         <load_address>0xfaab</load_address>
         <run_address>0xfaab</run_address>
         <size>0x33c</size>
         <input_file_ref idref="fl-1c"/>
      </object_component>
      <object_component id="oc-1c9">
         <name>.debug_info</name>
         <load_address>0xfde7</load_address>
         <run_address>0xfde7</run_address>
         <size>0x2a9</size>
         <input_file_ref idref="fl-1c"/>
      </object_component>
      <object_component id="oc-1db">
         <name>.debug_info</name>
         <load_address>0x10090</load_address>
         <run_address>0x10090</run_address>
         <size>0x308</size>
         <input_file_ref idref="fl-1c"/>
      </object_component>
      <object_component id="oc-d8">
         <name>.debug_info</name>
         <load_address>0x10398</load_address>
         <run_address>0x10398</run_address>
         <size>0x2ad</size>
         <input_file_ref idref="fl-1c"/>
      </object_component>
      <object_component id="oc-31a">
         <name>.debug_info</name>
         <load_address>0x10645</load_address>
         <run_address>0x10645</run_address>
         <size>0x2c8</size>
         <input_file_ref idref="fl-1c"/>
      </object_component>
      <object_component id="oc-1cf">
         <name>.debug_info</name>
         <load_address>0x1090d</load_address>
         <run_address>0x1090d</run_address>
         <size>0x2e8</size>
         <input_file_ref idref="fl-1c"/>
      </object_component>
      <object_component id="oc-1d5">
         <name>.debug_info</name>
         <load_address>0x10bf5</load_address>
         <run_address>0x10bf5</run_address>
         <size>0x29f</size>
         <input_file_ref idref="fl-1c"/>
      </object_component>
      <object_component id="oc-1e1">
         <name>.debug_info</name>
         <load_address>0x10e94</load_address>
         <run_address>0x10e94</run_address>
         <size>0x29d</size>
         <input_file_ref idref="fl-1c"/>
      </object_component>
      <object_component id="oc-2fa">
         <name>.debug_info</name>
         <load_address>0x11131</load_address>
         <run_address>0x11131</run_address>
         <size>0x26b</size>
         <input_file_ref idref="fl-1c"/>
      </object_component>
      <object_component id="oc-2f3">
         <name>.debug_info</name>
         <load_address>0x1139c</load_address>
         <run_address>0x1139c</run_address>
         <size>0x297</size>
         <input_file_ref idref="fl-1c"/>
      </object_component>
      <object_component id="oc-305">
         <name>.debug_info</name>
         <load_address>0x11633</load_address>
         <run_address>0x11633</run_address>
         <size>0xef</size>
         <input_file_ref idref="fl-1c"/>
      </object_component>
      <object_component id="oc-196">
         <name>.debug_info</name>
         <load_address>0x11722</load_address>
         <run_address>0x11722</run_address>
         <size>0xbb</size>
         <input_file_ref idref="fl-1c"/>
      </object_component>
      <object_component id="oc-35a">
         <name>.debug_info</name>
         <load_address>0x117dd</load_address>
         <run_address>0x117dd</run_address>
         <size>0x3e4</size>
         <input_file_ref idref="fl-1d"/>
      </object_component>
      <object_component id="oc-463">
         <name>.debug_info</name>
         <load_address>0x11bc1</load_address>
         <run_address>0x11bc1</run_address>
         <size>0x170</size>
         <input_file_ref idref="fl-1d"/>
      </object_component>
      <object_component id="oc-466">
         <name>.debug_info</name>
         <load_address>0x11d31</load_address>
         <run_address>0x11d31</run_address>
         <size>0x172</size>
         <input_file_ref idref="fl-1d"/>
      </object_component>
      <object_component id="oc-386">
         <name>.debug_info</name>
         <load_address>0x11ea3</load_address>
         <run_address>0x11ea3</run_address>
         <size>0x164</size>
         <input_file_ref idref="fl-1d"/>
      </object_component>
      <object_component id="oc-423">
         <name>.debug_info</name>
         <load_address>0x12007</load_address>
         <run_address>0x12007</run_address>
         <size>0x2ac</size>
         <input_file_ref idref="fl-1d"/>
      </object_component>
      <object_component id="oc-28c">
         <name>.debug_info</name>
         <load_address>0x122b3</load_address>
         <run_address>0x122b3</run_address>
         <size>0x2bc</size>
         <input_file_ref idref="fl-1d"/>
      </object_component>
      <object_component id="oc-268">
         <name>.debug_info</name>
         <load_address>0x1256f</load_address>
         <run_address>0x1256f</run_address>
         <size>0x31f</size>
         <input_file_ref idref="fl-1d"/>
      </object_component>
      <object_component id="oc-293">
         <name>.debug_info</name>
         <load_address>0x1288e</load_address>
         <run_address>0x1288e</run_address>
         <size>0x29b</size>
         <input_file_ref idref="fl-1d"/>
      </object_component>
      <object_component id="oc-40b">
         <name>.debug_info</name>
         <load_address>0x12b29</load_address>
         <run_address>0x12b29</run_address>
         <size>0x299</size>
         <input_file_ref idref="fl-1d"/>
      </object_component>
      <object_component id="oc-23a">
         <name>.debug_info</name>
         <load_address>0x12dc2</load_address>
         <run_address>0x12dc2</run_address>
         <size>0x299</size>
         <input_file_ref idref="fl-1d"/>
      </object_component>
      <object_component id="oc-429">
         <name>.debug_info</name>
         <load_address>0x1305b</load_address>
         <run_address>0x1305b</run_address>
         <size>0x2c0</size>
         <input_file_ref idref="fl-1d"/>
      </object_component>
      <object_component id="oc-207">
         <name>.debug_info</name>
         <load_address>0x1331b</load_address>
         <run_address>0x1331b</run_address>
         <size>0x2a5</size>
         <input_file_ref idref="fl-1d"/>
      </object_component>
      <object_component id="oc-201">
         <name>.debug_info</name>
         <load_address>0x135c0</load_address>
         <run_address>0x135c0</run_address>
         <size>0x284</size>
         <input_file_ref idref="fl-1d"/>
      </object_component>
      <object_component id="oc-234">
         <name>.debug_info</name>
         <load_address>0x13844</load_address>
         <run_address>0x13844</run_address>
         <size>0x289</size>
         <input_file_ref idref="fl-1d"/>
      </object_component>
      <object_component id="oc-35e">
         <name>.debug_info</name>
         <load_address>0x13acd</load_address>
         <run_address>0x13acd</run_address>
         <size>0x2a1</size>
         <input_file_ref idref="fl-1d"/>
      </object_component>
      <object_component id="oc-213">
         <name>.debug_info</name>
         <load_address>0x13d6e</load_address>
         <run_address>0x13d6e</run_address>
         <size>0x2c4</size>
         <input_file_ref idref="fl-1d"/>
      </object_component>
      <object_component id="oc-20d">
         <name>.debug_info</name>
         <load_address>0x14032</load_address>
         <run_address>0x14032</run_address>
         <size>0x2d8</size>
         <input_file_ref idref="fl-1d"/>
      </object_component>
      <object_component id="oc-219">
         <name>.debug_info</name>
         <load_address>0x1430a</load_address>
         <run_address>0x1430a</run_address>
         <size>0x298</size>
         <input_file_ref idref="fl-1d"/>
      </object_component>
      <object_component id="oc-1fb">
         <name>.debug_info</name>
         <load_address>0x145a2</load_address>
         <run_address>0x145a2</run_address>
         <size>0x296</size>
         <input_file_ref idref="fl-1d"/>
      </object_component>
      <object_component id="oc-312">
         <name>.debug_info</name>
         <load_address>0x14838</load_address>
         <run_address>0x14838</run_address>
         <size>0x3b7</size>
         <input_file_ref idref="fl-1e"/>
      </object_component>
      <object_component id="oc-3ec">
         <name>.debug_info</name>
         <load_address>0x14bef</load_address>
         <run_address>0x14bef</run_address>
         <size>0x15b</size>
         <input_file_ref idref="fl-1e"/>
      </object_component>
      <object_component id="oc-30f">
         <name>.debug_info</name>
         <load_address>0x14d4a</load_address>
         <run_address>0x14d4a</run_address>
         <size>0x160</size>
         <input_file_ref idref="fl-1e"/>
      </object_component>
      <object_component id="oc-1a6">
         <name>.debug_info</name>
         <load_address>0x14eaa</load_address>
         <run_address>0x14eaa</run_address>
         <size>0x2ca</size>
         <input_file_ref idref="fl-1e"/>
      </object_component>
      <object_component id="oc-13a">
         <name>.debug_info</name>
         <load_address>0x15174</load_address>
         <run_address>0x15174</run_address>
         <size>0x247</size>
         <input_file_ref idref="fl-1e"/>
      </object_component>
      <object_component id="oc-320">
         <name>.debug_info</name>
         <load_address>0x153bb</load_address>
         <run_address>0x153bb</run_address>
         <size>0x271</size>
         <input_file_ref idref="fl-1e"/>
      </object_component>
      <object_component id="oc-38b">
         <name>.debug_info</name>
         <load_address>0x1562c</load_address>
         <run_address>0x1562c</run_address>
         <size>0x396</size>
         <input_file_ref idref="fl-1f"/>
      </object_component>
      <object_component id="oc-25b">
         <name>.debug_info</name>
         <load_address>0x159c2</load_address>
         <run_address>0x159c2</run_address>
         <size>0x2ff</size>
         <input_file_ref idref="fl-1f"/>
      </object_component>
      <object_component id="oc-24f">
         <name>.debug_info</name>
         <load_address>0x15cc1</load_address>
         <run_address>0x15cc1</run_address>
[...]
         <name>OrbitOledAdvanceCursor</name>
         <value>0x218d</value>
         <object_component_ref idref="oc-32b"/>
      </symbol>
      <symbol id="sm-4d9">
         <name>pfnDoRop</name>
         <value>0x20001210</value>
      </symbol>
      <symbol id="sm-4da">
         <name>modOledCur</name>
         <value>0x200011fc</value>
      </symbol>
      <symbol id="sm-4db">
         <name>OrbitOledGetPixel</name>
         <value>0x1013</value>
         <object_component_ref idref="oc-3ef"/>
      </symbol>
      <symbol id="sm-4dc">
         <name>OrbitOledMoveUp</name>
         <value>0x1741</value>
         <object_component_ref idref="oc-3ef"/>
      </symbol>
      <symbol id="sm-4dd">
         <name>OrbitOledMoveTo</name>
         <value>0xef1</value>
         <object_component_ref idref="oc-3ef"/>
      </symbol>
      <symbol id="sm-4de">
         <name>OrbitOledGetDrawMode</name>
         <value>0xfe1</value>
         <object_component_ref idref="oc-3ef"/>
      </symbol>
      <symbol id="sm-4df">
         <name>OrbitOledDrawPixel</name>
         <value>0xfe7</value>
         <object_component_ref idref="oc-3ef"/>
      </symbol>
      <symbol id="sm-4e0">
         <name>OrbitOledDrawString</name>
         <value>0x1683</value>
         <object_component_ref idref="oc-3ef"/>
      </symbol>
      <symbol id="sm-4e1">
         <name>OrbitOledDrawChar</name>
         <value>0x1623</value>
         <object_component_ref idref="oc-3ef"/>
      </symbol>
      <symbol id="sm-4e2">
         <name>OrbitOledMoveDown</name>
         <value>0x1779</value>
         <object_component_ref idref="oc-3ef"/>
      </symbol>
      <symbol id="sm-4e3">
         <name>OrbitOledMoveRight</name>
         <value>0x17c7</value>
         <object_component_ref idref="oc-3ef"/>
      </symbol>
      <symbol id="sm-4e4">
         <name>OrbitOledFillRect</name>
         <value>0x11b1</value>
         <object_component_ref idref="oc-3ef"/>
      </symbol>
      <symbol id="sm-4e5">
         <name>OrbitOledLineTo</name>
         <value>0x102d</value>
         <object_component_ref idref="oc-3ef"/>
      </symbol>
      <symbol id="sm-4e6">
         <name>OrbitOledGetStdPattern</name>
         <value>0xf6b</value>
         <object_component_ref idref="oc-3ef"/>
      </symbol>
      <symbol id="sm-4e7">
         <name>OrbitOledSetDrawColor</name>
         <value>0xf53</value>
         <object_component_ref idref="oc-3ef"/>
      </symbol>
      <symbol id="sm-4e8">
         <name>OrbitOledDrawRect</name>
         <value>0x112d</value>
         <object_component_ref idref="oc-3ef"/>
      </symbol>
      <symbol id="sm-4e9">
         <name>OrbitOledClampYco</name>
         <value>0x1801</value>
         <object_component_ref idref="oc-3ef"/>
      </symbol>
      <symbol id="sm-4ea">
         <name>OrbitOledGetPos</name>
         <value>0xf37</value>
         <object_component_ref idref="oc-3ef"/>
      </symbol>
      <symbol id="sm-4eb">
         <name>OrbitOledRopSet</name>
         <value>0x16a1</value>
         <object_component_ref idref="oc-3ef"/>
      </symbol>
      <symbol id="sm-4ec">
         <name>OrbitOledRopXor</name>
         <value>0x1713</value>
         <object_component_ref idref="oc-3ef"/>
      </symbol>
      <symbol id="sm-4ed">
         <name>OrbitOledGetBmp</name>
         <value>0x12f5</value>
         <object_component_ref idref="oc-3ef"/>
      </symbol>
      <symbol id="sm-4ee">
         <name>OrbitOledMoveLeft</name>
         <value>0x17af</value>
         <object_component_ref idref="oc-3ef"/>
      </symbol>
      <symbol id="sm-4ef">
         <name>OrbitOledRopAnd</name>
         <value>0x16ef</value>
         <object_component_ref idref="oc-3ef"/>
      </symbol>
      <symbol id="sm-4f0">
         <name>OrbitOledPutBmp</name>
         <value>0x1455</value>
         <object_component_ref idref="oc-3ef"/>
      </symbol>
      <symbol id="sm-4f1">
         <name>OrbitOledSetDrawMode</name>
         <value>0xf8d</value>
         <object_component_ref idref="oc-3ef"/>
      </symbol>
      <symbol id="sm-4f2">
         <name>OrbitOledClampXco</name>
         <value>0x17e1</value>
         <object_component_ref idref="oc-3ef"/>
      </symbol>
      <symbol id="sm-4f3">
         <name>OrbitOledSetFillPattern</name>
         <value>0xf7d</value>
         <object_component_ref idref="oc-3ef"/>
      </symbol>
      <symbol id="sm-4f4">
         <name>OrbitOledRopOr</name>
         <value>0x16cb</value>
         <object_component_ref idref="oc-3ef"/>
      </symbol>
      <symbol id="sm-506">
         <name>DelayMs</name>
         <value>0x398b</value>
         <object_component_ref idref="oc-404"/>
      </symbol>
      <symbol id="sm-507">
         <name>DelayInit</name>
         <value>0x3971</value>
         <object_component_ref idref="oc-404"/>
      </symbol>
      <symbol id="sm-570">
         <name>ADCProcessorTrigger</name>
         <value>0x3edb</value>
         <object_component_ref idref="oc-d7"/>
      </symbol>
      <symbol id="sm-571">
         <name>ADCSequenceEnable</name>
         <value>0x4019</value>
         <object_component_ref idref="oc-1c8"/>
      </symbol>
      <symbol id="sm-572">
         <name>ADCIntEnable</name>
         <value>0x3fc7</value>
         <object_component_ref idref="oc-1d4"/>
      </symbol>
      <symbol id="sm-573">
         <name>ADCSequenceStepConfigure</name>
         <value>0x3675</value>
         <object_component_ref idref="oc-1c2"/>
      </symbol>
      <symbol id="sm-574">
         <name>ADCIntClear</name>
         <value>0x408b</value>
         <object_component_ref idref="oc-1e0"/>
      </symbol>
      <symbol id="sm-575">
         <name>ADCIntRegister</name>
         <value>0x3ec3</value>
         <object_component_ref idref="oc-1ce"/>
      </symbol>
      <symbol id="sm-576">
         <name>ADCSequenceDataGet</name>
         <value>0x3e35</value>
         <object_component_ref idref="oc-1da"/>
      </symbol>
      <symbol id="sm-61f">
         <name>GPIOPinTypePWM</name>
         <value>0x3f21</value>
         <object_component_ref idref="oc-239"/>
      </symbol>
      <symbol id="sm-620">
         <name>GPIOIntRegister</name>
         <value>0x3ef3</value>
         <object_component_ref idref="oc-20c"/>
      </symbol>
      <symbol id="sm-621">
         <name>GPIOPinConfigure</name>
         <value>0x3a75</value>
         <object_component_ref idref="oc-233"/>
      </symbol>
      <symbol id="sm-622">
         <name>GPIOIntEnable</name>
         <value>0x404f</value>
         <object_component_ref idref="oc-218"/>
      </symbol>
      <symbol id="sm-623">
         <name>GPIOIntTypeSet</name>
         <value>0x39cd</value>
         <object_component_ref idref="oc-212"/>
      </symbol>
      <symbol id="sm-624">
         <name>GPIOPinTypeGPIOInput</name>
         <value>0x3f0b</value>
         <object_component_ref idref="oc-206"/>
      </symbol>
      <symbol id="sm-625">
         <name>GPIOIntClear</name>
         <value>0x40d7</value>
         <object_component_ref idref="oc-1fa"/>
      </symbol>
      <symbol id="sm-626">
         <name>GPIOPinTypeUART</name>
         <value>0x3f4d</value>
         <object_component_ref idref="oc-292"/>
      </symbol>
      <symbol id="sm-627">
         <name>GPIOPinTypeGPIOOutput</name>
         <value>0x3ea9</value>
         <object_component_ref idref="oc-428"/>
      </symbol>
      <symbol id="sm-628">
         <name>GPIOPinRead</name>
         <value>0x40dd</value>
         <object_component_ref idref="oc-200"/>
      </symbol>
      <symbol id="sm-629">
         <name>GPIODirModeSet</name>
         <value>0x3d9b</value>
         <object_component_ref idref="oc-28b"/>
      </symbol>
      <symbol id="sm-62a">
         <name>GPIOPinWrite</name>
         <value>0x40e3</value>
         <object_component_ref idref="oc-422"/>
      </symbol>
      <symbol id="sm-62b">
         <name>GPIOPadConfigSet</name>
         <value>0x2bcd</value>
         <object_component_ref idref="oc-267"/>
      </symbol>
      <symbol id="sm-62c">
         <name>GPIOPinTypeSSI</name>
         <value>0x3f37</value>
         <object_component_ref idref="oc-40a"/>
      </symbol>
      <symbol id="sm-666">
         <name>IntEnable</name>
         <value>0x37d9</value>
         <object_component_ref idref="oc-31f"/>
      </symbol>
      <symbol id="sm-667">
         <name>IntRegister</name>
         <value>0x3cd1</value>
         <object_component_ref idref="oc-1a4"/>
      </symbol>
      <symbol id="sm-668">
         <name>g_pfnRAMVectors</name>
         <value>0x20000000</value>
         <object_component_ref idref="oc-30e"/>
      </symbol>
      <symbol id="sm-669">
         <name>IntMasterEnable</name>
         <value>0x3fd7</value>
         <object_component_ref idref="oc-138"/>
      </symbol>
      <symbol id="sm-696">
         <name>PWMGenPeriodSet</name>
         <value>0x3fe7</value>
         <object_component_ref idref="oc-251"/>
      </symbol>
      <symbol id="sm-697">
         <name>PWMPulseWidthSet</name>
         <value>0x3e53</value>
         <object_component_ref idref="oc-257"/>
      </symbol>
      <symbol id="sm-698">
         <name>PWMOutputState</name>
         <value>0x3fb5</value>
         <object_component_ref idref="oc-24b"/>
      </symbol>
      <symbol id="sm-699">
         <name>PWMGenEnable</name>
         <value>0x405b</value>
         <object_component_ref idref="oc-245"/>
      </symbol>
      <symbol id="sm-69a">
         <name>PWMGenConfigure</name>
         <value>0x3df1</value>
         <object_component_ref idref="oc-23f"/>
      </symbol>
      <symbol id="sm-6d2">
         <name>SSIDataPut</name>
         <value>0x4095</value>
         <object_component_ref idref="oc-434"/>
      </symbol>
      <symbol id="sm-6d3">
         <name>SSIDataGet</name>
         <value>0x4067</value>
         <object_component_ref idref="oc-43a"/>
      </symbol>
      <symbol id="sm-6d4">
         <name>SSIConfigSetExpClk</name>
         <value>0x3c5d</value>
         <object_component_ref idref="oc-416"/>
      </symbol>
      <symbol id="sm-6d5">
         <name>SSIEnable</name>
         <value>0x409f</value>
         <object_component_ref idref="oc-41c"/>
      </symbol>
      <symbol id="sm-6d6">
         <name>SSIClockSourceSet</name>
         <value>0x40e9</value>
         <object_component_ref idref="oc-410"/>
      </symbol>
      <symbol id="sm-6d7">
         <name>SSIBusy</name>
         <value>0x40c7</value>
         <object_component_ref idref="oc-42e"/>
      </symbol>
      <symbol id="sm-740">
         <name>SysCtlClockSet</name>
         <value>0x32a5</value>
         <object_component_ref idref="oc-dd"/>
      </symbol>
      <symbol id="sm-741">
         <name>SysCtlDelay</name>
         <value>0x40ef</value>
         <object_component_ref idref="oc-e3"/>
      </symbol>
      <symbol id="sm-742">
         <name>SysCtlPeripheralEnable</name>
         <value>0x3d05</value>
         <object_component_ref idref="oc-1bc"/>
      </symbol>
      <symbol id="sm-743">
         <name>SysCtlReset</name>
         <value>0x3ff9</value>
         <object_component_ref idref="oc-285"/>
      </symbol>
      <symbol id="sm-744">
         <name>SysCtlClockGet</name>
         <value>0x2f91</value>
         <object_component_ref idref="oc-e4"/>
      </symbol>
      <symbol id="sm-745">
         <name>SysCtlPWMClockSet</name>
         <value>0x3f65</value>
         <object_component_ref idref="oc-25d"/>
      </symbol>
      <symbol id="sm-772">
         <name>SysTickEnable</name>
         <value>0x3f79</value>
         <object_component_ref idref="oc-fc"/>
      </symbol>
      <symbol id="sm-773">
         <name>SysTickIntRegister</name>
         <value>0x3e71</value>
         <object_component_ref idref="oc-f0"/>
      </symbol>
      <symbol id="sm-774">
         <name>SysTickIntEnable</name>
         <value>0x3f8d</value>
         <object_component_ref idref="oc-f6"/>
      </symbol>
      <symbol id="sm-775">
         <name>SysTickPeriodSet</name>
         <value>0x4009</value>
         <object_component_ref idref="oc-ea"/>
      </symbol>
      <symbol id="sm-799">
         <name>TimerEnable</name>
         <value>0x4027</value>
         <object_component_ref idref="oc-4a4"/>
      </symbol>
      <symbol id="sm-79a">
         <name>TimerValueGet</name>
         <value>0x40a9</value>
         <object_component_ref idref="oc-4aa"/>
      </symbol>
      <symbol id="sm-79b">
         <name>TimerConfigure</name>
         <value>0x3911</value>
         <object_component_ref idref="oc-49e"/>
      </symbol>
      <symbol id="sm-7cd">
         <name>UARTConfigSetExpClk</name>
         <value>0x3b09</value>
         <object_component_ref idref="oc-298"/>
      </symbol>
      <symbol id="sm-7ce">
         <name>UARTDisable</name>
         <value>0x3e15</value>
         <object_component_ref idref="oc-3a3"/>
      </symbol>
      <symbol id="sm-7cf">
         <name>UARTCharPut</name>
         <value>0x40b3</value>
         <object_component_ref idref="oc-2aa"/>
      </symbol>
      <symbol id="sm-7d0">
         <name>UARTEnable</name>
         <value>0x3fa1</value>
         <object_component_ref idref="oc-2a4"/>
      </symbol>
      <symbol id="sm-7d1">
         <name>UARTFIFOEnable</name>
         <value>0x40bd</value>
         <object_component_ref idref="oc-29e"/>
      </symbol>
      <symbol id="sm-7db">
         <name>CPUcpsie</name>
         <value>0x4043</value>
         <object_component_ref idref="oc-2b4"/>
      </symbol>
      <symbol id="sm-7f2">
         <name>__aeabi_dsub</name>
         <value>0x2589</value>
         <object_component_ref idref="oc-1b2"/>
      </symbol>
      <symbol id="sm-7f3">
         <name>__aeabi_dadd</name>
         <value>0x2593</value>
         <object_component_ref idref="oc-1b2"/>
      </symbol>
      <symbol id="sm-7fe">
         <name>__aeabi_dmul</name>
         <value>0x31a9</value>
         <object_component_ref idref="oc-3b1"/>
      </symbol>
      <symbol id="sm-808">
         <name>__aeabi_d2iz</name>
         <value>0x3ac1</value>
         <object_component_ref idref="oc-1b7"/>
      </symbol>
      <symbol id="sm-812">
         <name>__aeabi_i2d</name>
         <value>0x3d6d</value>
         <object_component_ref idref="oc-1ad"/>
      </symbol>
      <symbol id="sm-821">
         <name>__aeabi_uidivmod</name>
         <value>0x3c1d</value>
         <object_component_ref idref="oc-339"/>
      </symbol>
      <symbol id="sm-822">
         <name>__aeabi_uidiv</name>
         <value>0x3c1d</value>
         <object_component_ref idref="oc-339"/>
      </symbol>
      <symbol id="sm-839">
         <name>__TI_zero_init</name>
         <value>0x4073</value>
         <object_component_ref idref="oc-50"/>
      </symbol>
      <symbol id="sm-850">
         <name>__TI_decompress_none</name>
         <value>0x4035</value>
         <object_component_ref idref="oc-1b"/>
      </symbol>
      <symbol id="sm-873">
         <name>__TI_decompress_lzss</name>
         <value>0x3841</value>
         <object_component_ref idref="oc-15"/>
      </symbol>
      <symbol id="sm-908">
         <name>_sys_memory</name>
         <value>0x20000a70</value>
         <object_component_ref idref="oc-24"/>
      </symbol>
      <symbol id="sm-909">
         <name>free</name>
         <value>0x3399</value>
         <object_component_ref idref="oc-22b"/>
      </symbol>
      <symbol id="sm-90a">
         <name>memalign</name>
         <value>0x30a9</value>
         <object_component_ref idref="oc-469"/>
      </symbol>
      <symbol id="sm-90b">
         <name>calloc</name>
         <value>0x3c99</value>
         <object_component_ref idref="oc-225"/>
      </symbol>
      <symbol id="sm-90c">
         <name>malloc</name>
         <value>0x40cf</value>
         <object_component_ref idref="oc-36a"/>
      </symbol>
      <symbol id="sm-90d">
         <name>aligned_alloc</name>
         <value>0x30a9</value>
         <object_component_ref idref="oc-469"/>
      </symbol>
      <symbol id="sm-920">
         <name>__stack</name>
         <value>0x20000270</value>
         <object_component_ref idref="oc-27"/>
      </symbol>
      <symbol id="sm-921">
         <name>_c_int00_noargs</name>
         <value>0x3d39</value>
         <object_component_ref idref="oc-5c"/>
      </symbol>
      <symbol id="sm-92b">
         <name>__aeabi_idiv0</name>
         <value>0x3b4f</value>
         <object_component_ref idref="oc-44d"/>
      </symbol>
      <symbol id="sm-92c">
         <name>__aeabi_ldiv0</name>
         <value>0x3b4f</value>
         <object_component_ref idref="oc-44d"/>
      </symbol>
      <symbol id="sm-947">
         <name>memcpy</name>
         <value>0x35d9</value>
         <object_component_ref idref="oc-3e"/>
      </symbol>
      <symbol id="sm-948">
         <name>__aeabi_memcpy</name>
         <value>0x35d9</value>
         <object_component_ref idref="oc-3e"/>
      </symbol>
      <symbol id="sm-949">
         <name>__aeabi_memcpy8</name>
         <value>0x35d9</value>
         <object_component_ref idref="oc-3e"/>
      </symbol>
      <symbol id="sm-94a">
         <name>__aeabi_memcpy4</name>
         <value>0x35d9</value>
         <object_component_ref idref="oc-3e"/>
      </symbol>
      <symbol id="sm-959">
         <name>__aeabi_memset</name>
         <value>0x36f1</value>
         <object_component_ref idref="oc-96"/>
      </symbol>
      <symbol id="sm-95a">
         <name>memset</name>
         <value>0x36f7</value>
         <object_component_ref idref="oc-96"/>
      </symbol>
      <symbol id="sm-95b">
         <name>__aeabi_memset8</name>
         <value>0x36f1</value>
         <object_component_ref idref="oc-96"/>
      </symbol>
      <symbol id="sm-95c">
         <name>__aeabi_memset4</name>
         <value>0x36f1</value>
         <object_component_ref idref="oc-96"/>
      </symbol>
      <symbol id="sm-95d">
         <name>__aeabi_memclr8</name>
         <value>0x36ef</value>
         <object_component_ref idref="oc-96"/>
      </symbol>
      <symbol id="sm-95e">
         <name>__aeabi_memclr4</name>
         <value>0x36ef</value>
         <object_component_ref idref="oc-96"/>
      </symbol>
      <symbol id="sm-95f">
         <name>__aeabi_memclr</name>
         <value>0x36ef</value>
         <object_component_ref idref="oc-96"/>
      </symbol>
      <symbol id="sm-987">
         <name>__TI_auto_init_nobinit_nopinit</name>
         <value>0x3bd9</value>
         <object_component_ref idref="oc-15c"/>
      </symbol>
      <symbol id="sm-991">
         <name>_system_pre_init</name>
         <value>0x40f5</value>
         <object_component_ref idref="oc-9c"/>
      </symbol>
      <symbol id="sm-99d">
         <name>C$$EXIT</name>
         <value>0x40f9</value>
         <object_component_ref idref="oc-150"/>
      </symbol>
      <symbol id="sm-99e">
         <name>abort</name>
         <value>0x40f9</value>
         <object_component_ref idref="oc-150"/>
      </symbol>
      <symbol id="sm-9b3">
         <name>_nop</name>
         <value>0x273f</value>
         <object_component_ref idref="oc-3c7"/>
      </symbol>
      <symbol id="sm-9b4">
         <name>_lock</name>
         <value>0x20001250</value>
         <object_component_ref idref="oc-2d7"/>
      </symbol>
      <symbol id="sm-9b5">
         <name>_unlock</name>
         <value>0x20001254</value>
         <object_component_ref idref="oc-2d7"/>
      </symbol>
      <symbol id="sm-9b7">
         <name>__TI_static_base__</name>
         <value>0x0</value>
      </symbol>
      <symbol id="sm-9ba">
         <name>__mpu_init</name>
         <value>0x0</value>
      </symbol>
      <symbol id="sm-9bb">
         <name>_system_post_cinit</name>
         <value>0x0</value>
      </symbol>
   </symbol_table>
   <title>Link successful</title>
</link_info>
