<?xml version="1.0" encoding="ISO-8859-1" ?>
<link_info>
   <banner>TI ARM Linker PC v20.2.7.LTS</banner>
   <copyright>Copyright (c) 1996-2018 Texas Instruments Incorporated</copyright>
   <link_time>0x6459d0a8</link_time>
   <link_errors>0x0</link_errors>
   <output_file>temp_milestone_1.out</output_file>
   <entry_point>
      <name>_c_int00_noargs</name>
      <address>0x32c5</address>
   </entry_point>
   <input_file_list>
      <input_file id="fl-2">
         <path>.\</path>
         <kind>object</kind>
         <file>ADC.obj</file>
         <name>ADC.obj</name>
      </input_file>
      <input_file id="fl-3">
         <path>.\</path>
         <kind>object</kind>
         <file>PWM_generator.obj</file>
         <name>PWM_generator.obj</name>
      </input_file>
      <input_file id="fl-4">
         <path>.\</path>
         <kind>object</kind>
         <file>buffer.obj</file>
         <name>buffer.obj</name>
      </input_file>
      <input_file id="fl-5">
         <path>.\</path>
         <kind>object</kind>
         <file>buttons.obj</file>
         <name>buttons.obj</name>
      </input_file>
      <input_file id="fl-6">
         <path>.\</path>
         <kind>object</kind>
         <file>display.obj</file>
         <name>display.obj</name>
      </input_file>
      <input_file id="fl-7">
         <path>.\</path>
         <kind>object</kind>
         <file>interrupt.obj</file>
         <name>interrupt.obj</name>
      </input_file>
      <input_file id="fl-8">
         <path>.\</path>
         <kind>object</kind>
         <file>main.obj</file>
         <name>main.obj</name>
      </input_file>
      <input_file id="fl-9">
         <path>.\</path>
         <kind>object</kind>
         <file>math_ops.obj</file>
         <name>math_ops.obj</name>
      </input_file>
      <input_file id="fl-a">
         <path>.\</path>
         <kind>object</kind>
         <file>tm4c123gh6pm_startup_ccs.obj</file>
         <name>tm4c123gh6pm_startup_ccs.obj</name>
      </input_file>
      <input_file id="fl-b">
         <path>.\</path>
         <kind>object</kind>
         <file>ustdlib.obj</file>
         <name>ustdlib.obj</name>
      </input_file>
      <input_file id="fl-c">
         <path>.\OrbitOLED\</path>
         <kind>object</kind>
         <file>OrbitOLEDInterface.obj</file>
         <name>OrbitOLEDInterface.obj</name>
      </input_file>
      <input_file id="fl-d">
         <path>.\OrbitOLED\lib_OrbitOled\</path>
         <kind>object</kind>
         <file>ChrFont0.obj</file>
         <name>ChrFont0.obj</name>
      </input_file>
      <input_file id="fl-e">
         <path>.\OrbitOLED\lib_OrbitOled\</path>
         <kind>object</kind>
         <file>FillPat.obj</file>
         <name>FillPat.obj</name>
      </input_file>
      <input_file id="fl-f">
         <path>.\OrbitOLED\lib_OrbitOled\</path>
         <kind>object</kind>
         <file>OrbitOled.obj</file>
         <name>OrbitOled.obj</name>
      </input_file>
      <input_file id="fl-10">
         <path>.\OrbitOLED\lib_OrbitOled\</path>
         <kind>object</kind>
         <file>OrbitOledChar.obj</file>
         <name>OrbitOledChar.obj</name>
      </input_file>
      <input_file id="fl-11">
         <path>.\OrbitOLED\lib_OrbitOled\</path>
         <kind>object</kind>
         <file>OrbitOledGrph.obj</file>
         <name>OrbitOledGrph.obj</name>
      </input_file>
      <input_file id="fl-12">
         <path>.\OrbitOLED\lib_OrbitOled\</path>
         <kind>object</kind>
         <file>delay.obj</file>
         <name>delay.obj</name>
      </input_file>
      <input_file id="fl-17">
         <kind>object</kind>
         <file>&lt;internal&gt;</file>
         <name>&lt;internal&gt;</name>
      </input_file>
      <input_file id="fl-18">
         <path>C:\Users\caleb\Desktop\TivaWare_C_Series-2.2.0.295\TivaWare_C_Series-2.2.0.295\driverlib\ccs\Debug\</path>
         <kind>archive</kind>
         <file>driverlib.lib</file>
         <name>adc.obj</name>
      </input_file>
      <input_file id="fl-19">
         <path>C:\Users\caleb\Desktop\TivaWare_C_Series-2.2.0.295\TivaWare_C_Series-2.2.0.295\driverlib\ccs\Debug\</path>
         <kind>archive</kind>
         <file>driverlib.lib</file>
         <name>gpio.obj</name>
      </input_file>
      <input_file id="fl-1a">
         <path>C:\Users\caleb\Desktop\TivaWare_C_Series-2.2.0.295\TivaWare_C_Series-2.2.0.295\driverlib\ccs\Debug\</path>
         <kind>archive</kind>
         <file>driverlib.lib</file>
         <name>interrupt.obj</name>
      </input_file>
      <input_file id="fl-1b">
         <path>C:\Users\caleb\Desktop\TivaWare_C_Series-2.2.0.295\TivaWare_C_Series-2.2.0.295\driverlib\ccs\Debug\</path>
         <kind>archive</kind>
         <file>driverlib.lib</file>
         <name>ssi.obj</name>
      </input_file>
      <input_file id="fl-1c">
         <path>C:\Users\caleb\Desktop\TivaWare_C_Series-2.2.0.295\TivaWare_C_Series-2.2.0.295\driverlib\ccs\Debug\</path>
         <kind>archive</kind>
         <file>driverlib.lib</file>
         <name>sysctl.obj</name>
      </input_file>
      <input_file id="fl-1d">
         <path>C:\Users\caleb\Desktop\TivaWare_C_Series-2.2.0.295\TivaWare_C_Series-2.2.0.295\driverlib\ccs\Debug\</path>
         <kind>archive</kind>
         <file>driverlib.lib</file>
         <name>systick.obj</name>
      </input_file>
      <input_file id="fl-1e">
         <path>C:\Users\caleb\Desktop\TivaWare_C_Series-2.2.0.295\TivaWare_C_Series-2.2.0.295\driverlib\ccs\Debug\</path>
         <kind>archive</kind>
         <file>driverlib.lib</file>
         <name>timer.obj</name>
      </input_file>
      <input_file id="fl-1f">
         <path>C:\Users\caleb\Desktop\TivaWare_C_Series-2.2.0.295\TivaWare_C_Series-2.2.0.295\driverlib\ccs\Debug\</path>
         <kind>archive</kind>
         <file>driverlib.lib</file>
         <name>cpu.obj</name>
      </input_file>
      <input_file id="fl-d5">
         <path>C:\ti\ccs1220\ccs\tools\compiler\ti-cgt-arm_20.2.7.LTS\lib\</path>
         <kind>archive</kind>
         <file>rtsv7M4_T_le_v4SPD16_eabi.lib</file>
         <name>fd_add_t2.asm.obj</name>
      </input_file>
      <input_file id="fl-d6">
         <path>C:\ti\ccs1220\ccs\tools\compiler\ti-cgt-arm_20.2.7.LTS\lib\</path>
         <kind>archive</kind>
         <file>rtsv7M4_T_le_v4SPD16_eabi.lib</file>
         <name>fd_toi_t2.asm.obj</name>
      </input_file>
      <input_file id="fl-d7">
         <path>C:\ti\ccs1220\ccs\tools\compiler\ti-cgt-arm_20.2.7.LTS\lib\</path>
         <kind>archive</kind>
         <file>rtsv7M4_T_le_v4SPD16_eabi.lib</file>
         <name>i_tofd_t2.asm.obj</name>
      </input_file>
      <input_file id="fl-d8">
         <path>C:\ti\ccs1220\ccs\tools\compiler\ti-cgt-arm_20.2.7.LTS\lib\</path>
         <kind>archive</kind>
         <file>rtsv7M4_T_le_v4SPD16_eabi.lib</file>
         <name>u_divt2.asm.obj</name>
      </input_file>
      <input_file id="fl-d9">
         <path>C:\ti\ccs1220\ccs\tools\compiler\ti-cgt-arm_20.2.7.LTS\lib\</path>
         <kind>archive</kind>
         <file>rtsv7M4_T_le_v4SPD16_eabi.lib</file>
         <name>copy_zero_init.c.obj</name>
      </input_file>
      <input_file id="fl-da">
         <path>C:\ti\ccs1220\ccs\tools\compiler\ti-cgt-arm_20.2.7.LTS\lib\</path>
         <kind>archive</kind>
         <file>rtsv7M4_T_le_v4SPD16_eabi.lib</file>
         <name>copy_decompress_none.c.obj</name>
      </input_file>
      <input_file id="fl-db">
         <path>C:\ti\ccs1220\ccs\tools\compiler\ti-cgt-arm_20.2.7.LTS\lib\</path>
         <kind>archive</kind>
         <file>rtsv7M4_T_le_v4SPD16_eabi.lib</file>
         <name>copy_decompress_lzss.c.obj</name>
      </input_file>
      <input_file id="fl-dc">
         <path>C:\ti\ccs1220\ccs\tools\compiler\ti-cgt-arm_20.2.7.LTS\lib\</path>
         <kind>archive</kind>
         <file>rtsv7M4_T_le_v4SPD16_eabi.lib</file>
         <name>memory.c.obj</name>
      </input_file>
      <input_file id="fl-dd">
         <path>C:\ti\ccs1220\ccs\tools\compiler\ti-cgt-arm_20.2.7.LTS\lib\</path>
         <kind>archive</kind>
         <file>rtsv7M4_T_le_v4SPD16_eabi.lib</file>
         <name>boot_cortex_m.c.obj</name>
      </input_file>
      <input_file id="fl-de">
         <path>C:\ti\ccs1220\ccs\tools\compiler\ti-cgt-arm_20.2.7.LTS\lib\</path>
         <kind>archive</kind>
         <file>rtsv7M4_T_le_v4SPD16_eabi.lib</file>
         <name>div0.asm.obj</name>
      </input_file>
      <input_file id="fl-df">
         <path>C:\ti\ccs1220\ccs\tools\compiler\ti-cgt-arm_20.2.7.LTS\lib\</path>
         <kind>archive</kind>
         <file>rtsv7M4_T_le_v4SPD16_eabi.lib</file>
         <name>memcpy_t2.asm.obj</name>
      </input_file>
      <input_file id="fl-e0">
         <path>C:\ti\ccs1220\ccs\tools\compiler\ti-cgt-arm_20.2.7.LTS\lib\</path>
         <kind>archive</kind>
         <file>rtsv7M4_T_le_v4SPD16_eabi.lib</file>
         <name>memset_t2.asm.obj</name>
      </input_file>
      <input_file id="fl-e1">
         <path>C:\ti\ccs1220\ccs\tools\compiler\ti-cgt-arm_20.2.7.LTS\lib\</path>
         <kind>archive</kind>
         <file>rtsv7M4_T_le_v4SPD16_eabi.lib</file>
         <name>autoinit.c.obj</name>
      </input_file>
      <input_file id="fl-e2">
         <path>C:\ti\ccs1220\ccs\tools\compiler\ti-cgt-arm_20.2.7.LTS\lib\</path>
         <kind>archive</kind>
         <file>rtsv7M4_T_le_v4SPD16_eabi.lib</file>
         <name>pre_init.c.obj</name>
      </input_file>
      <input_file id="fl-e3">
         <path>C:\ti\ccs1220\ccs\tools\compiler\ti-cgt-arm_20.2.7.LTS\lib\</path>
         <kind>archive</kind>
         <file>rtsv7M4_T_le_v4SPD16_eabi.lib</file>
         <name>cpy_tbl.c.obj</name>
      </input_file>
      <input_file id="fl-e4">
         <path>C:\ti\ccs1220\ccs\tools\compiler\ti-cgt-arm_20.2.7.LTS\lib\</path>
         <kind>archive</kind>
         <file>rtsv7M4_T_le_v4SPD16_eabi.lib</file>
         <name>exit.c.obj</name>
      </input_file>
      <input_file id="fl-e5">
         <path>C:\ti\ccs1220\ccs\tools\compiler\ti-cgt-arm_20.2.7.LTS\lib\</path>
         <kind>archive</kind>
         <file>rtsv7M4_T_le_v4SPD16_eabi.lib</file>
         <name>_lock.c.obj</name>
      </input_file>
      <input_file id="fl-e6">
         <path>C:\ti\ccs1220\ccs\tools\compiler\ti-cgt-arm_20.2.7.LTS\lib\</path>
         <kind>archive</kind>
         <file>rtsv7M4_T_le_v4SPD16_eabi.lib</file>
         <name>args_main.c.obj</name>
      </input_file>
   </input_file_list>
   <object_component_list>
      <object_component id="oc-12">
         <name>.intvecs</name>
         <load_address>0x0</load_address>
         <run_address>0x0</run_address>
         <size>0x26c</size>
         <input_file_ref idref="fl-a"/>
      </object_component>
      <object_component id="oc-1bb">
         <name>.text</name>
         <load_address>0x26c</load_address>
         <run_address>0x26c</run_address>
         <size>0xc84</size>
         <input_file_ref idref="fl-b"/>
      </object_component>
      <object_component id="oc-32e">
         <name>.text</name>
         <load_address>0xef0</load_address>
         <run_address>0xef0</run_address>
         <size>0x950</size>
         <input_file_ref idref="fl-11"/>
      </object_component>
      <object_component id="oc-286">
         <name>.text</name>
         <load_address>0x1840</load_address>
         <run_address>0x1840</run_address>
         <size>0x37c</size>
         <input_file_ref idref="fl-f"/>
      </object_component>
      <object_component id="oc-e2">
         <name>.text</name>
         <load_address>0x1bbc</load_address>
         <run_address>0x1bbc</run_address>
         <size>0x220</size>
         <input_file_ref idref="fl-5"/>
      </object_component>
      <object_component id="oc-280">
         <name>.text</name>
         <load_address>0x1ddc</load_address>
         <run_address>0x1ddc</run_address>
         <size>0x204</size>
         <input_file_ref idref="fl-10"/>
      </object_component>
      <object_component id="oc-221">
         <name>.text</name>
         <load_address>0x1fe0</load_address>
         <run_address>0x1fe0</run_address>
         <size>0x1b6</size>
         <input_file_ref idref="fl-d5"/>
      </object_component>
      <object_component id="oc-2f6">
         <name>.text:_nop</name>
         <load_address>0x2196</load_address>
         <run_address>0x2196</run_address>
         <size>0x2</size>
         <input_file_ref idref="fl-e5"/>
      </object_component>
      <object_component id="oc-1cb">
         <name>.text:GPIOPadConfigSet</name>
         <load_address>0x2198</load_address>
         <run_address>0x2198</run_address>
         <size>0x16c</size>
         <input_file_ref idref="fl-19"/>
      </object_component>
      <object_component id="oc-fa">
         <name>.text:SysCtlClockGet</name>
         <load_address>0x2304</load_address>
         <run_address>0x2304</run_address>
         <size>0x118</size>
         <input_file_ref idref="fl-1c"/>
      </object_component>
      <object_component id="oc-e8">
         <name>.text</name>
         <load_address>0x241c</load_address>
         <run_address>0x241c</run_address>
         <size>0x114</size>
         <input_file_ref idref="fl-7"/>
      </object_component>
      <object_component id="oc-3af">
         <name>.text:aligned_alloc</name>
         <load_address>0x2530</load_address>
         <run_address>0x2530</run_address>
         <size>0x100</size>
         <input_file_ref idref="fl-dc"/>
      </object_component>
      <object_component id="oc-a2">
         <name>.text</name>
         <load_address>0x2630</load_address>
         <run_address>0x2630</run_address>
         <size>0xf8</size>
         <input_file_ref idref="fl-8"/>
      </object_component>
      <object_component id="oc-16f">
         <name>.text:SysCtlClockSet</name>
         <load_address>0x2728</load_address>
         <run_address>0x2728</run_address>
         <size>0xf4</size>
         <input_file_ref idref="fl-1c"/>
      </object_component>
      <object_component id="oc-204">
         <name>.text:free</name>
         <load_address>0x281c</load_address>
         <run_address>0x281c</run_address>
         <size>0xe4</size>
         <input_file_ref idref="fl-dc"/>
      </object_component>
      <object_component id="oc-101">
         <name>.text</name>
         <load_address>0x2900</load_address>
         <run_address>0x2900</run_address>
         <size>0xe0</size>
         <input_file_ref idref="fl-9"/>
      </object_component>
      <object_component id="oc-dc">
         <name>.text</name>
         <load_address>0x29e0</load_address>
         <run_address>0x29e0</run_address>
         <size>0xc8</size>
         <input_file_ref idref="fl-6"/>
      </object_component>
      <object_component id="oc-ee">
         <name>.text</name>
         <load_address>0x2aa8</load_address>
         <run_address>0x2aa8</run_address>
         <size>0xb8</size>
         <input_file_ref idref="fl-4"/>
      </object_component>
      <object_component id="oc-d6">
         <name>.text</name>
         <load_address>0x2b60</load_address>
         <run_address>0x2b60</run_address>
         <size>0xb4</size>
         <input_file_ref idref="fl-2"/>
      </object_component>
      <object_component id="oc-3e">
         <name>.text</name>
         <load_address>0x2c14</load_address>
         <run_address>0x2c14</run_address>
         <size>0x9c</size>
         <input_file_ref idref="fl-df"/>
      </object_component>
      <object_component id="oc-199">
         <name>.text:ADCSequenceStepConfigure</name>
         <load_address>0x2cb0</load_address>
         <run_address>0x2cb0</run_address>
         <size>0x7a</size>
         <input_file_ref idref="fl-18"/>
      </object_component>
      <object_component id="oc-96">
         <name>.text</name>
         <load_address>0x2d2a</load_address>
         <run_address>0x2d2a</run_address>
         <size>0x7a</size>
         <input_file_ref idref="fl-e0"/>
      </object_component>
      <object_component id="oc-408">
         <name>.text:split</name>
         <load_address>0x2da4</load_address>
         <run_address>0x2da4</run_address>
         <size>0x70</size>
         <input_file_ref idref="fl-dc"/>
      </object_component>
      <object_component id="oc-271">
         <name>.text:IntEnable</name>
         <load_address>0x2e14</load_address>
         <run_address>0x2e14</run_address>
         <size>0x68</size>
         <input_file_ref idref="fl-1a"/>
      </object_component>
      <object_component id="oc-15">
         <name>.text:decompress:lzss:__TI_decompress_lzss</name>
         <load_address>0x2e7c</load_address>
         <run_address>0x2e7c</run_address>
         <size>0x68</size>
         <input_file_ref idref="fl-db"/>
      </object_component>
      <object_component id="oc-3dc">
         <name>.text:TimerConfigure</name>
         <load_address>0x2ee4</load_address>
         <run_address>0x2ee4</run_address>
         <size>0x60</size>
         <input_file_ref idref="fl-1e"/>
      </object_component>
      <object_component id="oc-343">
         <name>.text</name>
         <load_address>0x2f44</load_address>
         <run_address>0x2f44</run_address>
         <size>0x5c</size>
         <input_file_ref idref="fl-12"/>
      </object_component>
      <object_component id="oc-1f1">
         <name>.text:GPIOIntTypeSet</name>
         <load_address>0x2fa0</load_address>
         <run_address>0x2fa0</run_address>
         <size>0x58</size>
         <input_file_ref idref="fl-19"/>
      </object_component>
      <object_component id="oc-26b">
         <name>.text:_ADCIntNumberGet</name>
         <load_address>0x2ff8</load_address>
         <run_address>0x2ff8</run_address>
         <size>0x50</size>
         <input_file_ref idref="fl-18"/>
      </object_component>
      <object_component id="oc-34f">
         <name>.text:GPIOPinConfigure</name>
         <load_address>0x3048</load_address>
         <run_address>0x3048</run_address>
         <size>0x4c</size>
         <input_file_ref idref="fl-19"/>
      </object_component>
      <object_component id="oc-226">
         <name>.text</name>
         <load_address>0x3094</load_address>
         <run_address>0x3094</run_address>
         <size>0x48</size>
         <input_file_ref idref="fl-d6"/>
      </object_component>
      <object_component id="oc-1b5">
         <name>.text</name>
         <load_address>0x30dc</load_address>
         <run_address>0x30dc</run_address>
         <size>0x44</size>
         <input_file_ref idref="fl-c"/>
      </object_component>
      <object_component id="oc-2c3">
         <name>.text:_GPIOIntNumberGet</name>
         <load_address>0x3120</load_address>
         <run_address>0x3120</run_address>
         <size>0x44</size>
         <input_file_ref idref="fl-19"/>
      </object_component>
      <object_component id="oc-11f">
         <name>.text:__TI_auto_init_nobinit_nopinit:__TI_auto_init_nobinit_nopinit</name>
         <load_address>0x3164</load_address>
         <run_address>0x3164</run_address>
         <size>0x44</size>
         <input_file_ref idref="fl-e1"/>
      </object_component>
      <object_component id="oc-28e">
         <name>.text</name>
         <load_address>0x31a8</load_address>
         <run_address>0x31a8</run_address>
         <size>0x40</size>
         <input_file_ref idref="fl-d8"/>
      </object_component>
      <object_component id="oc-35b">
         <name>.text:SSIConfigSetExpClk</name>
         <load_address>0x31e8</load_address>
         <run_address>0x31e8</run_address>
         <size>0x3c</size>
         <input_file_ref idref="fl-1b"/>
      </object_component>
      <object_component id="oc-1fe">
         <name>.text:calloc</name>
         <load_address>0x3224</load_address>
         <run_address>0x3224</run_address>
         <size>0x38</size>
         <input_file_ref idref="fl-dc"/>
      </object_component>
      <object_component id="oc-25f">
         <name>.text:IntRegister</name>
         <load_address>0x325c</load_address>
         <run_address>0x325c</run_address>
         <size>0x34</size>
         <input_file_ref idref="fl-1a"/>
      </object_component>
      <object_component id="oc-193">
         <name>.text:SysCtlPeripheralEnable</name>
         <load_address>0x3290</load_address>
         <run_address>0x3290</run_address>
         <size>0x34</size>
         <input_file_ref idref="fl-1c"/>
      </object_component>
      <object_component id="oc-5c">
         <name>.text:_c_int00_noargs:_c_int00_noargs</name>
         <load_address>0x32c4</load_address>
         <run_address>0x32c4</run_address>
         <size>0x34</size>
         <input_file_ref idref="fl-dd"/>
      </object_component>
      <object_component id="oc-21c">
         <name>.text</name>
         <load_address>0x32f8</load_address>
         <run_address>0x32f8</run_address>
         <size>0x2e</size>
         <input_file_ref idref="fl-d7"/>
      </object_component>
      <object_component id="oc-2ae">
         <name>.text:GPIODirModeSet</name>
         <load_address>0x3326</load_address>
         <run_address>0x3326</run_address>
         <size>0x2c</size>
         <input_file_ref idref="fl-19"/>
      </object_component>
      <object_component id="oc-392">
         <name>.text</name>
         <load_address>0x3352</load_address>
         <run_address>0x3352</run_address>
         <size>0x2</size>
         <input_file_ref idref="fl-de"/>
      </object_component>
      <object_component id="oc-2d9">
         <name>.text:free_list_insert</name>
         <load_address>0x3354</load_address>
         <run_address>0x3354</run_address>
         <size>0x28</size>
         <input_file_ref idref="fl-dc"/>
      </object_component>
      <object_component id="oc-163">
         <name>.text:ADCSequenceDataGet</name>
         <load_address>0x337c</load_address>
         <run_address>0x337c</run_address>
         <size>0x1e</size>
         <input_file_ref idref="fl-18"/>
      </object_component>
      <object_component id="oc-181">
         <name>.text:SysTickIntRegister</name>
         <load_address>0x339c</load_address>
         <run_address>0x339c</run_address>
         <size>0x1c</size>
         <input_file_ref idref="fl-1d"/>
      </object_component>
      <object_component id="oc-2d3">
         <name>.text:free_list_remove</name>
         <load_address>0x33b8</load_address>
         <run_address>0x33b8</run_address>
         <size>0x1c</size>
         <input_file_ref idref="fl-dc"/>
      </object_component>
      <object_component id="oc-36d">
         <name>.text:GPIOPinTypeGPIOOutput</name>
         <load_address>0x33d4</load_address>
         <run_address>0x33d4</run_address>
         <size>0x1a</size>
         <input_file_ref idref="fl-19"/>
      </object_component>
      <object_component id="oc-1a5">
         <name>.text:ADCIntRegister</name>
         <load_address>0x33ee</load_address>
         <run_address>0x33ee</run_address>
         <size>0x18</size>
         <input_file_ref idref="fl-18"/>
      </object_component>
      <object_component id="oc-15d">
         <name>.text:ADCProcessorTrigger</name>
         <load_address>0x3406</load_address>
         <run_address>0x3406</run_address>
         <size>0x18</size>
         <input_file_ref idref="fl-18"/>
      </object_component>
      <object_component id="oc-1eb">
         <name>.text:GPIOIntRegister</name>
         <load_address>0x341e</load_address>
         <run_address>0x341e</run_address>
         <size>0x18</size>
         <input_file_ref idref="fl-19"/>
      </object_component>
      <object_component id="oc-1c5">
         <name>.text:GPIOPinTypeGPIOInput</name>
         <load_address>0x3436</load_address>
         <run_address>0x3436</run_address>
         <size>0x16</size>
         <input_file_ref idref="fl-19"/>
      </object_component>
      <object_component id="oc-349">
         <name>.text:GPIOPinTypeSSI</name>
         <load_address>0x344c</load_address>
         <run_address>0x344c</run_address>
         <size>0x16</size>
         <input_file_ref idref="fl-19"/>
      </object_component>
      <object_component id="oc-175">
         <name>.text:SysCtlPWMClockSet</name>
         <load_address>0x3464</load_address>
         <run_address>0x3464</run_address>
         <size>0x14</size>
         <input_file_ref idref="fl-1c"/>
      </object_component>
      <object_component id="oc-18d">
         <name>.text:SysTickEnable</name>
         <load_address>0x3478</load_address>
         <run_address>0x3478</run_address>
         <size>0x14</size>
         <input_file_ref idref="fl-1d"/>
      </object_component>
      <object_component id="oc-187">
         <name>.text:SysTickIntEnable</name>
         <load_address>0x348c</load_address>
         <run_address>0x348c</run_address>
         <size>0x14</size>
         <input_file_ref idref="fl-1d"/>
      </object_component>
      <object_component id="oc-1ab">
         <name>.text:ADCIntEnable</name>
         <load_address>0x34a0</load_address>
         <run_address>0x34a0</run_address>
         <size>0x10</size>
         <input_file_ref idref="fl-18"/>
      </object_component>
      <object_component id="oc-f4">
         <name>.text:IntMasterEnable</name>
         <load_address>0x34b0</load_address>
         <run_address>0x34b0</run_address>
         <size>0x10</size>
         <input_file_ref idref="fl-1a"/>
      </object_component>
      <object_component id="oc-17b">
         <name>.text:SysTickPeriodSet</name>
         <load_address>0x34c0</load_address>
         <run_address>0x34c0</run_address>
         <size>0x10</size>
         <input_file_ref idref="fl-1d"/>
      </object_component>
      <object_component id="oc-19f">
         <name>.text:ADCSequenceEnable</name>
         <load_address>0x34d0</load_address>
         <run_address>0x34d0</run_address>
         <size>0xe</size>
         <input_file_ref idref="fl-18"/>
      </object_component>
      <object_component id="oc-3e2">
         <name>.text:TimerEnable</name>
         <load_address>0x34de</load_address>
         <run_address>0x34de</run_address>
         <size>0xe</size>
         <input_file_ref idref="fl-1e"/>
      </object_component>
      <object_component id="oc-1b">
         <name>.text:decompress:none:__TI_decompress_none</name>
         <load_address>0x34ec</load_address>
         <run_address>0x34ec</run_address>
         <size>0xe</size>
         <input_file_ref idref="fl-da"/>
      </object_component>
      <object_component id="oc-20c">
         <name>.text:CPUcpsie</name>
         <load_address>0x34fa</load_address>
         <run_address>0x34fa</run_address>
         <size>0xc</size>
         <input_file_ref idref="fl-1f"/>
      </object_component>
      <object_component id="oc-1f7">
         <name>.text:GPIOIntEnable</name>
         <load_address>0x3506</load_address>
         <run_address>0x3506</run_address>
         <size>0xc</size>
         <input_file_ref idref="fl-19"/>
      </object_component>
      <object_component id="oc-37f">
         <name>.text:SSIDataGet</name>
         <load_address>0x3512</load_address>
         <run_address>0x3512</run_address>
         <size>0xc</size>
         <input_file_ref idref="fl-1b"/>
      </object_component>
      <object_component id="oc-50">
         <name>.text:decompress:ZI:__TI_zero_init</name>
         <load_address>0x351e</load_address>
         <run_address>0x351e</run_address>
         <size>0xc</size>
         <input_file_ref idref="fl-d9"/>
      </object_component>
      <object_component id="oc-2a">
         <name>.text</name>
         <load_address>0x352a</load_address>
         <run_address>0x352a</run_address>
         <size>0xc</size>
         <input_file_ref idref="fl-a"/>
      </object_component>
      <object_component id="oc-169">
         <name>.text:ADCIntClear</name>
         <load_address>0x3536</load_address>
         <run_address>0x3536</run_address>
         <size>0xa</size>
         <input_file_ref idref="fl-18"/>
      </object_component>
      <object_component id="oc-379">
         <name>.text:SSIDataPut</name>
         <load_address>0x3540</load_address>
         <run_address>0x3540</run_address>
         <size>0xa</size>
         <input_file_ref idref="fl-1b"/>
      </object_component>
      <object_component id="oc-361">
         <name>.text:SSIEnable</name>
         <load_address>0x354a</load_address>
         <run_address>0x354a</run_address>
         <size>0xa</size>
         <input_file_ref idref="fl-1b"/>
      </object_component>
      <object_component id="oc-3e8">
         <name>.text:TimerValueGet</name>
         <load_address>0x3554</load_address>
         <run_address>0x3554</run_address>
         <size>0xa</size>
         <input_file_ref idref="fl-1e"/>
      </object_component>
      <object_component id="oc-373">
         <name>.text:SSIBusy</name>
         <load_address>0x355e</load_address>
         <run_address>0x355e</run_address>
         <size>0x8</size>
         <input_file_ref idref="fl-1b"/>
      </object_component>
      <object_component id="oc-2cc">
         <name>.text:malloc</name>
         <load_address>0x3566</load_address>
         <run_address>0x3566</run_address>
         <size>0x8</size>
         <input_file_ref idref="fl-dc"/>
      </object_component>
      <object_component id="oc-1e5">
         <name>.text:GPIOIntClear</name>
         <load_address>0x356e</load_address>
         <run_address>0x356e</run_address>
         <size>0x6</size>
         <input_file_ref idref="fl-19"/>
      </object_component>
      <object_component id="oc-1d1">
         <name>.text:GPIOPinRead</name>
         <load_address>0x3574</load_address>
         <run_address>0x3574</run_address>
         <size>0x6</size>
         <input_file_ref idref="fl-19"/>
      </object_component>
      <object_component id="oc-367">
         <name>.text:GPIOPinWrite</name>
         <load_address>0x357a</load_address>
         <run_address>0x357a</run_address>
         <size>0x6</size>
         <input_file_ref idref="fl-19"/>
      </object_component>
      <object_component id="oc-355">
         <name>.text:SSIClockSourceSet</name>
         <load_address>0x3580</load_address>
         <run_address>0x3580</run_address>
         <size>0x6</size>
         <input_file_ref idref="fl-1b"/>
      </object_component>
      <object_component id="oc-100">
         <name>.text:SysCtlDelay</name>
         <load_address>0x3586</load_address>
         <run_address>0x3586</run_address>
         <size>0x6</size>
         <input_file_ref idref="fl-1c"/>
      </object_component>
      <object_component id="oc-9c">
         <name>.text:_system_pre_init</name>
         <load_address>0x358c</load_address>
         <run_address>0x358c</run_address>
         <size>0x4</size>
         <input_file_ref idref="fl-e2"/>
      </object_component>
      <object_component id="oc-113">
         <name>.text:abort:abort</name>
         <load_address>0x3590</load_address>
         <run_address>0x3590</run_address>
         <size>0x4</size>
         <input_file_ref idref="fl-e4"/>
      </object_component>
      <object_component id="oc-385">
         <name>.const:.string:rgbOledFont0</name>
         <load_address>0x3594</load_address>
         <run_address>0x3594</run_address>
         <size>0x300</size>
         <input_file_ref idref="fl-d"/>
      </object_component>
      <object_component id="oc-3ab">
         <name>.const:g_ppui32GPIOIntMapSnowflake</name>
         <load_address>0x3894</load_address>
         <run_address>0x3894</run_address>
         <size>0xd8</size>
         <input_file_ref idref="fl-19"/>
      </object_component>
      <object_component id="oc-3a8">
         <name>.const:g_ppui32GPIOIntMapBlizzard</name>
         <load_address>0x396c</load_address>
         <run_address>0x396c</run_address>
         <size>0xc0</size>
         <input_file_ref idref="fl-19"/>
      </object_component>
      <object_component id="oc-3f0">
         <name>.const:g_pui32GPIOBaseAddrs</name>
         <load_address>0x3a2c</load_address>
         <run_address>0x3a2c</run_address>
         <size>0x90</size>
         <input_file_ref idref="fl-19"/>
      </object_component>
      <object_component id="oc-213">
         <name>.const:g_pui32Xtals</name>
         <load_address>0x3abc</load_address>
         <run_address>0x3abc</run_address>
         <size>0x6c</size>
         <input_file_ref idref="fl-1c"/>
      </object_component>
      <object_component id="oc-38b">
         <name>.const:.string:rgbFillPat</name>
         <load_address>0x3b28</load_address>
         <run_address>0x3b28</run_address>
         <size>0x40</size>
         <input_file_ref idref="fl-e"/>
      </object_component>
      <object_component id="oc-296">
         <name>.const:g_psDaysToMonth</name>
         <load_address>0x3b68</load_address>
         <run_address>0x3b68</run_address>
         <size>0x30</size>
         <input_file_ref idref="fl-b"/>
      </object_component>
      <object_component id="oc-299">
         <name>.const:g_pfExponents</name>
         <load_address>0x3b98</load_address>
         <run_address>0x3b98</run_address>
         <size>0x18</size>
         <input_file_ref idref="fl-b"/>
      </object_component>
      <object_component id="oc-32a">
         <name>.const:g_pui32EnRegs</name>
         <load_address>0x3bb0</load_address>
         <run_address>0x3bb0</run_address>
         <size>0x14</size>
         <input_file_ref idref="fl-1a"/>
      </object_component>
      <object_component id="oc-398">
         <name>.const:.string</name>
         <load_address>0x3bc4</load_address>
         <run_address>0x3bc4</run_address>
         <size>0x12</size>
         <input_file_ref idref="fl-b"/>
      </object_component>
      <object_component id="oc-293">
         <name>.const</name>
         <load_address>0x3bd8</load_address>
         <run_address>0x3bd8</run_address>
         <size>0x4</size>
         <input_file_ref idref="fl-b"/>
      </object_component>
      <object_component id="oc-44e">
         <name>.cinit..data.load</name>
         <load_address>0x3be0</load_address>
         <run_address>0x3be0</run_address>
         <size>0x11</size>
      </object_component>
      <object_component id="oc-44b">
         <name>__TI_handler_table</name>
         <load_address>0x3bf4</load_address>
         <run_address>0x3bf4</run_address>
         <size>0xc</size>
      </object_component>
      <object_component id="oc-44f">
         <name>.cinit..bss.load</name>
         <load_address>0x3c00</load_address>
         <run_address>0x3c00</run_address>
         <size>0x8</size>
      </object_component>
      <object_component id="oc-44d">
         <name>.cinit..vtable.load</name>
         <load_address>0x3c08</load_address>
         <run_address>0x3c08</run_address>
         <size>0x8</size>
      </object_component>
      <object_component id="oc-44c">
         <name>__TI_cinit_table</name>
         <load_address>0x3c10</load_address>
         <run_address>0x3c10</run_address>
         <size>0x18</size>
      </object_component>
      <object_component id="oc-324">
         <name>.vtable</name>
         <uninitialized>true</uninitialized>
         <run_address>0x20000000</run_address>
         <size>0x26c</size>
         <input_file_ref idref="fl-1a"/>
      </object_component>
      <object_component id="oc-10a">
         <name>.data</name>
         <load_address>0x200007f8</load_address>
         <run_address>0x200007f8</run_address>
         <size>0x8</size>
         <input_file_ref idref="fl-7"/>
      </object_component>
      <object_component id="oc-1b1">
         <name>.data</name>
         <load_address>0x20000800</load_address>
         <run_address>0x20000800</run_address>
         <size>0x4</size>
         <input_file_ref idref="fl-8"/>
      </object_component>
      <object_component id="oc-29c">
         <name>.data</name>
         <load_address>0x20000804</load_address>
         <run_address>0x20000804</run_address>
         <size>0x4</size>
         <input_file_ref idref="fl-b"/>
      </object_component>
      <object_component id="oc-3b6">
         <name>.data:$O1$$</name>
         <load_address>0x200007f0</load_address>
         <run_address>0x200007f0</run_address>
         <size>0x8</size>
         <input_file_ref idref="fl-dc"/>
      </object_component>
      <object_component id="oc-23a">
         <name>.data:$O1$$</name>
         <load_address>0x200007e8</load_address>
         <run_address>0x200007e8</run_address>
         <size>0x8</size>
         <input_file_ref idref="fl-e5"/>
      </object_component>
      <object_component id="oc-1da">
         <name>.bss:buttonState</name>
         <uninitialized>true</uninitialized>
         <run_address>0x2000059c</run_address>
         <size>0x4</size>
         <input_file_ref idref="fl-5"/>
      </object_component>
      <object_component id="oc-1dd">
         <name>.bss:buttonCount</name>
         <uninitialized>true</uninitialized>
         <run_address>0x20000590</run_address>
         <size>0x4</size>
         <input_file_ref idref="fl-5"/>
      </object_component>
      <object_component id="oc-1e0">
         <name>.bss:buttonFlag</name>
         <uninitialized>true</uninitialized>
         <run_address>0x20000594</run_address>
         <size>0x4</size>
         <input_file_ref idref="fl-5"/>
      </object_component>
      <object_component id="oc-1d7">
         <name>.bss:buttonNormal</name>
         <uninitialized>true</uninitialized>
         <run_address>0x20000598</run_address>
         <size>0x4</size>
         <input_file_ref idref="fl-5"/>
      </object_component>
      <object_component id="oc-1c1">
         <name>.bss:text_buffer</name>
         <uninitialized>true</uninitialized>
         <run_address>0x2000056c</run_address>
         <size>0x14</size>
         <input_file_ref idref="fl-6"/>
      </object_component>
      <object_component id="oc-107">
         <name>.common:g_inBuffer</name>
         <uninitialized>true</uninitialized>
         <run_address>0x20000580</run_address>
         <size>0x10</size>
      </object_component>
      <object_component id="oc-3d0">
         <name>.common:xcoOledCur</name>
         <uninitialized>true</uninitialized>
         <run_address>0x200005d0</run_address>
         <size>0x4</size>
      </object_component>
      <object_component id="oc-3d1">
         <name>.common:ycoOledCur</name>
         <uninitialized>true</uninitialized>
         <run_address>0x200005dc</run_address>
         <size>0x4</size>
      </object_component>
      <object_component id="oc-341">
         <name>.common:pbOledCur</name>
         <uninitialized>true</uninitialized>
         <run_address>0x200005b4</run_address>
         <size>0x4</size>
      </object_component>
      <object_component id="oc-3d2">
         <name>.common:bnOledCur</name>
         <uninitialized>true</uninitialized>
         <run_address>0x200005a0</run_address>
         <size>0x4</size>
      </object_component>
      <object_component id="oc-389">
         <name>.common:clrOledCur</name>
         <uninitialized>true</uninitialized>
         <run_address>0x200005e0</run_address>
         <size>0x1</size>
      </object_component>
      <object_component id="oc-38a">
         <name>.common:pbOledPatCur</name>
         <uninitialized>true</uninitialized>
         <run_address>0x200005c0</run_address>
         <size>0x4</size>
      </object_component>
      <object_component id="oc-33f">
         <name>.common:fOledCharUpdate</name>
         <uninitialized>true</uninitialized>
         <run_address>0x200005ac</run_address>
         <size>0x4</size>
      </object_component>
      <object_component id="oc-33a">
         <name>.common:dxcoOledFontCur</name>
         <uninitialized>true</uninitialized>
         <run_address>0x200005a4</run_address>
         <size>0x4</size>
      </object_component>
      <object_component id="oc-33d">
         <name>.common:dycoOledFontCur</name>
         <uninitialized>true</uninitialized>
         <run_address>0x200005a8</run_address>
         <size>0x4</size>
      </object_component>
      <object_component id="oc-340">
         <name>.common:pbOledFontCur</name>
         <uninitialized>true</uninitialized>
         <run_address>0x200005b8</run_address>
         <size>0x4</size>
      </object_component>
      <object_component id="oc-33e">
         <name>.common:pbOledFontUser</name>
         <uninitialized>true</uninitialized>
         <run_address>0x200005bc</run_address>
         <size>0x4</size>
      </object_component>
      <object_component id="oc-38e">
         <name>.common:rgbOledBmp</name>
         <uninitialized>true</uninitialized>
         <run_address>0x2000026c</run_address>
         <size>0x200</size>
      </object_component>
      <object_component id="oc-338">
         <name>.common:xchOledCur</name>
         <uninitialized>true</uninitialized>
         <run_address>0x200005c8</run_address>
         <size>0x4</size>
      </object_component>
      <object_component id="oc-339">
         <name>.common:ychOledCur</name>
         <uninitialized>true</uninitialized>
         <run_address>0x200005d4</run_address>
         <size>0x4</size>
      </object_component>
      <object_component id="oc-334">
         <name>.common:xchOledMax</name>
         <uninitialized>true</uninitialized>
         <run_address>0x200005cc</run_address>
         <size>0x4</size>
      </object_component>
      <object_component id="oc-337">
         <name>.common:ychOledMax</name>
         <uninitialized>true</uninitialized>
         <run_address>0x200005d8</run_address>
         <size>0x4</size>
      </object_component>
      <object_component id="oc-388">
         <name>.common:rgbOledFontUser</name>
         <uninitialized>true</uninitialized>
         <run_address>0x2000046c</run_address>
         <size>0x100</size>
      </object_component>
      <object_component id="oc-3d6">
         <name>.common:pfnDoRop</name>
         <uninitialized>true</uninitialized>
         <run_address>0x200005c4</run_address>
         <size>0x4</size>
      </object_component>
      <object_component id="oc-3d3">
         <name>.common:modOledCur</name>
         <uninitialized>true</uninitialized>
         <run_address>0x200005b0</run_address>
         <size>0x4</size>
      </object_component>
      <object_component id="oc-24">
         <name>.sysmem</name>
         <uninitialized>true</uninitialized>
         <run_address>0x20000808</run_address>
         <size>0x10</size>
         <input_file_ref idref="fl-dc"/>
      </object_component>
      <object_component id="oc-452">
         <name>.sysmem</name>
         <uninitialized>true</uninitialized>
         <run_address>0x20000808</run_address>
         <size>0x0</size>
      </object_component>
      <object_component id="oc-27">
         <name>.stack</name>
         <uninitialized>true</uninitialized>
         <run_address>0x200005e8</run_address>
         <size>0x4</size>
         <input_file_ref idref="fl-dd"/>
      </object_component>
      <object_component id="oc-451">
         <name>.stack</name>
         <uninitialized>true</uninitialized>
         <run_address>0x200005e8</run_address>
         <size>0x0</size>
      </object_component>
      <object_component id="oc-c5">
         <name>.debug_info</name>
         <load_address>0x0</load_address>
         <run_address>0x0</run_address>
         <size>0x666</size>
         <input_file_ref idref="fl-2"/>
      </object_component>
      <object_component id="oc-d8">
         <name>.debug_info</name>
         <load_address>0x666</load_address>
         <run_address>0x666</run_address>
         <size>0x380</size>
         <input_file_ref idref="fl-2"/>
      </object_component>
      <object_component id="oc-153">
         <name>.debug_info</name>
         <load_address>0x9e6</load_address>
         <run_address>0x9e6</run_address>
         <size>0x86</size>
         <input_file_ref idref="fl-2"/>
      </object_component>
      <object_component id="oc-77">
         <name>.debug_info</name>
         <load_address>0xa6c</load_address>
         <run_address>0xa6c</run_address>
         <size>0x26b</size>
         <input_file_ref idref="fl-2"/>
      </object_component>
      <object_component id="oc-39">
         <name>.debug_info</name>
         <load_address>0xcd7</load_address>
         <run_address>0xcd7</run_address>
         <size>0x84</size>
         <input_file_ref idref="fl-2"/>
      </object_component>
      <object_component id="oc-c0">
         <name>.debug_info</name>
         <load_address>0xd5b</load_address>
         <run_address>0xd5b</run_address>
         <size>0x2a4</size>
         <input_file_ref idref="fl-2"/>
      </object_component>
      <object_component id="oc-7c">
         <name>.debug_info</name>
         <load_address>0xfff</load_address>
         <run_address>0xfff</run_address>
         <size>0xbb</size>
         <input_file_ref idref="fl-2"/>
      </object_component>
      <object_component id="oc-2a6">
         <name>.debug_info</name>
         <load_address>0x10ba</load_address>
         <run_address>0x10ba</run_address>
         <size>0x2c</size>
         <input_file_ref idref="fl-2"/>
      </object_component>
      <object_component id="oc-158">
         <name>.debug_info</name>
         <load_address>0x10e6</load_address>
         <run_address>0x10e6</run_address>
         <size>0x35</size>
         <input_file_ref idref="fl-2"/>
      </object_component>
      <object_component id="oc-20b">
         <name>.debug_info</name>
         <load_address>0x111b</load_address>
         <run_address>0x111b</run_address>
         <size>0x2d9</size>
         <input_file_ref idref="fl-4"/>
      </object_component>
      <object_component id="oc-ef">
         <name>.debug_info</name>
         <load_address>0x13f4</load_address>
         <run_address>0x13f4</run_address>
         <size>0x30c</size>
         <input_file_ref idref="fl-4"/>
      </object_component>
      <object_component id="oc-2e2">
         <name>.debug_info</name>
         <load_address>0x1700</load_address>
         <run_address>0x1700</run_address>
         <size>0x110</size>
         <input_file_ref idref="fl-4"/>
      </object_component>
      <object_component id="oc-1e4">
         <name>.debug_info</name>
         <load_address>0x1810</load_address>
         <run_address>0x1810</run_address>
         <size>0x36b</size>
         <input_file_ref idref="fl-5"/>
      </object_component>
      <object_component id="oc-1db">
         <name>.debug_info</name>
         <load_address>0x1b7b</load_address>
         <run_address>0x1b7b</run_address>
         <size>0xd9</size>
         <input_file_ref idref="fl-5"/>
      </object_component>
      <object_component id="oc-1de">
         <name>.debug_info</name>
         <load_address>0x1c54</load_address>
         <run_address>0x1c54</run_address>
         <size>0xd9</size>
         <input_file_ref idref="fl-5"/>
      </object_component>
      <object_component id="oc-1e1">
         <name>.debug_info</name>
         <load_address>0x1d2d</load_address>
         <run_address>0x1d2d</run_address>
         <size>0xd7</size>
         <input_file_ref idref="fl-5"/>
      </object_component>
      <object_component id="oc-1d8">
         <name>.debug_info</name>
         <load_address>0x1e04</load_address>
         <run_address>0x1e04</run_address>
         <size>0xdb</size>
         <input_file_ref idref="fl-5"/>
      </object_component>
      <object_component id="oc-e3">
         <name>.debug_info</name>
         <load_address>0x1edf</load_address>
         <run_address>0x1edf</run_address>
         <size>0x3a1</size>
         <input_file_ref idref="fl-5"/>
      </object_component>
      <object_component id="oc-10e">
         <name>.debug_info</name>
         <load_address>0x2280</load_address>
         <run_address>0x2280</run_address>
         <size>0x8b</size>
         <input_file_ref idref="fl-5"/>
      </object_component>
      <object_component id="oc-2ad">
         <name>.debug_info</name>
         <load_address>0x230b</load_address>
         <run_address>0x230b</run_address>
         <size>0x35f</size>
         <input_file_ref idref="fl-6"/>
      </object_component>
      <object_component id="oc-1c2">
         <name>.debug_info</name>
         <load_address>0x266a</load_address>
         <run_address>0x266a</run_address>
         <size>0xd9</size>
         <input_file_ref idref="fl-6"/>
      </object_component>
      <object_component id="oc-df">
         <name>.debug_info</name>
         <load_address>0x2743</load_address>
         <run_address>0x2743</run_address>
         <size>0x335</size>
         <input_file_ref idref="fl-6"/>
      </object_component>
      <object_component id="oc-2a1">
         <name>.debug_info</name>
         <load_address>0x2a78</load_address>
         <run_address>0x2a78</run_address>
         <size>0x196</size>
         <input_file_ref idref="fl-6"/>
      </object_component>
      <object_component id="oc-10b">
         <name>.debug_info</name>
         <load_address>0x2c0e</load_address>
         <run_address>0x2c0e</run_address>
         <size>0xf3</size>
         <input_file_ref idref="fl-7"/>
      </object_component>
      <object_component id="oc-ec">
         <name>.debug_info</name>
         <load_address>0x2d01</load_address>
         <run_address>0x2d01</run_address>
         <size>0x282</size>
         <input_file_ref idref="fl-7"/>
      </object_component>
      <object_component id="oc-108">
         <name>.debug_info</name>
         <load_address>0x2f83</load_address>
         <run_address>0x2f83</run_address>
         <size>0x554</size>
         <input_file_ref idref="fl-8"/>
      </object_component>
      <object_component id="oc-1b2">
         <name>.debug_info</name>
         <load_address>0x34d7</load_address>
         <run_address>0x34d7</run_address>
         <size>0xd7</size>
         <input_file_ref idref="fl-8"/>
      </object_component>
      <object_component id="oc-a3">
         <name>.debug_info</name>
         <load_address>0x35ae</load_address>
         <run_address>0x35ae</run_address>
         <size>0x315</size>
         <input_file_ref idref="fl-8"/>
      </object_component>
      <object_component id="oc-22d">
         <name>.debug_info</name>
         <load_address>0x38c3</load_address>
         <run_address>0x38c3</run_address>
         <size>0x2c</size>
         <input_file_ref idref="fl-8"/>
      </object_component>
      <object_component id="oc-22c">
         <name>.debug_info</name>
         <load_address>0x38ef</load_address>
         <run_address>0x38ef</run_address>
         <size>0x2dc</size>
         <input_file_ref idref="fl-9"/>
      </object_component>
      <object_component id="oc-102">
         <name>.debug_info</name>
         <load_address>0x3bcb</load_address>
         <run_address>0x3bcb</run_address>
         <size>0x445</size>
         <input_file_ref idref="fl-9"/>
      </object_component>
      <object_component id="oc-32">
         <name>.debug_info</name>
         <load_address>0x4010</load_address>
         <run_address>0x4010</run_address>
         <size>0x2ae</size>
         <input_file_ref idref="fl-a"/>
      </object_component>
      <object_component id="oc-13">
         <name>.debug_info</name>
         <load_address>0x42be</load_address>
         <run_address>0x42be</run_address>
         <size>0xed</size>
         <input_file_ref idref="fl-a"/>
      </object_component>
      <object_component id="oc-2c">
         <name>.debug_info</name>
         <load_address>0x43ab</load_address>
         <run_address>0x43ab</run_address>
         <size>0x269</size>
         <input_file_ref idref="fl-a"/>
      </object_component>
      <object_component id="oc-2a0">
         <name>.debug_info</name>
         <load_address>0x4614</load_address>
         <run_address>0x4614</run_address>
         <size>0x31c</size>
         <input_file_ref idref="fl-b"/>
      </object_component>
      <object_component id="oc-294">
         <name>.debug_info</name>
         <load_address>0x4930</load_address>
         <run_address>0x4930</run_address>
         <size>0x123</size>
         <input_file_ref idref="fl-b"/>
      </object_component>
      <object_component id="oc-297">
         <name>.debug_info</name>
         <load_address>0x4a53</load_address>
         <run_address>0x4a53</run_address>
         <size>0x134</size>
         <input_file_ref idref="fl-b"/>
      </object_component>
      <object_component id="oc-29a">
         <name>.debug_info</name>
         <load_address>0x4b87</load_address>
         <run_address>0x4b87</run_address>
         <size>0x130</size>
         <input_file_ref idref="fl-b"/>
      </object_component>
      <object_component id="oc-29d">
         <name>.debug_info</name>
         <load_address>0x4cb7</load_address>
         <run_address>0x4cb7</run_address>
         <size>0x130</size>
         <input_file_ref idref="fl-b"/>
      </object_component>
      <object_component id="oc-1bc">
         <name>.debug_info</name>
         <load_address>0x4de7</load_address>
         <run_address>0x4de7</run_address>
         <size>0x1986</size>
         <input_file_ref idref="fl-b"/>
      </object_component>
      <object_component id="oc-28d">
         <name>.debug_info</name>
         <load_address>0x676d</load_address>
         <run_address>0x676d</run_address>
         <size>0x364</size>
         <input_file_ref idref="fl-c"/>
      </object_component>
      <object_component id="oc-1b8">
         <name>.debug_info</name>
         <load_address>0x6ad1</load_address>
         <run_address>0x6ad1</run_address>
         <size>0x36f</size>
         <input_file_ref idref="fl-c"/>
      </object_component>
      <object_component id="oc-3ff">
         <name>.debug_info</name>
         <load_address>0x6e40</load_address>
         <run_address>0x6e40</run_address>
         <size>0xf9</size>
         <input_file_ref idref="fl-d"/>
      </object_component>
      <object_component id="oc-386">
         <name>.debug_info</name>
         <load_address>0x6f39</load_address>
         <run_address>0x6f39</run_address>
         <size>0x10d</size>
         <input_file_ref idref="fl-d"/>
      </object_component>
      <object_component id="oc-402">
         <name>.debug_info</name>
         <load_address>0x7046</load_address>
         <run_address>0x7046</run_address>
         <size>0xf6</size>
         <input_file_ref idref="fl-e"/>
      </object_component>
      <object_component id="oc-38c">
         <name>.debug_info</name>
         <load_address>0x713c</load_address>
         <run_address>0x713c</run_address>
         <size>0x108</size>
         <input_file_ref idref="fl-e"/>
      </object_component>
      <object_component id="oc-33b">
         <name>.debug_info</name>
         <load_address>0x7244</load_address>
         <run_address>0x7244</run_address>
         <size>0x866</size>
         <input_file_ref idref="fl-f"/>
      </object_component>
      <object_component id="oc-288">
         <name>.debug_info</name>
         <load_address>0x7aaa</load_address>
         <run_address>0x7aaa</run_address>
         <size>0xda4</size>
         <input_file_ref idref="fl-f"/>
      </object_component>
      <object_component id="oc-335">
         <name>.debug_info</name>
         <load_address>0x884e</load_address>
         <run_address>0x884e</run_address>
         <size>0x4e3</size>
         <input_file_ref idref="fl-10"/>
      </object_component>
      <object_component id="oc-283">
         <name>.debug_info</name>
         <load_address>0x8d31</load_address>
         <run_address>0x8d31</run_address>
         <size>0xa77</size>
         <input_file_ref idref="fl-10"/>
      </object_component>
      <object_component id="oc-3d4">
         <name>.debug_info</name>
         <load_address>0x97a8</load_address>
         <run_address>0x97a8</run_address>
         <size>0x4bd</size>
         <input_file_ref idref="fl-11"/>
      </object_component>
      <object_component id="oc-332">
         <name>.debug_info</name>
         <load_address>0x9c65</load_address>
         <run_address>0x9c65</run_address>
         <size>0x203f</size>
         <input_file_ref idref="fl-11"/>
      </object_component>
      <object_component id="oc-345">
         <name>.debug_info</name>
         <load_address>0xbca4</load_address>
         <run_address>0xbca4</run_address>
         <size>0x2ba</size>
         <input_file_ref idref="fl-12"/>
      </object_component>
      <object_component id="oc-257">
         <name>.debug_info</name>
         <load_address>0xbf5e</load_address>
         <run_address>0xbf5e</run_address>
         <size>0x3ba</size>
         <input_file_ref idref="fl-18"/>
      </object_component>
      <object_component id="oc-19c">
         <name>.debug_info</name>
         <load_address>0xc318</load_address>
         <run_address>0xc318</run_address>
         <size>0x33c</size>
         <input_file_ref idref="fl-18"/>
      </object_component>
      <object_component id="oc-1a2">
         <name>.debug_info</name>
         <load_address>0xc654</load_address>
         <run_address>0xc654</run_address>
         <size>0x2a9</size>
         <input_file_ref idref="fl-18"/>
      </object_component>
      <object_component id="oc-166">
         <name>.debug_info</name>
         <load_address>0xc8fd</load_address>
         <run_address>0xc8fd</run_address>
         <size>0x308</size>
         <input_file_ref idref="fl-18"/>
      </object_component>
      <object_component id="oc-160">
         <name>.debug_info</name>
         <load_address>0xcc05</load_address>
         <run_address>0xcc05</run_address>
         <size>0x2ad</size>
         <input_file_ref idref="fl-18"/>
      </object_component>
      <object_component id="oc-26e">
         <name>.debug_info</name>
         <load_address>0xceb2</load_address>
         <run_address>0xceb2</run_address>
         <size>0x2c8</size>
         <input_file_ref idref="fl-18"/>
      </object_component>
      <object_component id="oc-1a8">
         <name>.debug_info</name>
         <load_address>0xd17a</load_address>
         <run_address>0xd17a</run_address>
         <size>0x2e8</size>
         <input_file_ref idref="fl-18"/>
      </object_component>
      <object_component id="oc-1ae">
         <name>.debug_info</name>
         <load_address>0xd462</load_address>
         <run_address>0xd462</run_address>
         <size>0x29f</size>
         <input_file_ref idref="fl-18"/>
      </object_component>
      <object_component id="oc-16c">
         <name>.debug_info</name>
         <load_address>0xd701</load_address>
         <run_address>0xd701</run_address>
         <size>0x29d</size>
         <input_file_ref idref="fl-18"/>
      </object_component>
      <object_component id="oc-317">
         <name>.debug_info</name>
         <load_address>0xd99e</load_address>
         <run_address>0xd99e</run_address>
         <size>0x26b</size>
         <input_file_ref idref="fl-18"/>
      </object_component>
      <object_component id="oc-2ea">
         <name>.debug_info</name>
         <load_address>0xdc09</load_address>
         <run_address>0xdc09</run_address>
         <size>0x297</size>
         <input_file_ref idref="fl-18"/>
      </object_component>
      <object_component id="oc-278">
         <name>.debug_info</name>
         <load_address>0xdea0</load_address>
         <run_address>0xdea0</run_address>
         <size>0xef</size>
         <input_file_ref idref="fl-18"/>
      </object_component>
      <object_component id="oc-217">
         <name>.debug_info</name>
         <load_address>0xdf8f</load_address>
         <run_address>0xdf8f</run_address>
         <size>0xbb</size>
         <input_file_ref idref="fl-18"/>
      </object_component>
      <object_component id="oc-2b5">
         <name>.debug_info</name>
         <load_address>0xe04a</load_address>
         <run_address>0xe04a</run_address>
         <size>0x3e4</size>
         <input_file_ref idref="fl-19"/>
      </object_component>
      <object_component id="oc-3a9">
         <name>.debug_info</name>
         <load_address>0xe42e</load_address>
         <run_address>0xe42e</run_address>
         <size>0x170</size>
         <input_file_ref idref="fl-19"/>
      </object_component>
      <object_component id="oc-3ac">
         <name>.debug_info</name>
         <load_address>0xe59e</load_address>
         <run_address>0xe59e</run_address>
         <size>0x172</size>
         <input_file_ref idref="fl-19"/>
      </object_component>
      <object_component id="oc-3f1">
         <name>.debug_info</name>
         <load_address>0xe710</load_address>
         <run_address>0xe710</run_address>
         <size>0x164</size>
         <input_file_ref idref="fl-19"/>
      </object_component>
      <object_component id="oc-36a">
         <name>.debug_info</name>
         <load_address>0xe874</load_address>
         <run_address>0xe874</run_address>
         <size>0x2ac</size>
         <input_file_ref idref="fl-19"/>
      </object_component>
      <object_component id="oc-2b1">
         <name>.debug_info</name>
         <load_address>0xeb20</load_address>
         <run_address>0xeb20</run_address>
         <size>0x2bc</size>
         <input_file_ref idref="fl-19"/>
      </object_component>
      <object_component id="oc-1ce">
         <name>.debug_info</name>
         <load_address>0xeddc</load_address>
         <run_address>0xeddc</run_address>
         <size>0x31f</size>
         <input_file_ref idref="fl-19"/>
      </object_component>
      <object_component id="oc-34c">
         <name>.debug_info</name>
         <load_address>0xf0fb</load_address>
         <run_address>0xf0fb</run_address>
         <size>0x299</size>
         <input_file_ref idref="fl-19"/>
      </object_component>
      <object_component id="oc-370">
         <name>.debug_info</name>
         <load_address>0xf394</load_address>
         <run_address>0xf394</run_address>
         <size>0x2c0</size>
         <input_file_ref idref="fl-19"/>
      </object_component>
      <object_component id="oc-1c8">
         <name>.debug_info</name>
         <load_address>0xf654</load_address>
         <run_address>0xf654</run_address>
         <size>0x2a5</size>
         <input_file_ref idref="fl-19"/>
      </object_component>
      <object_component id="oc-1d4">
         <name>.debug_info</name>
         <load_address>0xf8f9</load_address>
         <run_address>0xf8f9</run_address>
         <size>0x284</size>
         <input_file_ref idref="fl-19"/>
      </object_component>
      <object_component id="oc-352">
         <name>.debug_info</name>
         <load_address>0xfb7d</load_address>
         <run_address>0xfb7d</run_address>
         <size>0x289</size>
         <input_file_ref idref="fl-19"/>
      </object_component>
      <object_component id="oc-2c6">
         <name>.debug_info</name>
         <load_address>0xfe06</load_address>
         <run_address>0xfe06</run_address>
         <size>0x2a1</size>
         <input_file_ref idref="fl-19"/>
      </object_component>
      <object_component id="oc-1f4">
         <name>.debug_info</name>
         <load_address>0x100a7</load_address>
         <run_address>0x100a7</run_address>
         <size>0x2c4</size>
         <input_file_ref idref="fl-19"/>
      </object_component>
      <object_component id="oc-1ef">
         <name>.debug_info</name>
         <load_address>0x1036b</load_address>
         <run_address>0x1036b</run_address>
         <size>0x2d8</size>
         <input_file_ref idref="fl-19"/>
      </object_component>
      <object_component id="oc-1fb">
         <name>.debug_info</name>
         <load_address>0x10643</load_address>
         <run_address>0x10643</run_address>
         <size>0x298</size>
         <input_file_ref idref="fl-19"/>
      </object_component>
      <object_component id="oc-1e9">
         <name>.debug_info</name>
         <load_address>0x108db</load_address>
         <run_address>0x108db</run_address>
         <size>0x296</size>
         <input_file_ref idref="fl-19"/>
      </object_component>
      <object_component id="oc-328">
         <name>.debug_info</name>
         <load_address>0x10b71</load_address>
         <run_address>0x10b71</run_address>
         <size>0x3b7</size>
         <input_file_ref idref="fl-1a"/>
      </object_component>
      <object_component id="oc-32b">
         <name>.debug_info</name>
         <load_address>0x10f28</load_address>
         <run_address>0x10f28</run_address>
         <size>0x15b</size>
         <input_file_ref idref="fl-1a"/>
      </object_component>
      <object_component id="oc-325">
         <name>.debug_info</name>
         <load_address>0x11083</load_address>
         <run_address>0x11083</run_address>
         <size>0x160</size>
         <input_file_ref idref="fl-1a"/>
      </object_component>
      <object_component id="oc-261">
         <name>.debug_info</name>
         <load_address>0x111e3</load_address>
         <run_address>0x111e3</run_address>
         <size>0x2ca</size>
         <input_file_ref idref="fl-1a"/>
      </object_component>
      <object_component id="oc-f5">
         <name>.debug_info</name>
         <load_address>0x114ad</load_address>
         <run_address>0x114ad</run_address>
         <size>0x247</size>
         <input_file_ref idref="fl-1a"/>
      </object_component>
      <object_component id="oc-272">
         <name>.debug_info</name>
         <load_address>0x116f4</load_address>
         <run_address>0x116f4</run_address>
         <size>0x271</size>
         <input_file_ref idref="fl-1a"/>
      </object_component>
      <object_component id="oc-3f5">
         <name>.debug_info</name>
         <load_address>0x11965</load_address>
         <run_address>0x11965</run_address>
         <size>0x3c0</size>
         <input_file_ref idref="fl-1b"/>
      </object_component>
      <object_component id="oc-363">
         <name>.debug_info</name>
         <load_address>0x11d25</load_address>
         <run_address>0x11d25</run_address>
         <size>0x24b</size>
         <input_file_ref idref="fl-1b"/>
      </object_component>
      <object_component id="oc-37c">
         <name>.debug_info</name>
         <load_address>0x11f70</load_address>
         <run_address>0x11f70</run_address>
         <size>0x27f</size>
         <input_file_ref idref="fl-1b"/>
      </object_component>
      <object_component id="oc-381">
         <name>.debug_info</name>
         <load_address>0x121ef</load_address>
         <run_address>0x121ef</run_address>
         <size>0x283</size>
         <input_file_ref idref="fl-1b"/>
      </object_component>
      <object_component id="oc-35e">
         <name>.debug_info</name>
         <load_address>0x12472</load_address>
         <run_address>0x12472</run_address>
         <size>0x3e2</size>
         <input_file_ref idref="fl-1b"/>
      </object_component>
      <object_component id="oc-357">
         <name>.debug_info</name>
         <load_address>0x12854</load_address>
         <run_address>0x12854</run_address>
         <size>0x295</size>
         <input_file_ref idref="fl-1b"/>
      </object_component>
      <object_component id="oc-375">
         <name>.debug_info</name>
         <load_address>0x12ae9</load_address>
         <run_address>0x12ae9</run_address>
         <size>0x24b</size>
         <input_file_ref idref="fl-1b"/>
      </object_component>
      <object_component id="oc-25b">
         <name>.debug_info</name>
         <load_address>0x12d34</load_address>
         <run_address>0x12d34</run_address>
         <size>0x441</size>
         <input_file_ref idref="fl-1c"/>
      </object_component>
      <object_component id="oc-214">
         <name>.debug_info</name>
         <load_address>0x13175</load_address>
         <run_address>0x13175</run_address>
         <size>0x156</size>
         <input_file_ref idref="fl-1c"/>
      </object_component>
      <object_component id="oc-195">
         <name>.debug_info</name>
         <load_address>0x132cb</load_address>
         <run_address>0x132cb</run_address>
         <size>0x286</size>
         <input_file_ref idref="fl-1c"/>
      </object_component>
      <object_component id="oc-177">
         <name>.debug_info</name>
         <load_address>0x13551</load_address>
         <run_address>0x13551</run_address>
         <size>0x26c</size>
         <input_file_ref idref="fl-1c"/>
      </object_component>
      <object_component id="oc-170">
         <name>.debug_info</name>
         <load_address>0x137bd</load_address>
         <run_address>0x137bd</run_address>
         <size>0x2e4</size>
         <input_file_ref idref="fl-1c"/>
      </object_component>
      <object_component id="oc-fb">
         <name>.debug_info</name>
         <load_address>0x13aa1</load_address>
         <run_address>0x13aa1</run_address>
         <size>0x2be</size>
         <input_file_ref idref="fl-1c"/>
      </object_component>
      <object_component id="oc-31e">
         <name>.debug_info</name>
         <load_address>0x13d5f</load_address>
         <run_address>0x13d5f</run_address>
         <size>0x51</size>
         <input_file_ref idref="fl-1c"/>
      </object_component>
      <object_component id="oc-25e">
         <name>.debug_info</name>
         <load_address>0x13db0</load_address>
         <run_address>0x13db0</run_address>
         <size>0x346</size>
         <input_file_ref idref="fl-1d"/>
      </object_component>
      <object_component id="oc-17d">
         <name>.debug_info</name>
         <load_address>0x140f6</load_address>
         <run_address>0x140f6</run_address>
         <size>0x26a</size>
         <input_file_ref idref="fl-1d"/>
      </object_component>
      <object_component id="oc-182">
         <name>.debug_info</name>
         <load_address>0x14360</load_address>
         <run_address>0x14360</run_address>
         <size>0x280</size>
         <input_file_ref idref="fl-1d"/>
      </object_component>
      <object_component id="oc-18a">
         <name>.debug_info</name>
         <load_address>0x145e0</load_address>
         <run_address>0x145e0</run_address>
         <size>0x230</size>
         <input_file_ref idref="fl-1d"/>
      </object_component>
      <object_component id="oc-18e">
         <name>.debug_info</name>
         <load_address>0x14810</load_address>
         <run_address>0x14810</run_address>
         <size>0x22a</size>
         <input_file_ref idref="fl-1d"/>
      </object_component>
      <object_component id="oc-414">
         <name>.debug_info</name>
         <load_address>0x14a3a</load_address>
         <run_address>0x14a3a</run_address>
         <size>0x3c7</size>
         <input_file_ref idref="fl-1e"/>
      </object_component>
      <object_component id="oc-3e9">
         <name>.debug_info</name>
         <load_address>0x14e01</load_address>
         <run_address>0x14e01</run_address>
         <size>0x293</size>
         <input_file_ref idref="fl-1e"/>
      </object_component>
      <object_component id="oc-3e3">
         <name>.debug_info</name>
         <load_address>0x15094</load_address>
         <run_address>0x15094</run_address>
         <size>0x288</size>
         <input_file_ref idref="fl-1e"/>
      </object_component>
      <object_component id="oc-3dd">
         <name>.debug_info</name>
         <load_address>0x1531c</load_address>
         <run_address>0x1531c</run_address>
         <size>0x295</size>
         <input_file_ref idref="fl-1e"/>
      </object_component>
      <object_component id="oc-20d">
         <name>.debug_info</name>
         <load_address>0x155b1</load_address>
         <run_address>0x155b1</run_address>
         <size>0x21b</size>
         <input_file_ref idref="fl-1f"/>
      </object_component>
      <object_component id="oc-222">
         <name>.debug_info</name>
         <load_address>0x157cc</load_address>
         <run_address>0x157cc</run_address>
         <size>0x14c</size>
         <input_file_ref idref="fl-d5"/>
      </object_component>
      <object_component id="oc-229">
         <name>.debug_info</name>
         <load_address>0x15918</load_address>
         <run_address>0x15918</run_address>
         <size>0x12e</size>
         <input_file_ref idref="fl-d6"/>
      </object_component>
      <object_component id="oc-21f">
         <name>.debug_info</name>
         <load_address>0x15a46</load_address>
         <run_address>0x15a46</run_address>
         <size>0x12c</size>
         <input_file_ref idref="fl-d7"/>
      </object_component>
      <object_component id="oc-28f">
         <name>.debug_info</name>
         <load_address>0x15b72</load_address>
         <run_address>0x15b72</run_address>
         <size>0x142</size>
         <input_file_ref idref="fl-d8"/>
      </object_component>
      <object_component id="oc-95">
         <name>.debug_info</name>
         <load_address>0x15cb4</load_address>
         <run_address>0x15cb4</run_address>
         <size>0x2d4</size>
         <input_file_ref idref="fl-d9"/>
      </object_component>
      <object_component id="oc-52">
         <name>.debug_info</name>
         <load_address>0x15f88</load_address>
         <run_address>0x15f88</run_address>
         <size>0x1b5</size>
         <input_file_ref idref="fl-d9"/>
      </object_component>
      <object_component id="oc-90">
         <name>.debug_info</name>
         <load_address>0x1613d</load_address>
         <run_address>0x1613d</run_address>
         <size>0x46</size>
         <input_file_ref idref="fl-d9"/>
      </object_component>
      <object_component id="oc-cd">
         <name>.debug_info</name>
         <load_address>0x16183</load_address>
         <run_address>0x16183</run_address>
         <size>0x2c</size>
         <input_file_ref idref="fl-d9"/>
      </object_component>
      <object_component id="oc-49">
         <name>.debug_info</name>
         <load_address>0x161af</load_address>
         <run_address>0x161af</run_address>
         <size>0x2a8</size>
         <input_file_ref idref="fl-da"/>
      </object_component>
      <object_component id="oc-1e">
         <name>.debug_info</name>
         <load_address>0x16457</load_address>
         <run_address>0x16457</run_address>
         <size>0x1ea</size>
         <input_file_ref idref="fl-da"/>
      </object_component>
      <object_component id="oc-44">
         <name>.debug_info</name>
         <load_address>0x16641</load_address>
         <run_address>0x16641</run_address>
         <size>0x46</size>
         <input_file_ref idref="fl-da"/>
      </object_component>
      <object_component id="oc-88">
         <name>.debug_info</name>
         <load_address>0x16687</load_address>
         <run_address>0x16687</run_address>
         <size>0x2c</size>
         <input_file_ref idref="fl-da"/>
      </object_component>
      <object_component id="oc-86">
         <name>.debug_info</name>
         <load_address>0x166b3</load_address>
         <run_address>0x166b3</run_address>
         <size>0x29e</size>
         <input_file_ref idref="fl-db"/>
      </object_component>
      <object_component id="oc-17">
         <name>.debug_info</name>
         <load_address>0x16951</load_address>
         <run_address>0x16951</run_address>
         <size>0x250</size>
         <input_file_ref idref="fl-db"/>
      </object_component>
      <object_component id="oc-34">
         <name>.debug_info</name>
         <load_address>0x16ba1</load_address>
         <run_address>0x16ba1</run_address>
         <size>0x60</size>
         <input_file_ref idref="fl-db"/>
      </object_component>
      <object_component id="oc-c6">
         <name>.debug_info</name>
         <load_address>0x16c01</load_address>
         <run_address>0x16c01</run_address>
         <size>0x46</size>
         <input_file_ref idref="fl-db"/>
      </object_component>
      <object_component id="oc-81">
         <name>.debug_info</name>
         <load_address>0x16c47</load_address>
         <run_address>0x16c47</run_address>
         <size>0x39</size>
         <input_file_ref idref="fl-db"/>
      </object_component>
      <object_component id="oc-70">
         <name>.debug_info</name>
         <load_address>0x16c80</load_address>
         <run_address>0x16c80</run_address>
         <size>0x3b2</size>
         <input_file_ref idref="fl-dc"/>
      </object_component>
      <object_component id="oc-25">
         <name>.debug_info</name>
         <load_address>0x17032</load_address>
         <run_address>0x17032</run_address>
         <size>0x10c</size>
         <input_file_ref idref="fl-dc"/>
      </object_component>
      <object_component id="oc-3b7">
         <name>.debug_info</name>
         <load_address>0x1713e</load_address>
         <run_address>0x1713e</run_address>
         <size>0x13f</size>
         <input_file_ref idref="fl-dc"/>
      </object_component>
      <object_component id="oc-2ce">
         <name>.debug_info</name>
         <load_address>0x1727d</load_address>
         <run_address>0x1727d</run_address>
         <size>0x168</size>
         <input_file_ref idref="fl-dc"/>
      </object_component>
      <object_component id="oc-2d6">
         <name>.debug_info</name>
         <load_address>0x173e5</load_address>
         <run_address>0x173e5</run_address>
         <size>0x18e</size>
         <input_file_ref idref="fl-dc"/>
      </object_component>
      <object_component id="oc-2dc">
         <name>.debug_info</name>
         <load_address>0x17573</load_address>
         <run_address>0x17573</run_address>
         <size>0x19f</size>
         <input_file_ref idref="fl-dc"/>
      </object_component>
      <object_component id="oc-206">
         <name>.debug_info</name>
         <load_address>0x17712</load_address>
         <run_address>0x17712</run_address>
         <size>0x203</size>
         <input_file_ref idref="fl-dc"/>
      </object_component>
      <object_component id="oc-40a">
         <name>.debug_info</name>
         <load_address>0x17915</load_address>
         <run_address>0x17915</run_address>
         <size>0x1db</size>
         <input_file_ref idref="fl-dc"/>
      </object_component>
      <object_component id="oc-1ff">
         <name>.debug_info</name>
         <load_address>0x17af0</load_address>
         <run_address>0x17af0</run_address>
         <size>0x1a5</size>
         <input_file_ref idref="fl-dc"/>
      </object_component>
      <object_component id="oc-3b0">
         <name>.debug_info</name>
         <load_address>0x17c95</load_address>
         <run_address>0x17c95</run_address>
         <size>0x299</size>
         <input_file_ref idref="fl-dc"/>
      </object_component>
      <object_component id="oc-bb">
         <name>.debug_info</name>
         <load_address>0x17f2e</load_address>
         <run_address>0x17f2e</run_address>
         <size>0xb2</size>
         <input_file_ref idref="fl-dc"/>
      </object_component>
      <object_component id="oc-b6">
         <name>.debug_info</name>
         <load_address>0x17fe0</load_address>
         <run_address>0x17fe0</run_address>
         <size>0x2c</size>
         <input_file_ref idref="fl-dc"/>
      </object_component>
      <object_component id="oc-28">
         <name>.debug_info</name>
         <load_address>0x1800c</load_address>
         <run_address>0x1800c</run_address>
         <size>0x10b</size>
         <input_file_ref idref="fl-dd"/>
      </object_component>
      <object_component id="oc-5e">
         <name>.debug_info</name>
         <load_address>0x18117</load_address>
         <run_address>0x18117</run_address>
         <size>0x1a9</size>
         <input_file_ref idref="fl-dd"/>
      </object_component>
[...]
      </symbol>
      <symbol id="sm-2d7">
         <name>OrbitOledInit</name>
         <value>0x1841</value>
         <object_component_ref idref="oc-286"/>
      </symbol>
      <symbol id="sm-2d8">
         <name>Ssi3PutByte</name>
         <value>0x1b19</value>
         <object_component_ref idref="oc-286"/>
      </symbol>
      <symbol id="sm-30b">
         <name>xchOledCur</name>
         <value>0x200005c8</value>
      </symbol>
      <symbol id="sm-30c">
         <name>ychOledCur</name>
         <value>0x200005d4</value>
      </symbol>
      <symbol id="sm-30d">
         <name>xchOledMax</name>
         <value>0x200005cc</value>
      </symbol>
      <symbol id="sm-30e">
         <name>ychOledMax</name>
         <value>0x200005d8</value>
      </symbol>
      <symbol id="sm-30f">
         <name>rgbOledFontUser</name>
         <value>0x2000046c</value>
      </symbol>
      <symbol id="sm-310">
         <name>OrbitOledPutString</name>
         <value>0x1ed1</value>
         <object_component_ref idref="oc-280"/>
      </symbol>
      <symbol id="sm-311">
         <name>OrbitOledGetCharUpdate</name>
         <value>0x1ead</value>
         <object_component_ref idref="oc-280"/>
      </symbol>
      <symbol id="sm-312">
         <name>OrbitOledSetCharUpdate</name>
         <value>0x1e95</value>
         <object_component_ref idref="oc-280"/>
      </symbol>
      <symbol id="sm-313">
         <name>OrbitOledDrawGlyph</name>
         <value>0x1efd</value>
         <object_component_ref idref="oc-280"/>
      </symbol>
      <symbol id="sm-314">
         <name>OrbitOledDefUserChar</name>
         <value>0x1e45</value>
         <object_component_ref idref="oc-280"/>
      </symbol>
      <symbol id="sm-315">
         <name>OrbitOledGetCursor</name>
         <value>0x1e29</value>
         <object_component_ref idref="oc-280"/>
      </symbol>
      <symbol id="sm-316">
         <name>OrbitOledSetCursor</name>
         <value>0x1ddd</value>
         <object_component_ref idref="oc-280"/>
      </symbol>
      <symbol id="sm-317">
         <name>OrbitOledPutChar</name>
         <value>0x1eb3</value>
         <object_component_ref idref="oc-280"/>
      </symbol>
      <symbol id="sm-318">
         <name>OrbitOledAdvanceCursor</name>
         <value>0x1f75</value>
         <object_component_ref idref="oc-280"/>
      </symbol>
      <symbol id="sm-3b5">
         <name>pfnDoRop</name>
         <value>0x200005c4</value>
      </symbol>
      <symbol id="sm-3b6">
         <name>modOledCur</name>
         <value>0x200005b0</value>
      </symbol>
      <symbol id="sm-3b7">
         <name>OrbitOledGetPixel</name>
         <value>0x1013</value>
         <object_component_ref idref="oc-32e"/>
      </symbol>
      <symbol id="sm-3b8">
         <name>OrbitOledMoveUp</name>
         <value>0x1741</value>
         <object_component_ref idref="oc-32e"/>
      </symbol>
      <symbol id="sm-3b9">
         <name>OrbitOledMoveTo</name>
         <value>0xef1</value>
         <object_component_ref idref="oc-32e"/>
      </symbol>
      <symbol id="sm-3ba">
         <name>OrbitOledGetDrawMode</name>
         <value>0xfe1</value>
         <object_component_ref idref="oc-32e"/>
      </symbol>
      <symbol id="sm-3bb">
         <name>OrbitOledDrawPixel</name>
         <value>0xfe7</value>
         <object_component_ref idref="oc-32e"/>
      </symbol>
      <symbol id="sm-3bc">
         <name>OrbitOledDrawString</name>
         <value>0x1683</value>
         <object_component_ref idref="oc-32e"/>
      </symbol>
      <symbol id="sm-3bd">
         <name>OrbitOledDrawChar</name>
         <value>0x1623</value>
         <object_component_ref idref="oc-32e"/>
      </symbol>
      <symbol id="sm-3be">
         <name>OrbitOledMoveDown</name>
         <value>0x1779</value>
         <object_component_ref idref="oc-32e"/>
      </symbol>
      <symbol id="sm-3bf">
         <name>OrbitOledMoveRight</name>
         <value>0x17c7</value>
         <object_component_ref idref="oc-32e"/>
      </symbol>
      <symbol id="sm-3c0">
         <name>OrbitOledFillRect</name>
         <value>0x11b1</value>
         <object_component_ref idref="oc-32e"/>
      </symbol>
      <symbol id="sm-3c1">
         <name>OrbitOledLineTo</name>
         <value>0x102d</value>
         <object_component_ref idref="oc-32e"/>
      </symbol>
      <symbol id="sm-3c2">
         <name>OrbitOledGetStdPattern</name>
         <value>0xf6b</value>
         <object_component_ref idref="oc-32e"/>
      </symbol>
      <symbol id="sm-3c3">
         <name>OrbitOledSetDrawColor</name>
         <value>0xf53</value>
         <object_component_ref idref="oc-32e"/>
      </symbol>
      <symbol id="sm-3c4">
         <name>OrbitOledDrawRect</name>
         <value>0x112d</value>
         <object_component_ref idref="oc-32e"/>
      </symbol>
      <symbol id="sm-3c5">
         <name>OrbitOledClampYco</name>
         <value>0x1801</value>
         <object_component_ref idref="oc-32e"/>
      </symbol>
      <symbol id="sm-3c6">
         <name>OrbitOledGetPos</name>
         <value>0xf37</value>
         <object_component_ref idref="oc-32e"/>
      </symbol>
      <symbol id="sm-3c7">
         <name>OrbitOledRopSet</name>
         <value>0x16a1</value>
         <object_component_ref idref="oc-32e"/>
      </symbol>
      <symbol id="sm-3c8">
         <name>OrbitOledRopXor</name>
         <value>0x1713</value>
         <object_component_ref idref="oc-32e"/>
      </symbol>
      <symbol id="sm-3c9">
         <name>OrbitOledGetBmp</name>
         <value>0x12f5</value>
         <object_component_ref idref="oc-32e"/>
      </symbol>
      <symbol id="sm-3ca">
         <name>OrbitOledMoveLeft</name>
         <value>0x17af</value>
         <object_component_ref idref="oc-32e"/>
      </symbol>
      <symbol id="sm-3cb">
         <name>OrbitOledRopAnd</name>
         <value>0x16ef</value>
         <object_component_ref idref="oc-32e"/>
      </symbol>
      <symbol id="sm-3cc">
         <name>OrbitOledPutBmp</name>
         <value>0x1455</value>
         <object_component_ref idref="oc-32e"/>
      </symbol>
      <symbol id="sm-3cd">
         <name>OrbitOledSetDrawMode</name>
         <value>0xf8d</value>
         <object_component_ref idref="oc-32e"/>
      </symbol>
      <symbol id="sm-3ce">
         <name>OrbitOledClampXco</name>
         <value>0x17e1</value>
         <object_component_ref idref="oc-32e"/>
      </symbol>
      <symbol id="sm-3cf">
         <name>OrbitOledSetFillPattern</name>
         <value>0xf7d</value>
         <object_component_ref idref="oc-32e"/>
      </symbol>
      <symbol id="sm-3d0">
         <name>OrbitOledRopOr</name>
         <value>0x16cb</value>
         <object_component_ref idref="oc-32e"/>
      </symbol>
      <symbol id="sm-3e2">
         <name>DelayMs</name>
         <value>0x2f5f</value>
         <object_component_ref idref="oc-343"/>
      </symbol>
      <symbol id="sm-3e3">
         <name>DelayInit</name>
         <value>0x2f45</value>
         <object_component_ref idref="oc-343"/>
      </symbol>
      <symbol id="sm-44c">
         <name>ADCProcessorTrigger</name>
         <value>0x3407</value>
         <object_component_ref idref="oc-15d"/>
      </symbol>
      <symbol id="sm-44d">
         <name>ADCSequenceEnable</name>
         <value>0x34d1</value>
         <object_component_ref idref="oc-19f"/>
      </symbol>
      <symbol id="sm-44e">
         <name>ADCIntEnable</name>
         <value>0x34a1</value>
         <object_component_ref idref="oc-1ab"/>
      </symbol>
      <symbol id="sm-44f">
         <name>ADCSequenceStepConfigure</name>
         <value>0x2cb1</value>
         <object_component_ref idref="oc-199"/>
      </symbol>
      <symbol id="sm-450">
         <name>ADCIntClear</name>
         <value>0x3537</value>
         <object_component_ref idref="oc-169"/>
      </symbol>
      <symbol id="sm-451">
         <name>ADCIntRegister</name>
         <value>0x33ef</value>
         <object_component_ref idref="oc-1a5"/>
      </symbol>
      <symbol id="sm-452">
         <name>ADCSequenceDataGet</name>
         <value>0x337d</value>
         <object_component_ref idref="oc-163"/>
      </symbol>
      <symbol id="sm-4eb">
         <name>GPIOIntRegister</name>
         <value>0x341f</value>
         <object_component_ref idref="oc-1eb"/>
      </symbol>
      <symbol id="sm-4ec">
         <name>GPIOPinConfigure</name>
         <value>0x3049</value>
         <object_component_ref idref="oc-34f"/>
      </symbol>
      <symbol id="sm-4ed">
         <name>GPIOIntEnable</name>
         <value>0x3507</value>
         <object_component_ref idref="oc-1f7"/>
      </symbol>
      <symbol id="sm-4ee">
         <name>GPIOIntTypeSet</name>
         <value>0x2fa1</value>
         <object_component_ref idref="oc-1f1"/>
      </symbol>
      <symbol id="sm-4ef">
         <name>GPIOPinTypeGPIOInput</name>
         <value>0x3437</value>
         <object_component_ref idref="oc-1c5"/>
      </symbol>
      <symbol id="sm-4f0">
         <name>GPIOIntClear</name>
         <value>0x356f</value>
         <object_component_ref idref="oc-1e5"/>
      </symbol>
      <symbol id="sm-4f1">
         <name>GPIOPinTypeGPIOOutput</name>
         <value>0x33d5</value>
         <object_component_ref idref="oc-36d"/>
      </symbol>
      <symbol id="sm-4f2">
         <name>GPIOPinRead</name>
         <value>0x3575</value>
         <object_component_ref idref="oc-1d1"/>
      </symbol>
      <symbol id="sm-4f3">
         <name>GPIODirModeSet</name>
         <value>0x3327</value>
         <object_component_ref idref="oc-2ae"/>
      </symbol>
      <symbol id="sm-4f4">
         <name>GPIOPinWrite</name>
         <value>0x357b</value>
         <object_component_ref idref="oc-367"/>
      </symbol>
      <symbol id="sm-4f5">
         <name>GPIOPadConfigSet</name>
         <value>0x2199</value>
         <object_component_ref idref="oc-1cb"/>
      </symbol>
      <symbol id="sm-4f6">
         <name>GPIOPinTypeSSI</name>
         <value>0x344d</value>
         <object_component_ref idref="oc-349"/>
      </symbol>
      <symbol id="sm-530">
         <name>IntEnable</name>
         <value>0x2e15</value>
         <object_component_ref idref="oc-271"/>
      </symbol>
      <symbol id="sm-531">
         <name>IntRegister</name>
         <value>0x325d</value>
         <object_component_ref idref="oc-25f"/>
      </symbol>
      <symbol id="sm-532">
         <name>g_pfnRAMVectors</name>
         <value>0x20000000</value>
         <object_component_ref idref="oc-324"/>
      </symbol>
      <symbol id="sm-533">
         <name>IntMasterEnable</name>
         <value>0x34b1</value>
         <object_component_ref idref="oc-f4"/>
      </symbol>
      <symbol id="sm-56b">
         <name>SSIDataPut</name>
         <value>0x3541</value>
         <object_component_ref idref="oc-379"/>
      </symbol>
      <symbol id="sm-56c">
         <name>SSIDataGet</name>
         <value>0x3513</value>
         <object_component_ref idref="oc-37f"/>
      </symbol>
      <symbol id="sm-56d">
         <name>SSIConfigSetExpClk</name>
         <value>0x31e9</value>
         <object_component_ref idref="oc-35b"/>
      </symbol>
      <symbol id="sm-56e">
         <name>SSIEnable</name>
         <value>0x354b</value>
         <object_component_ref idref="oc-361"/>
      </symbol>
      <symbol id="sm-56f">
         <name>SSIClockSourceSet</name>
         <value>0x3581</value>
         <object_component_ref idref="oc-355"/>
      </symbol>
      <symbol id="sm-570">
         <name>SSIBusy</name>
         <value>0x355f</value>
         <object_component_ref idref="oc-373"/>
      </symbol>
      <symbol id="sm-5cd">
         <name>SysCtlClockSet</name>
         <value>0x2729</value>
         <object_component_ref idref="oc-16f"/>
      </symbol>
      <symbol id="sm-5ce">
         <name>SysCtlDelay</name>
         <value>0x3587</value>
         <object_component_ref idref="oc-100"/>
      </symbol>
      <symbol id="sm-5cf">
         <name>SysCtlPeripheralEnable</name>
         <value>0x3291</value>
         <object_component_ref idref="oc-193"/>
      </symbol>
      <symbol id="sm-5d0">
         <name>SysCtlClockGet</name>
         <value>0x2305</value>
         <object_component_ref idref="oc-fa"/>
      </symbol>
      <symbol id="sm-5d1">
         <name>SysCtlPWMClockSet</name>
         <value>0x3465</value>
         <object_component_ref idref="oc-175"/>
      </symbol>
      <symbol id="sm-5fe">
         <name>SysTickEnable</name>
         <value>0x3479</value>
         <object_component_ref idref="oc-18d"/>
      </symbol>
      <symbol id="sm-5ff">
         <name>SysTickIntRegister</name>
         <value>0x339d</value>
         <object_component_ref idref="oc-181"/>
      </symbol>
      <symbol id="sm-600">
         <name>SysTickIntEnable</name>
         <value>0x348d</value>
         <object_component_ref idref="oc-187"/>
      </symbol>
      <symbol id="sm-601">
         <name>SysTickPeriodSet</name>
         <value>0x34c1</value>
         <object_component_ref idref="oc-17b"/>
      </symbol>
      <symbol id="sm-625">
         <name>TimerEnable</name>
         <value>0x34df</value>
         <object_component_ref idref="oc-3e2"/>
      </symbol>
      <symbol id="sm-626">
         <name>TimerValueGet</name>
         <value>0x3555</value>
         <object_component_ref idref="oc-3e8"/>
      </symbol>
      <symbol id="sm-627">
         <name>TimerConfigure</name>
         <value>0x2ee5</value>
         <object_component_ref idref="oc-3dc"/>
      </symbol>
      <symbol id="sm-631">
         <name>CPUcpsie</name>
         <value>0x34fb</value>
         <object_component_ref idref="oc-20c"/>
      </symbol>
      <symbol id="sm-648">
         <name>__aeabi_dsub</name>
         <value>0x1fe1</value>
         <object_component_ref idref="oc-221"/>
      </symbol>
      <symbol id="sm-649">
         <name>__aeabi_dadd</name>
         <value>0x1feb</value>
         <object_component_ref idref="oc-221"/>
      </symbol>
      <symbol id="sm-653">
         <name>__aeabi_d2iz</name>
         <value>0x3095</value>
         <object_component_ref idref="oc-226"/>
      </symbol>
      <symbol id="sm-65d">
         <name>__aeabi_i2d</name>
         <value>0x32f9</value>
         <object_component_ref idref="oc-21c"/>
      </symbol>
      <symbol id="sm-66c">
         <name>__aeabi_uidivmod</name>
         <value>0x31a9</value>
         <object_component_ref idref="oc-28e"/>
      </symbol>
      <symbol id="sm-66d">
         <name>__aeabi_uidiv</name>
         <value>0x31a9</value>
         <object_component_ref idref="oc-28e"/>
      </symbol>
      <symbol id="sm-684">
         <name>__TI_zero_init</name>
         <value>0x351f</value>
         <object_component_ref idref="oc-50"/>
      </symbol>
      <symbol id="sm-69b">
         <name>__TI_decompress_none</name>
         <value>0x34ed</value>
         <object_component_ref idref="oc-1b"/>
      </symbol>
      <symbol id="sm-6be">
         <name>__TI_decompress_lzss</name>
         <value>0x2e7d</value>
         <object_component_ref idref="oc-15"/>
      </symbol>
      <symbol id="sm-753">
         <name>_sys_memory</name>
         <value>0x20000808</value>
         <object_component_ref idref="oc-24"/>
      </symbol>
      <symbol id="sm-754">
         <name>free</name>
         <value>0x281d</value>
         <object_component_ref idref="oc-204"/>
      </symbol>
      <symbol id="sm-755">
         <name>memalign</name>
         <value>0x2531</value>
         <object_component_ref idref="oc-3af"/>
      </symbol>
      <symbol id="sm-756">
         <name>calloc</name>
         <value>0x3225</value>
         <object_component_ref idref="oc-1fe"/>
      </symbol>
      <symbol id="sm-757">
         <name>malloc</name>
         <value>0x3567</value>
         <object_component_ref idref="oc-2cc"/>
      </symbol>
      <symbol id="sm-758">
         <name>aligned_alloc</name>
         <value>0x2531</value>
         <object_component_ref idref="oc-3af"/>
      </symbol>
      <symbol id="sm-76b">
         <name>__stack</name>
         <value>0x200005e8</value>
         <object_component_ref idref="oc-27"/>
      </symbol>
      <symbol id="sm-76c">
         <name>_c_int00_noargs</name>
         <value>0x32c5</value>
         <object_component_ref idref="oc-5c"/>
      </symbol>
      <symbol id="sm-776">
         <name>__aeabi_idiv0</name>
         <value>0x3353</value>
         <object_component_ref idref="oc-392"/>
      </symbol>
      <symbol id="sm-777">
         <name>__aeabi_ldiv0</name>
         <value>0x3353</value>
         <object_component_ref idref="oc-392"/>
      </symbol>
      <symbol id="sm-792">
         <name>memcpy</name>
         <value>0x2c15</value>
         <object_component_ref idref="oc-3e"/>
      </symbol>
      <symbol id="sm-793">
         <name>__aeabi_memcpy</name>
         <value>0x2c15</value>
         <object_component_ref idref="oc-3e"/>
      </symbol>
      <symbol id="sm-794">
         <name>__aeabi_memcpy8</name>
         <value>0x2c15</value>
         <object_component_ref idref="oc-3e"/>
      </symbol>
      <symbol id="sm-795">
         <name>__aeabi_memcpy4</name>
         <value>0x2c15</value>
         <object_component_ref idref="oc-3e"/>
      </symbol>
      <symbol id="sm-7a4">
         <name>__aeabi_memset</name>
         <value>0x2d2d</value>
         <object_component_ref idref="oc-96"/>
      </symbol>
      <symbol id="sm-7a5">
         <name>memset</name>
         <value>0x2d33</value>
         <object_component_ref idref="oc-96"/>
      </symbol>
      <symbol id="sm-7a6">
         <name>__aeabi_memset8</name>
         <value>0x2d2d</value>
         <object_component_ref idref="oc-96"/>
      </symbol>
      <symbol id="sm-7a7">
         <name>__aeabi_memset4</name>
         <value>0x2d2d</value>
         <object_component_ref idref="oc-96"/>
      </symbol>
      <symbol id="sm-7a8">
         <name>__aeabi_memclr8</name>
         <value>0x2d2b</value>
         <object_component_ref idref="oc-96"/>
      </symbol>
      <symbol id="sm-7a9">
         <name>__aeabi_memclr4</name>
         <value>0x2d2b</value>
         <object_component_ref idref="oc-96"/>
      </symbol>
      <symbol id="sm-7aa">
         <name>__aeabi_memclr</name>
         <value>0x2d2b</value>
         <object_component_ref idref="oc-96"/>
      </symbol>
      <symbol id="sm-7d2">
         <name>__TI_auto_init_nobinit_nopinit</name>
         <value>0x3165</value>
         <object_component_ref idref="oc-11f"/>
      </symbol>
      <symbol id="sm-7dc">
         <name>_system_pre_init</name>
         <value>0x358d</value>
         <object_component_ref idref="oc-9c"/>
      </symbol>
      <symbol id="sm-7e8">
         <name>C$$EXIT</name>
         <value>0x3591</value>
         <object_component_ref idref="oc-113"/>
      </symbol>
      <symbol id="sm-7e9">
         <name>abort</name>
         <value>0x3591</value>
         <object_component_ref idref="oc-113"/>
      </symbol>
      <symbol id="sm-7fe">
         <name>_nop</name>
         <value>0x2197</value>
         <object_component_ref idref="oc-2f6"/>
      </symbol>
      <symbol id="sm-7ff">
         <name>_lock</name>
         <value>0x200007e8</value>
         <object_component_ref idref="oc-23a"/>
      </symbol>
      <symbol id="sm-800">
         <name>_unlock</name>
         <value>0x200007ec</value>
         <object_component_ref idref="oc-23a"/>
      </symbol>
      <symbol id="sm-802">
         <name>__TI_static_base__</name>
         <value>0x0</value>
      </symbol>
      <symbol id="sm-805">
         <name>__mpu_init</name>
         <value>0x0</value>
      </symbol>
      <symbol id="sm-806">
         <name>_system_post_cinit</name>
         <value>0x0</value>
      </symbol>
   </symbol_table>
   <title>Link successful</title>
</link_info>
