******************************************************************************
                  TI ARM Linker PC v20.2.7                     
******************************************************************************
>> Linked Sun May 21 21:30:19 2023

OUTPUT FILE NAME:   <temp_milestone_3.out>
ENTRY POINT SYMBOL: "_c_int00_noargs"  address: 00003d39


MEMORY CONFIGURATION

         name            origin    length      used     unused   attr    fill
----------------------  --------  ---------  --------  --------  ----  --------
  FLASH                 00000000   00040000  000047c4  0003b83c  R  X
  SRAM                  20000000   00008000  00001270  00006d90  RW X


SEGMENT ALLOCATION MAP

run origin  load origin   length   init length attrs members
----------  ----------- ---------- ----------- ----- -------
00000000    00000000    000047c8   000047c8    r-x
  00000000    00000000    0000026c   0000026c    r-- .intvecs
  0000026c    0000026c    00003e90   00003e90    r-x .text
  000040fc    000040fc    00000668   00000668    r-- .const
  00004768    00004768    00000060   00000060    r-- .cinit
20000000    20000000    00001275   00000000    rw-
  20000000    20000000    0000026c   00000000    rw- .vtable
  20000270    20000270    00000800   00000000    rw- .stack
  20000a70    20000a70    00000400   00000000    rw- .sysmem
  20000e70    20000e70    000003c3   00000000    rw- .bss
  20001234    20001234    00000041   00000000    rw- .data


SECTION ALLOCATION MAP

 output                                  attributes/
section   page    origin      length       input sections
--------  ----  ----------  ----------   ----------------
.intvecs   0    00000000    0000026c     
                  00000000    0000026c     tm4c123gh6pm_startup_ccs.obj (.intvecs)

.text      0    0000026c    00003e90     
                  0000026c    00000c84     ustdlib.obj (.text)
                  00000ef0    00000950     OrbitOledGrph.obj (.text)
                  00001840    0000037c     OrbitOled.obj (.text)
                  00001bbc    00000220     buttons.obj (.text)
                  00001ddc    00000218     yaw.obj (.text)
                  00001ff4    00000204     OrbitOledChar.obj (.text)
                  000021f8    000001d8     rotors.obj (.text)
                  000023d0    000001b8     UART.obj (.text)
                  00002588    000001b6     rtsv7M4_T_le_v4SPD16_eabi.lib : fd_add_t2.asm.obj (.text)
                  0000273e    00000002                                   : _lock.c.obj (.text:_nop)
                  00002740    00000190     flight_mode.obj (.text)
                  000028d0    00000180     altitude.obj (.text)
                  00002a50    0000017c     PID_controller.obj (.text)
                  00002bcc    0000016c     driverlib.lib : gpio.obj (.text:GPIOPadConfigSet)
                  00002d38    00000134     helicopter_controller.obj (.text)
                  00002e6c    00000124     display.obj (.text)
                  00002f90    00000118     driverlib.lib : sysctl.obj (.text:SysCtlClockGet)
                  000030a8    00000100     rtsv7M4_T_le_v4SPD16_eabi.lib : memory.c.obj (.text:aligned_alloc)
                  000031a8    000000fc                                   : fd_mul_t2.asm.obj (.text)
                  000032a4    000000f4     driverlib.lib : sysctl.obj (.text:SysCtlClockSet)
                  00003398    000000e4     rtsv7M4_T_le_v4SPD16_eabi.lib : memory.c.obj (.text:free)
                  0000347c    000000b8     buffer.obj (.text)
                  00003534    000000a4     switch.obj (.text)
                  000035d8    0000009c     rtsv7M4_T_le_v4SPD16_eabi.lib : memcpy_t2.asm.obj (.text)
                  00003674    0000007a     driverlib.lib : adc.obj (.text:ADCSequenceStepConfigure)
                  000036ee    0000007a     rtsv7M4_T_le_v4SPD16_eabi.lib : memset_t2.asm.obj (.text)
                  00003768    00000070                                   : memory.c.obj (.text:split)
                  000037d8    00000068     driverlib.lib : interrupt.obj (.text:IntEnable)
                  00003840    00000068     rtsv7M4_T_le_v4SPD16_eabi.lib : copy_decompress_lzss.c.obj (.text:decompress:lzss:__TI_decompress_lzss)
                  000038a8    00000068     reset.obj (.text)
                  00003910    00000060     driverlib.lib : timer.obj (.text:TimerConfigure)
                  00003970    0000005c     delay.obj (.text)
                  000039cc    00000058     driverlib.lib : gpio.obj (.text:GPIOIntTypeSet)
                  00003a24    00000050                   : adc.obj (.text:_ADCIntNumberGet)
                  00003a74    0000004c                   : gpio.obj (.text:GPIOPinConfigure)
                  00003ac0    00000048     rtsv7M4_T_le_v4SPD16_eabi.lib : fd_toi_t2.asm.obj (.text)
                  00003b08    00000046     driverlib.lib : uart.obj (.text:UARTConfigSetExpClk)
                  00003b4e    00000002     rtsv7M4_T_le_v4SPD16_eabi.lib : div0.asm.obj (.text)
                  00003b50    00000044     OrbitOLEDInterface.obj (.text)
                  00003b94    00000044     driverlib.lib : gpio.obj (.text:_GPIOIntNumberGet)
                  00003bd8    00000044     rtsv7M4_T_le_v4SPD16_eabi.lib : autoinit.c.obj (.text:__TI_auto_init_nobinit_nopinit:__TI_auto_init_nobinit_nopinit)
                  00003c1c    00000040                                   : u_divt2.asm.obj (.text)
                  00003c5c    0000003c     driverlib.lib : ssi.obj (.text:SSIConfigSetExpClk)
                  00003c98    00000038     rtsv7M4_T_le_v4SPD16_eabi.lib : memory.c.obj (.text:calloc)
                  00003cd0    00000034     driverlib.lib : interrupt.obj (.text:IntRegister)
                  00003d04    00000034                   : sysctl.obj (.text:SysCtlPeripheralEnable)
                  00003d38    00000034     rtsv7M4_T_le_v4SPD16_eabi.lib : boot_cortex_m.c.obj (.text:_c_int00_noargs:_c_int00_noargs)
                  00003d6c    0000002e                                   : i_tofd_t2.asm.obj (.text)
                  00003d9a    0000002c     driverlib.lib : gpio.obj (.text:GPIODirModeSet)
                  00003dc6    00000002     --HOLE-- [fill = 0]
                  00003dc8    00000028     rtsv7M4_T_le_v4SPD16_eabi.lib : memory.c.obj (.text:free_list_insert)
                  00003df0    00000022     driverlib.lib : pwm.obj (.text:PWMGenConfigure)
                  00003e12    00000002     --HOLE-- [fill = 0]
                  00003e14    00000020                   : uart.obj (.text:UARTDisable)
                  00003e34    0000001e                   : adc.obj (.text:ADCSequenceDataGet)
                  00003e52    0000001e                   : pwm.obj (.text:PWMPulseWidthSet)
                  00003e70    0000001c                   : systick.obj (.text:SysTickIntRegister)
                  00003e8c    0000001c     rtsv7M4_T_le_v4SPD16_eabi.lib : memory.c.obj (.text:free_list_remove)
                  00003ea8    0000001a     driverlib.lib : gpio.obj (.text:GPIOPinTypeGPIOOutput)
                  00003ec2    00000018                   : adc.obj (.text:ADCIntRegister)
                  00003eda    00000018                   : adc.obj (.text:ADCProcessorTrigger)
                  00003ef2    00000018                   : gpio.obj (.text:GPIOIntRegister)
                  00003f0a    00000016                   : gpio.obj (.text:GPIOPinTypeGPIOInput)
                  00003f20    00000016                   : gpio.obj (.text:GPIOPinTypePWM)
                  00003f36    00000016                   : gpio.obj (.text:GPIOPinTypeSSI)
                  00003f4c    00000016                   : gpio.obj (.text:GPIOPinTypeUART)
                  00003f62    00000002     --HOLE-- [fill = 0]
                  00003f64    00000014                   : sysctl.obj (.text:SysCtlPWMClockSet)
                  00003f78    00000014                   : systick.obj (.text:SysTickEnable)
                  00003f8c    00000014                   : systick.obj (.text:SysTickIntEnable)
                  00003fa0    00000014                   : uart.obj (.text:UARTEnable)
                  00003fb4    00000012                   : pwm.obj (.text:PWMOutputState)
                  00003fc6    00000010                   : adc.obj (.text:ADCIntEnable)
                  00003fd6    00000010                   : interrupt.obj (.text:IntMasterEnable)
                  00003fe6    00000010                   : pwm.obj (.text:PWMGenPeriodSet)
                  00003ff6    00000002     --HOLE-- [fill = 0]
                  00003ff8    00000010                   : sysctl.obj (.text:SysCtlReset)
                  00004008    00000010                   : systick.obj (.text:SysTickPeriodSet)
                  00004018    0000000e                   : adc.obj (.text:ADCSequenceEnable)
                  00004026    0000000e                   : timer.obj (.text:TimerEnable)
                  00004034    0000000e     rtsv7M4_T_le_v4SPD16_eabi.lib : copy_decompress_none.c.obj (.text:decompress:none:__TI_decompress_none)
                  00004042    0000000c     driverlib.lib : cpu.obj (.text:CPUcpsie)
                  0000404e    0000000c                   : gpio.obj (.text:GPIOIntEnable)
                  0000405a    0000000c                   : pwm.obj (.text:PWMGenEnable)
                  00004066    0000000c                   : ssi.obj (.text:SSIDataGet)
                  00004072    0000000c     rtsv7M4_T_le_v4SPD16_eabi.lib : copy_zero_init.c.obj (.text:decompress:ZI:__TI_zero_init)
                  0000407e    0000000c     tm4c123gh6pm_startup_ccs.obj (.text)
                  0000408a    0000000a     driverlib.lib : adc.obj (.text:ADCIntClear)
                  00004094    0000000a                   : ssi.obj (.text:SSIDataPut)
                  0000409e    0000000a                   : ssi.obj (.text:SSIEnable)
                  000040a8    0000000a                   : timer.obj (.text:TimerValueGet)
                  000040b2    0000000a                   : uart.obj (.text:UARTCharPut)
                  000040bc    0000000a                   : uart.obj (.text:UARTFIFOEnable)
                  000040c6    00000008                   : ssi.obj (.text:SSIBusy)
                  000040ce    00000008     rtsv7M4_T_le_v4SPD16_eabi.lib : memory.c.obj (.text:malloc)
                  000040d6    00000006     driverlib.lib : gpio.obj (.text:GPIOIntClear)
                  000040dc    00000006                   : gpio.obj (.text:GPIOPinRead)
                  000040e2    00000006                   : gpio.obj (.text:GPIOPinWrite)
                  000040e8    00000006                   : ssi.obj (.text:SSIClockSourceSet)
                  000040ee    00000006                   : sysctl.obj (.text:SysCtlDelay)
                  000040f4    00000004     rtsv7M4_T_le_v4SPD16_eabi.lib : pre_init.c.obj (.text:_system_pre_init)
                  000040f8    00000004                                   : exit.c.obj (.text:abort:abort)

.const     0    000040fc    00000668     
                  000040fc    00000300     ChrFont0.obj (.const:.string:rgbOledFont0)
                  000043fc    000000d8     driverlib.lib : gpio.obj (.const:g_ppui32GPIOIntMapSnowflake)
                  000044d4    000000c0                   : gpio.obj (.const:g_ppui32GPIOIntMapBlizzard)
                  00004594    00000090                   : gpio.obj (.const:g_pui32GPIOBaseAddrs)
                  00004624    0000006c                   : sysctl.obj (.const:g_pui32Xtals)
                  00004690    00000040     FillPat.obj (.const:.string:rgbFillPat)
                  000046d0    00000030     ustdlib.obj (.const:g_psDaysToMonth)
                  00004700    00000020     flight_mode.obj (.const:.string)
                  00004720    00000018     ustdlib.obj (.const:g_pfExponents)
                  00004738    00000014     driverlib.lib : interrupt.obj (.const:g_pui32EnRegs)
                  0000474c    00000012     ustdlib.obj (.const:.string)
                  0000475e    00000002     --HOLE-- [fill = 0]
                  00004760    00000004     ustdlib.obj (.const)

.cinit     0    00004768    00000060     
                  00004768    00000025     (.cinit..data.load) [load image, compression = lzss]
                  0000478d    00000003     --HOLE-- [fill = 0]
                  00004790    0000000c     (__TI_handler_table)
                  0000479c    00000004     --HOLE-- [fill = 0]
                  000047a0    00000008     (.cinit..bss.load) [load image, compression = zero_init]
                  000047a8    00000008     (.cinit..vtable.load) [load image, compression = zero_init]
                  000047b0    00000018     (__TI_cinit_table)

.init_array 
*          0    00000000    00000000     UNINITIALIZED

.vtable    0    20000000    0000026c     UNINITIALIZED
                  20000000    0000026c     driverlib.lib : interrupt.obj (.vtable)

.stack     0    20000270    00000800     UNINITIALIZED
                  20000270    00000004     rtsv7M4_T_le_v4SPD16_eabi.lib : boot_cortex_m.c.obj (.stack)
                  20000274    000007fc     --HOLE--

.sysmem    0    20000a70    00000400     UNINITIALIZED
                  20000a70    00000010     rtsv7M4_T_le_v4SPD16_eabi.lib : memory.c.obj (.sysmem)
                  20000a80    000003f0     --HOLE--

.bss       0    20000e70    000003c3     UNINITIALIZED
                  20000e70    00000200     (.common:rgbOledBmp)
                  20001070    00000100     (.common:rgbOledFontUser)
                  20001170    00000024     (.common:uart_str)
                  20001194    00000014     display.obj (.bss:text_buffer)
                  200011a8    00000010     altitude.obj (.bss)
                  200011b8    00000010     (.common:g_inBuffer)
                  200011c8    00000008     rotors.obj (.bss)
                  200011d0    00000008     yaw.obj (.bss)
                  200011d8    00000004     buttons.obj (.bss:buttonCount)
                  200011dc    00000004     buttons.obj (.bss:buttonFlag)
                  200011e0    00000004     buttons.obj (.bss:buttonNormal)
                  200011e4    00000004     buttons.obj (.bss:buttonState)
                  200011e8    00000004     (.common:bnOledCur)
                  200011ec    00000004     (.common:dxcoOledFontCur)
                  200011f0    00000004     (.common:dycoOledFontCur)
                  200011f4    00000004     (.common:fOledCharUpdate)
                  200011f8    00000004     (.common:mainDC)
                  200011fc    00000004     (.common:modOledCur)
                  20001200    00000004     (.common:pbOledCur)
                  20001204    00000004     (.common:pbOledFontCur)
                  20001208    00000004     (.common:pbOledFontUser)
                  2000120c    00000004     (.common:pbOledPatCur)
                  20001210    00000004     (.common:pfnDoRop)
                  20001214    00000004     (.common:tailDC)
                  20001218    00000004     (.common:xchOledCur)
                  2000121c    00000004     (.common:xchOledMax)
                  20001220    00000004     (.common:xcoOledCur)
                  20001224    00000004     (.common:ychOledCur)
                  20001228    00000004     (.common:ychOledMax)
                  2000122c    00000004     (.common:ycoOledCur)
                  20001230    00000001     (.common:clrOledCur)
                  20001231    00000001     (.common:isSwitchPosChanged)
                  20001232    00000001     (.common:switchPos)

.data      0    20001234    00000041     UNINITIALIZED
                  20001234    00000010     flight_mode.obj (.data:flightStateStrings)
                  20001244    0000000c     helicopter_controller.obj (.data)
                  20001250    00000008     rtsv7M4_T_le_v4SPD16_eabi.lib : _lock.c.obj (.data:$O1$$)
                  20001258    00000008                                   : memory.c.obj (.data:$O1$$)
                  20001260    00000008     PID_controller.obj (.data)
                  20001268    00000008     yaw.obj (.data)
                  20001270    00000004     ustdlib.obj (.data)
                  20001274    00000001     flight_mode.obj (.data)

__llvm_prf_cnts 
*          0    20000000    00000000     UNINITIALIZED

MODULE SUMMARY

       Module                         code    ro data   rw data
       ------                         ----    -------   -------
    .\
       ustdlib.obj                    3204    94        4      
       tm4c123gh6pm_startup_ccs.obj   12      620       0      
       buttons.obj                    544     0         16     
       yaw.obj                        536     0         16     
       rotors.obj                     472     0         8      
       UART.obj                       440     0         36     
       flight_mode.obj                400     32        17     
       altitude.obj                   384     0         16     
       PID_controller.obj             380     0         16     
       helicopter_controller.obj      308     0         28     
       display.obj                    292     0         20     
       buffer.obj                     184     0         0      
       switch.obj                     164     0         2      
       reset.obj                      104     0         0      
    +--+------------------------------+-------+---------+---------+
       Total:                         7424    746       179    
                                                               
    .\OrbitOLED\
       OrbitOLEDInterface.obj         68      0         0      
    +--+------------------------------+-------+---------+---------+
       Total:                         68      0         0      
                                                               
    .\OrbitOLED\lib_OrbitOled\
       OrbitOledGrph.obj              2384    0         8      
       OrbitOled.obj                  892     0         553    
       OrbitOledChar.obj              516     0         272    
       ChrFont0.obj                   0       768       0      
       delay.obj                      92      0         0      
       FillPat.obj                    0       64        0      
    +--+------------------------------+-------+---------+---------+
       Total:                         3884    832       833    
                                                               
    C:/Users/caleb/Desktop/TivaWare_C_Series-2.2.0.295/TivaWare_C_Series-2.2.0.295/driverlib/ccs/Debug/driverlib.lib
       gpio.obj                       808     552       0      
       interrupt.obj                  172     20        620    
       sysctl.obj                     618     108       0      
       adc.obj                        320     0         0      
       uart.obj                       142     0         0      
       timer.obj                      120     0         0      
       pwm.obj                        110     0         0      
       ssi.obj                        106     0         0      
       systick.obj                    84      0         0      
       cpu.obj                        12      0         0      
    +--+------------------------------+-------+---------+---------+
       Total:                         2492    680       620    
                                                               
    C:\ti\ccs1220\ccs\tools\compiler\ti-cgt-arm_20.2.7.LTS\lib\rtsv7M4_T_le_v4SPD16_eabi.lib
       memory.c.obj                   728     0         8      
       fd_add_t2.asm.obj              438     0         0      
       fd_mul_t2.asm.obj              252     0         0      
       memcpy_t2.asm.obj              156     0         0      
       memset_t2.asm.obj              122     0         0      
       copy_decompress_lzss.c.obj     104     0         0      
       fd_toi_t2.asm.obj              72      0         0      
       autoinit.c.obj                 68      0         0      
       u_divt2.asm.obj                64      0         0      
       boot_cortex_m.c.obj            52      0         0      
       i_tofd_t2.asm.obj              46      0         0      
       copy_decompress_none.c.obj     14      0         0      
       copy_zero_init.c.obj           12      0         0      
       _lock.c.obj                    2       0         8      
       exit.c.obj                     4       0         0      
       pre_init.c.obj                 4       0         0      
       div0.asm.obj                   2       0         0      
    +--+------------------------------+-------+---------+---------+
       Total:                         2140    0         16     
                                                               
       Heap:                          0       0         1024   
       Stack:                         0       0         2048   
       Linker Generated:              0       89        0      
    +--+------------------------------+-------+---------+---------+
       Grand Total:                   16008   2347      4720   


LINKER GENERATED COPY TABLES

__TI_cinit_table @ 000047b0 records: 3, size/record: 8, table size: 24
	.data: load addr=00004768, load size=00000025 bytes, run addr=20001234, run size=00000041 bytes, compression=lzss
	.bss: load addr=000047a0, load size=00000008 bytes, run addr=20000e70, run size=000003c3 bytes, compression=zero_init
	.vtable: load addr=000047a8, load size=00000008 bytes, run addr=20000000, run size=0000026c bytes, compression=zero_init


LINKER GENERATED HANDLER TABLE

__TI_handler_table @ 00004790 records: 3, size/record: 4, table size: 12
	index: 0, handler: __TI_zero_init
	index: 1, handler: __TI_decompress_lzss
	index: 2, handler: __TI_decompress_none


GLOBAL SYMBOLS: SORTED ALPHABETICALLY BY Name 

address   name                          
-------   ----                          
0000408b  ADCIntClear                   
00003fc7  ADCIntEnable                  
00003ec3  ADCIntRegister                
00003edb  ADCProcessorTrigger           
00003e35  ADCSequenceDataGet            
00004019  ADCSequenceEnable             
00003675  ADCSequenceStepConfigure      
00002a09  ADC_int_handler               
000040f9  C$$EXIT                       
00004043  CPUcpsie                      
00003971  DelayInit                     
0000398b  DelayMs                       
00003d9b  GPIODirModeSet                
000040d7  GPIOIntClear                  
0000404f  GPIOIntEnable                 
00003ef3  GPIOIntRegister               
000039cd  GPIOIntTypeSet                
00002bcd  GPIOPadConfigSet              
00003a75  GPIOPinConfigure              
000040dd  GPIOPinRead                   
00003f0b  GPIOPinTypeGPIOInput          
00003ea9  GPIOPinTypeGPIOOutput         
00003f21  GPIOPinTypePWM                
00003f37  GPIOPinTypeSSI                
00003f4d  GPIOPinTypeUART               
000040e3  GPIOPinWrite                  
000037d9  IntEnable                     
00003fd7  IntMasterEnable               
00003cd1  IntRegister                   
00003b77  OLEDInitialise                
00003b51  OLEDStringDraw                
0000218d  OrbitOledAdvanceCursor        
000017e1  OrbitOledClampXco             
00001801  OrbitOledClampYco             
00001a1d  OrbitOledClear                
00001a29  OrbitOledClearBuffer          
0000205d  OrbitOledDefUserChar          
00001999  OrbitOledDevInit              
00001623  OrbitOledDrawChar             
00002115  OrbitOledDrawGlyph            
00000fe7  OrbitOledDrawPixel            
0000112d  OrbitOledDrawRect             
00001683  OrbitOledDrawString           
0000191f  OrbitOledDvrInit              
000011b1  OrbitOledFillRect             
000012f5  OrbitOledGetBmp               
000020c5  OrbitOledGetCharUpdate        
00002041  OrbitOledGetCursor            
00000fe1  OrbitOledGetDrawMode          
00001013  OrbitOledGetPixel             
00000f37  OrbitOledGetPos               
00000f6b  OrbitOledGetStdPattern        
00001855  OrbitOledHostInit             
00001841  OrbitOledInit                 
0000102d  OrbitOledLineTo               
00001779  OrbitOledMoveDown             
000017af  OrbitOledMoveLeft             
000017c7  OrbitOledMoveRight            
00000ef1  OrbitOledMoveTo               
00001741  OrbitOledMoveUp               
00001455  OrbitOledPutBmp               
00001ab3  OrbitOledPutBuffer            
000020cb  OrbitOledPutChar              
000020e9  OrbitOledPutString            
000016ef  OrbitOledRopAnd               
000016cb  OrbitOledRopOr                
000016a1  OrbitOledRopSet               
00001713  OrbitOledRopXor               
000020ad  OrbitOledSetCharUpdate        
00001ff5  OrbitOledSetCursor            
00000f53  OrbitOledSetDrawColor         
00000f8d  OrbitOledSetDrawMode          
00000f7d  OrbitOledSetFillPattern       
00001a59  OrbitOledUpdate               
00003df1  PWMGenConfigure               
0000405b  PWMGenEnable                  
00003fe7  PWMGenPeriodSet               
00003fb5  PWMOutputState                
00003e53  PWMPulseWidthSet              
0000407f  ResetISR                      
000040c7  SSIBusy                       
000040e9  SSIClockSourceSet             
00003c5d  SSIConfigSetExpClk            
00004067  SSIDataGet                    
00004095  SSIDataPut                    
0000409f  SSIEnable                     
00001b19  Ssi3PutByte                   
00002f91  SysCtlClockGet                
000032a5  SysCtlClockSet                
000040ef  SysCtlDelay                   
00003f65  SysCtlPWMClockSet             
00003d05  SysCtlPeripheralEnable        
00003ff9  SysCtlReset                   
00003f79  SysTickEnable                 
00003f8d  SysTickIntEnable              
00003e71  SysTickIntRegister            
00004009  SysTickPeriodSet              
00003911  TimerConfigure                
00004027  TimerEnable                   
000040a9  TimerValueGet                 
000040b3  UARTCharPut                   
00003b09  UARTConfigSetExpClk           
00003e15  UARTDisable                   
00003fa1  UARTEnable                    
000040bd  UARTFIFOEnable                
00002417  UART_Send                     
00002437  UART_print_func               
20000a70  __STACK_END                   
00000800  __STACK_SIZE                  
20000470  __STACK_TOP                   
00000400  __SYSMEM_SIZE                 
000047b0  __TI_CINIT_Base               
000047c8  __TI_CINIT_Limit              
00004790  __TI_Handler_Table_Base       
0000479c  __TI_Handler_Table_Limit      
00003bd9  __TI_auto_init_nobinit_nopinit
00003841  __TI_decompress_lzss          
00004035  __TI_decompress_none          
ffffffff  __TI_pprof_out_hndl           
ffffffff  __TI_prof_data_size           
ffffffff  __TI_prof_data_start          
00000000  __TI_static_base__            
00004073  __TI_zero_init                
00003ac1  __aeabi_d2iz                  
00002593  __aeabi_dadd                  
000031a9  __aeabi_dmul                  
00002589  __aeabi_dsub                  
00003d6d  __aeabi_i2d                   
00003b4f  __aeabi_idiv0                 
00003b4f  __aeabi_ldiv0                 
000036ef  __aeabi_memclr                
000036ef  __aeabi_memclr4               
000036ef  __aeabi_memclr8               
000035d9  __aeabi_memcpy                
000035d9  __aeabi_memcpy4               
000035d9  __aeabi_memcpy8               
000036f1  __aeabi_memset                
000036f1  __aeabi_memset4               
000036f1  __aeabi_memset8               
00003c1d  __aeabi_uidiv                 
00003c1d  __aeabi_uidivmod              
ffffffff  __binit__                     
ffffffff  __c_args__                    
UNDEFED   __mpu_init                    
20000270  __stack                       
20000000  __start___llvm_prf_cnts       
20000000  __stop___llvm_prf_cnts        
00003d39  _c_int00_noargs               
20001250  _lock                         
0000273f  _nop                          
20000a70  _sys_memory                   
UNDEFED   _system_post_cinit            
000040f5  _system_pre_init              
20001254  _unlock                       
000040f9  abort                         
000030a9  aligned_alloc                 
00002971  altitude_error                
ffffffff  binit                         
200011e8  bnOledCur                     
00002931  calc_altitude                 
000028d7  calc_avg_ADC                  
00001ddd  calc_yaw_angle                
00003c99  calloc                        
00001d5f  check_button                  
000035b1  check_switch                  
20001230  clrOledCur                    
2000126c  count                         
00002e75  display_blank                 
00002e9d  display_flight                
200011ec  dxcoOledFontCur               
200011f0  dycoOledFontCur               
200011f4  fOledCharUpdate               
20001245  flagSixHz                     
20001244  flagTenHz                     
20001274  flightState                   
0000350f  flush_buff                    
00003399  free                          
200011b8  g_inBuffer                    
20000000  g_pfnRAMVectors               
00000000  g_pfnVectors                  
000029bb  get_altitude                  
000028d1  get_desired_alt               
00001e93  get_desired_yaw               
00002861  get_flight_state              
00002869  get_flight_state_string       
00002395  get_main_dc                   
0000239b  get_tail_dc                   
000029d9  init_ADC                      
0000347d  init_buff                     
00001bbd  init_buttons                  
00002e6d  init_display                  
000021f9  init_main_pwm                 
00002331  init_motors                   
000038bb  init_reset                    
00002d7d  init_sys_tick                 
00002237  init_tail_pwm                 
00001f6d  init_yaw_GPIO                 
000023d1  initialise_USB_UART           
20001231  isSwitchPosChanged            
00002da9  main                          
200011f8  mainDC                        
000040cf  malloc                        
000030a9  memalign                      
000035d9  memcpy                        
000036f7  memset                        
200011fc  modOledCur                    
20001200  pbOledCur                     
20001204  pbOledFontCur                 
20001208  pbOledFontUser                
2000120c  pbOledPatCur                  
20001210  pfnDoRop                      
20001260  prevAltError                  
20001268  prevPhase                     
20001264  prevYawError                  
0000289d  reached_desired_alt           
000034db  read_buff                     
000029d1  reset_desired_altitude        
00001e19  reset_desired_yaw             
000038a9  reset_int                     
00004690  rgbFillPat                    
20000e70  rgbOledBmp                    
000040fc  rgbOledFont0                  
20001070  rgbOledFontUser               
000029c1  set_altitude                  
00002271  set_main_pwm                  
00002921  set_ref_ADC                   
000022d3  set_tail_pwm                  
0000236d  start_main_pwm                
00002381  start_tail_pwm                
00002359  stop_main_pwm                 
00002345  stop_tail_pwm                 
20001232  switchPos                     
00003535  switch_init                   
00002d39  sys_tick_int_handler          
20001214  tailDC                        
20001170  uart_str                      
00000751  ulocaltime                    
0000094f  umktime                       
00002a51  update_altitude               
00001c8b  update_buttons                
00002981  update_desired_altitude       
00001e49  update_desired_yaw            
00002741  update_flight_mode            
00003575  update_switch                 
00002ae9  update_yaw                    
00000ec9  urand                         
00000721  usnprintf                     
000006ef  usprintf                      
00000eb9  usrand                        
00000e31  ustrcasecmp                   
00000ea5  ustrcmp                       
00000d35  ustrlen                       
00000d8d  ustrncasecmp                  
00000e45  ustrncmp                      
0000026d  ustrncpy                      
00000d57  ustrstr                       
00000afd  ustrtof                       
000009c5  ustrtoul                      
000002c5  uvsnprintf                    
000034a7  write_buff                    
20001218  xchOledCur                    
2000121c  xchOledMax                    
20001220  xcoOledCur                    
00001e99  yaw_error                     
00001eab  yaw_int_handler               
00001e21  yaw_ref_ISR                   
00002881  yaw_ref_found                 
20001224  ychOledCur                    
20001228  ychOledMax                    
2000122c  ycoOledCur                    


GLOBAL SYMBOLS: SORTED BY Symbol Address 

address   name                          
-------   ----                          
00000000  __TI_static_base__            
00000000  g_pfnVectors                  
0000026d  ustrncpy                      
000002c5  uvsnprintf                    
00000400  __SYSMEM_SIZE                 
000006ef  usprintf                      
00000721  usnprintf                     
00000751  ulocaltime                    
00000800  __STACK_SIZE                  
0000094f  umktime                       
000009c5  ustrtoul                      
00000afd  ustrtof                       
00000d35  ustrlen                       
00000d57  ustrstr                       
00000d8d  ustrncasecmp                  
00000e31  ustrcasecmp                   
00000e45  ustrncmp                      
00000ea5  ustrcmp                       
00000eb9  usrand                        
00000ec9  urand                         
00000ef1  OrbitOledMoveTo               
00000f37  OrbitOledGetPos               
00000f53  OrbitOledSetDrawColor         
00000f6b  OrbitOledGetStdPattern        
00000f7d  OrbitOledSetFillPattern       
00000f8d  OrbitOledSetDrawMode          
00000fe1  OrbitOledGetDrawMode          
00000fe7  OrbitOledDrawPixel            
00001013  OrbitOledGetPixel             
0000102d  OrbitOledLineTo               
0000112d  OrbitOledDrawRect             
000011b1  OrbitOledFillRect             
000012f5  OrbitOledGetBmp               
00001455  OrbitOledPutBmp               
00001623  OrbitOledDrawChar             
00001683  OrbitOledDrawString           
000016a1  OrbitOledRopSet               
000016cb  OrbitOledRopOr                
000016ef  OrbitOledRopAnd               
00001713  OrbitOledRopXor               
00001741  OrbitOledMoveUp               
00001779  OrbitOledMoveDown             
000017af  OrbitOledMoveLeft             
000017c7  OrbitOledMoveRight            
000017e1  OrbitOledClampXco             
00001801  OrbitOledClampYco             
00001841  OrbitOledInit                 
00001855  OrbitOledHostInit             
0000191f  OrbitOledDvrInit              
00001999  OrbitOledDevInit              
00001a1d  OrbitOledClear                
00001a29  OrbitOledClearBuffer          
00001a59  OrbitOledUpdate               
00001ab3  OrbitOledPutBuffer            
00001b19  Ssi3PutByte                   
00001bbd  init_buttons                  
00001c8b  update_buttons                
00001d5f  check_button                  
00001ddd  calc_yaw_angle                
00001e19  reset_desired_yaw             
00001e21  yaw_ref_ISR                   
00001e49  update_desired_yaw            
00001e93  get_desired_yaw               
00001e99  yaw_error                     
00001eab  yaw_int_handler               
00001f6d  init_yaw_GPIO                 
00001ff5  OrbitOledSetCursor            
00002041  OrbitOledGetCursor            
0000205d  OrbitOledDefUserChar          
000020ad  OrbitOledSetCharUpdate        
000020c5  OrbitOledGetCharUpdate        
000020cb  OrbitOledPutChar              
000020e9  OrbitOledPutString            
00002115  OrbitOledDrawGlyph            
0000218d  OrbitOledAdvanceCursor        
000021f9  init_main_pwm                 
00002237  init_tail_pwm                 
00002271  set_main_pwm                  
000022d3  set_tail_pwm                  
00002331  init_motors                   
00002345  stop_tail_pwm                 
00002359  stop_main_pwm                 
0000236d  start_main_pwm                
00002381  start_tail_pwm                
00002395  get_main_dc                   
0000239b  get_tail_dc                   
000023d1  initialise_USB_UART           
00002417  UART_Send                     
00002437  UART_print_func               
00002589  __aeabi_dsub                  
00002593  __aeabi_dadd                  
0000273f  _nop                          
00002741  update_flight_mode            
00002861  get_flight_state              
00002869  get_flight_state_string       
00002881  yaw_ref_found                 
0000289d  reached_desired_alt           
000028d1  get_desired_alt               
000028d7  calc_avg_ADC                  
00002921  set_ref_ADC                   
00002931  calc_altitude                 
00002971  altitude_error                
00002981  update_desired_altitude       
000029bb  get_altitude                  
000029c1  set_altitude                  
000029d1  reset_desired_altitude        
000029d9  init_ADC                      
00002a09  ADC_int_handler               
00002a51  update_altitude               
00002ae9  update_yaw                    
00002bcd  GPIOPadConfigSet              
00002d39  sys_tick_int_handler          
00002d7d  init_sys_tick                 
00002da9  main                          
00002e6d  init_display                  
00002e75  display_blank                 
00002e9d  display_flight                
00002f91  SysCtlClockGet                
000030a9  aligned_alloc                 
000030a9  memalign                      
000031a9  __aeabi_dmul                  
000032a5  SysCtlClockSet                
00003399  free                          
0000347d  init_buff                     
000034a7  write_buff                    
000034db  read_buff                     
0000350f  flush_buff                    
00003535  switch_init                   
00003575  update_switch                 
000035b1  check_switch                  
000035d9  __aeabi_memcpy                
000035d9  __aeabi_memcpy4               
000035d9  __aeabi_memcpy8               
000035d9  memcpy                        
00003675  ADCSequenceStepConfigure      
000036ef  __aeabi_memclr                
000036ef  __aeabi_memclr4               
000036ef  __aeabi_memclr8               
000036f1  __aeabi_memset                
000036f1  __aeabi_memset4               
000036f1  __aeabi_memset8               
000036f7  memset                        
000037d9  IntEnable                     
00003841  __TI_decompress_lzss          
000038a9  reset_int                     
000038bb  init_reset                    
00003911  TimerConfigure                
00003971  DelayInit                     
0000398b  DelayMs                       
000039cd  GPIOIntTypeSet                
00003a75  GPIOPinConfigure              
00003ac1  __aeabi_d2iz                  
00003b09  UARTConfigSetExpClk           
00003b4f  __aeabi_idiv0                 
00003b4f  __aeabi_ldiv0                 
00003b51  OLEDStringDraw                
00003b77  OLEDInitialise                
00003bd9  __TI_auto_init_nobinit_nopinit
00003c1d  __aeabi_uidiv                 
00003c1d  __aeabi_uidivmod              
00003c5d  SSIConfigSetExpClk            
00003c99  calloc                        
00003cd1  IntRegister                   
00003d05  SysCtlPeripheralEnable        
00003d39  _c_int00_noargs               
00003d6d  __aeabi_i2d                   
00003d9b  GPIODirModeSet                
00003df1  PWMGenConfigure               
00003e15  UARTDisable                   
00003e35  ADCSequenceDataGet            
00003e53  PWMPulseWidthSet              
00003e71  SysTickIntRegister            
00003ea9  GPIOPinTypeGPIOOutput         
00003ec3  ADCIntRegister                
00003edb  ADCProcessorTrigger           
00003ef3  GPIOIntRegister               
00003f0b  GPIOPinTypeGPIOInput          
00003f21  GPIOPinTypePWM                
00003f37  GPIOPinTypeSSI                
00003f4d  GPIOPinTypeUART               
00003f65  SysCtlPWMClockSet             
00003f79  SysTickEnable                 
00003f8d  SysTickIntEnable              
00003fa1  UARTEnable                    
00003fb5  PWMOutputState                
00003fc7  ADCIntEnable                  
00003fd7  IntMasterEnable               
00003fe7  PWMGenPeriodSet               
00003ff9  SysCtlReset                   
00004009  SysTickPeriodSet              
00004019  ADCSequenceEnable             
00004027  TimerEnable                   
00004035  __TI_decompress_none          
00004043  CPUcpsie                      
0000404f  GPIOIntEnable                 
0000405b  PWMGenEnable                  
00004067  SSIDataGet                    
00004073  __TI_zero_init                
0000407f  ResetISR                      
0000408b  ADCIntClear                   
00004095  SSIDataPut                    
0000409f  SSIEnable                     
000040a9  TimerValueGet                 
000040b3  UARTCharPut                   
000040bd  UARTFIFOEnable                
000040c7  SSIBusy                       
000040cf  malloc                        
000040d7  GPIOIntClear                  
000040dd  GPIOPinRead                   
000040e3  GPIOPinWrite                  
000040e9  SSIClockSourceSet             
000040ef  SysCtlDelay                   
000040f5  _system_pre_init              
000040f9  C$$EXIT                       
000040f9  abort                         
000040fc  rgbOledFont0                  
00004690  rgbFillPat                    
00004790  __TI_Handler_Table_Base       
0000479c  __TI_Handler_Table_Limit      
000047b0  __TI_CINIT_Base               
000047c8  __TI_CINIT_Limit              
20000000  __start___llvm_prf_cnts       
20000000  __stop___llvm_prf_cnts        
20000000  g_pfnRAMVectors               
20000270  __stack                       
20000470  __STACK_TOP                   
20000a70  __STACK_END                   
20000a70  _sys_memory                   
20000e70  rgbOledBmp                    
20001070  rgbOledFontUser               
20001170  uart_str                      
200011b8  g_inBuffer                    
200011e8  bnOledCur                     
200011ec  dxcoOledFontCur               
200011f0  dycoOledFontCur               
200011f4  fOledCharUpdate               
200011f8  mainDC                        
200011fc  modOledCur                    
20001200  pbOledCur                     
20001204  pbOledFontCur                 
20001208  pbOledFontUser                
2000120c  pbOledPatCur                  
20001210  pfnDoRop                      
20001214  tailDC                        
20001218  xchOledCur                    
2000121c  xchOledMax                    
20001220  xcoOledCur                    
20001224  ychOledCur                    
20001228  ychOledMax                    
2000122c  ycoOledCur                    
20001230  clrOledCur                    
20001231  isSwitchPosChanged            
20001232  switchPos                     
20001244  flagTenHz                     
20001245  flagSixHz                     
20001250  _lock                         
20001254  _unlock                       
20001260  prevAltError                  
20001264  prevYawError                  
20001268  prevPhase                     
2000126c  count                         
20001274  flightState                   
ffffffff  __TI_pprof_out_hndl           
ffffffff  __TI_prof_data_size           
ffffffff  __TI_prof_data_start          
ffffffff  __binit__                     
ffffffff  __c_args__                    
ffffffff  binit                         
UNDEFED   __mpu_init                    
UNDEFED   _system_post_cinit            

[270 symbols]
