******************************************************************************
                  TI ARM Linker PC v20.2.7                     
******************************************************************************
>> Linked Thu Mar  9 09:32:32 2023

OUTPUT FILE NAME:   <Week3Lab.out>
ENTRY POINT SYMBOL: "_c_int00_noargs"  address: 00002a89


MEMORY CONFIGURATION

         name            origin    length      used     unused   attr    fill
----------------------  --------  ---------  --------  --------  ----  --------
  FLASH                 00000000   00040000  0000319a  0003ce66  R  X
  SRAM                  20000000   00008000  000007c1  0000783f  RW X


SEGMENT ALLOCATION MAP

run origin  load origin   length   init length attrs members
----------  ----------- ---------- ----------- ----- -------
00000000    00000000    000031a0   000031a0    r-x
  00000000    00000000    0000026c   0000026c    r-- .intvecs
  0000026c    0000026c    00002a52   00002a52    r-x .text
  00002cc0    00002cc0    0000049c   0000049c    r-- .const
  00003160    00003160    00000040   00000040    r-- .cinit
20000000    20000000    000007c4   00000000    rw-
  20000000    20000000    0000026c   00000000    rw- .vtable
  2000026c    2000026c    00000351   00000000    rw- .bss
  200005c0    200005c0    00000200   00000000    rw- .stack
  200007c0    200007c0    00000004   00000000    rw- .data


SECTION ALLOCATION MAP

 output                                  attributes/
section   page    origin      length       input sections
--------  ----  ----------  ----------   ----------------
.intvecs   0    00000000    0000026c     
                  00000000    0000026c     tm4c123gh6pm_startup_ccs.obj (.intvecs)

.text      0    0000026c    00002a52     
                  0000026c    00000c84     ustdlib.obj (.text)
                  00000ef0    00000950     OrbitOledGrph.obj (.text)
                  00001840    0000037c     OrbitOled.obj (.text)
                  00001bbc    000002ec     pwmGen5.obj (.text)
                  00001ea8    00000220     buttons4.obj (.text)
                  000020c8    00000204     OrbitOledChar.obj (.text)
                  000022cc    0000016c     driverlib.lib : gpio.obj (.text:GPIOPadConfigSet)
                  00002438    00000118                   : sysctl.obj (.text:SysCtlClockGet)
                  00002550    000000f4                   : sysctl.obj (.text:SysCtlClockSet)
                  00002644    0000009c     rtsv7M4_T_le_v4SPD16_eabi.lib : memcpy_t2.asm.obj (.text)
                  000026e0    0000007a                                   : memset_t2.asm.obj (.text)
                  0000275a    00000068                                   : copy_decompress_lzss.c.obj (.text:decompress:lzss:__TI_decompress_lzss)
                  000027c2    00000002                                   : div0.asm.obj (.text)
                  000027c4    00000060     driverlib.lib : timer.obj (.text:TimerConfigure)
                  00002824    0000005c     delay.obj (.text)
                  00002880    00000050     driverlib.lib : sysctl.obj (.text:SysCtlPeripheralReset)
                  000028d0    0000004c                   : gpio.obj (.text:GPIOPinConfigure)
                  0000291c    00000044     OrbitOLEDInterface.obj (.text)
                  00002960    00000044     rtsv7M4_T_le_v4SPD16_eabi.lib : autoinit.c.obj (.text:__TI_auto_init_nobinit_nopinit:__TI_auto_init_nobinit_nopinit)
                  000029a4    00000040                                   : u_divt2.asm.obj (.text)
                  000029e4    0000003c     driverlib.lib : ssi.obj (.text:SSIConfigSetExpClk)
                  00002a20    00000034                   : interrupt.obj (.text:IntRegister)
                  00002a54    00000034                   : sysctl.obj (.text:SysCtlPeripheralEnable)
                  00002a88    00000034     rtsv7M4_T_le_v4SPD16_eabi.lib : boot_cortex_m.c.obj (.text:_c_int00_noargs:_c_int00_noargs)
                  00002abc    0000002c     driverlib.lib : gpio.obj (.text:GPIODirModeSet)
                  00002ae8    00000022                   : pwm.obj (.text:PWMGenConfigure)
                  00002b0a    0000001e                   : pwm.obj (.text:PWMPulseWidthSet)
                  00002b28    0000001c                   : systick.obj (.text:SysTickIntRegister)
                  00002b44    0000001a                   : gpio.obj (.text:GPIOPinTypeGPIOOutput)
                  00002b5e    00000016                   : gpio.obj (.text:GPIOPinTypeGPIOInput)
                  00002b74    00000016                   : gpio.obj (.text:GPIOPinTypePWM)
                  00002b8a    00000016                   : gpio.obj (.text:GPIOPinTypeSSI)
                  00002ba0    00000014                   : sysctl.obj (.text:SysCtlPWMClockSet)
                  00002bb4    00000014                   : systick.obj (.text:SysTickEnable)
                  00002bc8    00000014                   : systick.obj (.text:SysTickIntEnable)
                  00002bdc    00000012                   : pwm.obj (.text:PWMOutputState)
                  00002bee    00000010                   : interrupt.obj (.text:IntMasterEnable)
                  00002bfe    00000010                   : pwm.obj (.text:PWMGenPeriodSet)
                  00002c0e    00000002     --HOLE-- [fill = 0]
                  00002c10    00000010                   : systick.obj (.text:SysTickPeriodSet)
                  00002c20    0000000e                   : timer.obj (.text:TimerEnable)
                  00002c2e    0000000e     rtsv7M4_T_le_v4SPD16_eabi.lib : copy_decompress_none.c.obj (.text:decompress:none:__TI_decompress_none)
                  00002c3c    0000000c     driverlib.lib : cpu.obj (.text:CPUcpsie)
                  00002c48    0000000c                   : pwm.obj (.text:PWMGenEnable)
                  00002c54    0000000c                   : ssi.obj (.text:SSIDataGet)
                  00002c60    0000000c     rtsv7M4_T_le_v4SPD16_eabi.lib : copy_zero_init.c.obj (.text:decompress:ZI:__TI_zero_init)
                  00002c6c    0000000c     tm4c123gh6pm_startup_ccs.obj (.text)
                  00002c78    0000000a     driverlib.lib : ssi.obj (.text:SSIDataPut)
                  00002c82    0000000a                   : ssi.obj (.text:SSIEnable)
                  00002c8c    0000000a                   : timer.obj (.text:TimerValueGet)
                  00002c96    00000008                   : ssi.obj (.text:SSIBusy)
                  00002c9e    00000006                   : gpio.obj (.text:GPIOPinRead)
                  00002ca4    00000006                   : gpio.obj (.text:GPIOPinWrite)
                  00002caa    00000006                   : ssi.obj (.text:SSIClockSourceSet)
                  00002cb0    00000006                   : sysctl.obj (.text:SysCtlDelay)
                  00002cb6    00000004     rtsv7M4_T_le_v4SPD16_eabi.lib : pre_init.c.obj (.text:_system_pre_init)
                  00002cba    00000004                                   : exit.c.obj (.text:abort:abort)

.const     0    00002cc0    0000049c     
                  00002cc0    00000300     ChrFont0.obj (.const:.string:rgbOledFont0)
                  00002fc0    00000090     driverlib.lib : gpio.obj (.const:g_pui32GPIOBaseAddrs)
                  00003050    0000006c                   : sysctl.obj (.const:g_pui32Xtals)
                  000030bc    00000040     FillPat.obj (.const:.string:rgbFillPat)
                  000030fc    00000030     ustdlib.obj (.const:g_psDaysToMonth)
                  0000312c    00000018     ustdlib.obj (.const:g_pfExponents)
                  00003144    00000012     ustdlib.obj (.const:.string)
                  00003156    00000002     --HOLE-- [fill = 0]
                  00003158    00000004     ustdlib.obj (.const)

.cinit     0    00003160    00000040     
                  00003160    0000000c     (__TI_handler_table)
                  0000316c    00000004     --HOLE-- [fill = 0]
                  00003170    00000008     (.cinit..bss.load) [load image, compression = zero_init]
                  00003178    00000008     (.cinit..data.load) [load image, compression = lzss]
                  00003180    00000008     (.cinit..vtable.load) [load image, compression = zero_init]
                  00003188    00000018     (__TI_cinit_table)

.init_array 
*          0    00000000    00000000     UNINITIALIZED

.vtable    0    20000000    0000026c     UNINITIALIZED
                  20000000    0000026c     driverlib.lib : interrupt.obj (.vtable)

.bss       0    2000026c    00000351     UNINITIALIZED
                  2000026c    00000200     (.common:rgbOledBmp)
                  2000046c    00000100     (.common:rgbOledFontUser)
                  2000056c    00000004     buttons4.obj (.bss:but_count)
                  20000570    00000004     buttons4.obj (.bss:but_flag)
                  20000574    00000004     buttons4.obj (.bss:but_normal)
                  20000578    00000004     buttons4.obj (.bss:but_state)
                  2000057c    00000004     (.common:bnOledCur)
                  20000580    00000004     (.common:dxcoOledFontCur)
                  20000584    00000004     (.common:dycoOledFontCur)
                  20000588    00000004     (.common:fOledCharUpdate)
                  2000058c    00000004     (.common:modOledCur)
                  20000590    00000004     (.common:pbOledCur)
                  20000594    00000004     (.common:pbOledFontCur)
                  20000598    00000004     (.common:pbOledFontUser)
                  2000059c    00000004     (.common:pbOledPatCur)
                  200005a0    00000004     (.common:pfnDoRop)
                  200005a4    00000004     (.common:xchOledCur)
                  200005a8    00000004     (.common:xchOledMax)
                  200005ac    00000004     (.common:xcoOledCur)
                  200005b0    00000004     (.common:ychOledCur)
                  200005b4    00000004     (.common:ychOledMax)
                  200005b8    00000004     (.common:ycoOledCur)
                  200005bc    00000001     (.common:clrOledCur)

.data      0    200007c0    00000004     UNINITIALIZED
                  200007c0    00000004     ustdlib.obj (.data)

.stack     0    200005c0    00000200     UNINITIALIZED
                  200005c0    00000004     rtsv7M4_T_le_v4SPD16_eabi.lib : boot_cortex_m.c.obj (.stack)
                  200005c4    000001fc     --HOLE--

__llvm_prf_cnts 
*          0    20000000    00000000     UNINITIALIZED

MODULE SUMMARY

       Module                         code    ro data   rw data
       ------                         ----    -------   -------
    .\
       ustdlib.obj                    3204    94        4      
       pwmGen5.obj                    748     0         0      
       tm4c123gh6pm_startup_ccs.obj   12      620       0      
       buttons4.obj                   544     0         16     
    +--+------------------------------+-------+---------+---------+
       Total:                         4508    714       20     
                                                               
    .\OrbitOLED\
       OrbitOLEDInterface.obj         68      0         0      
    +--+------------------------------+-------+---------+---------+
       Total:                         68      0         0      
                                                               
    .\OrbitOLED\lib_OrbitOled\
       OrbitOledGrph.obj              2384    0         8      
       OrbitOled.obj                  892     0         553    
       OrbitOledChar.obj              516     0         272    
       ChrFont0.obj                   0       768       0      
       delay.obj                      92      0         0      
       FillPat.obj                    0       64        0      
    +--+------------------------------+-------+---------+---------+
       Total:                         3884    832       833    
                                                               
    C:/Users/caleb/Desktop/TivaWare_C_Series-2.2.0.295/TivaWare_C_Series-2.2.0.295/driverlib/ccs/Debug/driverlib.lib
       sysctl.obj                     682     108       0      
       gpio.obj                       588     144       0      
       interrupt.obj                  68      0         620    
       timer.obj                      120     0         0      
       pwm.obj                        110     0         0      
       ssi.obj                        106     0         0      
       systick.obj                    84      0         0      
       cpu.obj                        12      0         0      
    +--+------------------------------+-------+---------+---------+
       Total:                         1770    252       620    
                                                               
    C:\ti\ccs1220\ccs\tools\compiler\ti-cgt-arm_20.2.7.LTS\lib\rtsv7M4_T_le_v4SPD16_eabi.lib
       memcpy_t2.asm.obj              156     0         0      
       memset_t2.asm.obj              122     0         0      
       copy_decompress_lzss.c.obj     104     0         0      
       autoinit.c.obj                 68      0         0      
       u_divt2.asm.obj                64      0         0      
       boot_cortex_m.c.obj            52      0         0      
       copy_decompress_none.c.obj     14      0         0      
       copy_zero_init.c.obj           12      0         0      
       exit.c.obj                     4       0         0      
       pre_init.c.obj                 4       0         0      
       div0.asm.obj                   2       0         0      
    +--+------------------------------+-------+---------+---------+
       Total:                         602     0         0      
                                                               
       Stack:                         0       0         512    
       Linker Generated:              0       60        0      
    +--+------------------------------+-------+---------+---------+
       Grand Total:                   10832   1858      1985   


LINKER GENERATED COPY TABLES

__TI_cinit_table @ 00003188 records: 3, size/record: 8, table size: 24
	.bss: load addr=00003170, load size=00000008 bytes, run addr=2000026c, run size=00000351 bytes, compression=zero_init
	.data: load addr=00003178, load size=00000008 bytes, run addr=200007c0, run size=00000004 bytes, compression=lzss
	.vtable: load addr=00003180, load size=00000008 bytes, run addr=20000000, run size=0000026c bytes, compression=zero_init


LINKER GENERATED HANDLER TABLE

__TI_handler_table @ 00003160 records: 3, size/record: 4, table size: 12
	index: 0, handler: __TI_zero_init
	index: 1, handler: __TI_decompress_lzss
	index: 2, handler: __TI_decompress_none


GLOBAL SYMBOLS: SORTED ALPHABETICALLY BY Name 

address   name                          
-------   ----                          
00002cbb  C$$EXIT                       
00002c3d  CPUcpsie                      
00002825  DelayInit                     
0000283f  DelayMs                       
00002abd  GPIODirModeSet                
000022cd  GPIOPadConfigSet              
000028d1  GPIOPinConfigure              
00002c9f  GPIOPinRead                   
00002b5f  GPIOPinTypeGPIOInput          
00002b45  GPIOPinTypeGPIOOutput         
00002b75  GPIOPinTypePWM                
00002b8b  GPIOPinTypeSSI                
00002ca5  GPIOPinWrite                  
00002bef  IntMasterEnable               
00002a21  IntRegister                   
00002943  OLEDInitialise                
0000291d  OLEDStringDraw                
00002261  OrbitOledAdvanceCursor        
000017e1  OrbitOledClampXco             
00001801  OrbitOledClampYco             
00001a1d  OrbitOledClear                
00001a29  OrbitOledClearBuffer          
00002131  OrbitOledDefUserChar          
00001999  OrbitOledDevInit              
00001623  OrbitOledDrawChar             
000021e9  OrbitOledDrawGlyph            
00000fe7  OrbitOledDrawPixel            
0000112d  OrbitOledDrawRect             
00001683  OrbitOledDrawString           
0000191f  OrbitOledDvrInit              
000011b1  OrbitOledFillRect             
000012f5  OrbitOledGetBmp               
00002199  OrbitOledGetCharUpdate        
00002115  OrbitOledGetCursor            
00000fe1  OrbitOledGetDrawMode          
00001013  OrbitOledGetPixel             
00000f37  OrbitOledGetPos               
00000f6b  OrbitOledGetStdPattern        
00001855  OrbitOledHostInit             
00001841  OrbitOledInit                 
0000102d  OrbitOledLineTo               
00001779  OrbitOledMoveDown             
000017af  OrbitOledMoveLeft             
000017c7  OrbitOledMoveRight            
00000ef1  OrbitOledMoveTo               
00001741  OrbitOledMoveUp               
00001455  OrbitOledPutBmp               
00001ab3  OrbitOledPutBuffer            
0000219f  OrbitOledPutChar              
000021bd  OrbitOledPutString            
000016ef  OrbitOledRopAnd               
000016cb  OrbitOledRopOr                
000016a1  OrbitOledRopSet               
00001713  OrbitOledRopXor               
00002181  OrbitOledSetCharUpdate        
000020c9  OrbitOledSetCursor            
00000f53  OrbitOledSetDrawColor         
00000f8d  OrbitOledSetDrawMode          
00000f7d  OrbitOledSetFillPattern       
00001a59  OrbitOledUpdate               
00002ae9  PWMGenConfigure               
00002c49  PWMGenEnable                  
00002bff  PWMGenPeriodSet               
00002bdd  PWMOutputState                
00002b0b  PWMPulseWidthSet              
00002c6d  ResetISR                      
00002c97  SSIBusy                       
00002cab  SSIClockSourceSet             
000029e5  SSIConfigSetExpClk            
00002c55  SSIDataGet                    
00002c79  SSIDataPut                    
00002c83  SSIEnable                     
00001b19  Ssi3PutByte                   
00002439  SysCtlClockGet                
00002551  SysCtlClockSet                
00002cb1  SysCtlDelay                   
00002ba1  SysCtlPWMClockSet             
00002a55  SysCtlPeripheralEnable        
00002881  SysCtlPeripheralReset         
00002bb5  SysTickEnable                 
00002bc9  SysTickIntEnable              
00001bbd  SysTickIntHandler             
00002b29  SysTickIntRegister            
00002c11  SysTickPeriodSet              
000027c5  TimerConfigure                
00002c21  TimerEnable                   
00002c8d  TimerValueGet                 
200007c0  __STACK_END                   
00000200  __STACK_SIZE                  
200007c0  __STACK_TOP                   
00003188  __TI_CINIT_Base               
000031a0  __TI_CINIT_Limit              
00003160  __TI_Handler_Table_Base       
0000316c  __TI_Handler_Table_Limit      
00002961  __TI_auto_init_nobinit_nopinit
0000275b  __TI_decompress_lzss          
00002c2f  __TI_decompress_none          
ffffffff  __TI_pprof_out_hndl           
ffffffff  __TI_prof_data_size           
ffffffff  __TI_prof_data_start          
00000000  __TI_static_base__            
00002c61  __TI_zero_init                
000027c3  __aeabi_idiv0                 
000027c3  __aeabi_ldiv0                 
000026e1  __aeabi_memclr                
000026e1  __aeabi_memclr4               
000026e1  __aeabi_memclr8               
00002645  __aeabi_memcpy                
00002645  __aeabi_memcpy4               
00002645  __aeabi_memcpy8               
000026e3  __aeabi_memset                
000026e3  __aeabi_memset4               
000026e3  __aeabi_memset8               
000029a5  __aeabi_uidiv                 
000029a5  __aeabi_uidivmod              
ffffffff  __binit__                     
ffffffff  __c_args__                    
UNDEFED   __mpu_init                    
200005c0  __stack                       
20000000  __start___llvm_prf_cnts       
20000000  __stop___llvm_prf_cnts        
00002a89  _c_int00_noargs               
UNDEFED   _system_post_cinit            
00002cb7  _system_pre_init              
00002cbb  abort                         
ffffffff  binit                         
2000057c  bnOledCur                     
0000204b  checkButton                   
200005bc  clrOledCur                    
00001cc7  displayPWMstate               
20000580  dxcoOledFontCur               
20000584  dycoOledFontCur               
20000588  fOledCharUpdate               
20000000  g_pfnRAMVectors               
00000000  g_pfnVectors                  
00001ea9  initButtons                   
00001bc5  initClocks                    
00001c73  initDisplay                   
00001bd7  initSysTick                   
00001bf7  initialisePWM                 
00001d07  main                          
00002645  memcpy                        
000026e9  memset                        
2000058c  modOledCur                    
20000590  pbOledCur                     
20000594  pbOledFontCur                 
20000598  pbOledFontUser                
2000059c  pbOledPatCur                  
200005a0  pfnDoRop                      
000030bc  rgbFillPat                    
2000026c  rgbOledBmp                    
00002cc0  rgbOledFont0                  
2000046c  rgbOledFontUser               
00001c7b  setPWM                        
00000751  ulocaltime                    
0000094f  umktime                       
00001f77  updateButtons                 
00000ec9  urand                         
00000721  usnprintf                     
000006ef  usprintf                      
00000eb9  usrand                        
00000e31  ustrcasecmp                   
00000ea5  ustrcmp                       
00000d35  ustrlen                       
00000d8d  ustrncasecmp                  
00000e45  ustrncmp                      
0000026d  ustrncpy                      
00000d57  ustrstr                       
00000afd  ustrtof                       
000009c5  ustrtoul                      
000002c5  uvsnprintf                    
200005a4  xchOledCur                    
200005a8  xchOledMax                    
200005ac  xcoOledCur                    
200005b0  ychOledCur                    
200005b4  ychOledMax                    
200005b8  ycoOledCur                    


GLOBAL SYMBOLS: SORTED BY Symbol Address 

address   name                          
-------   ----                          
00000000  __TI_static_base__            
00000000  g_pfnVectors                  
00000200  __STACK_SIZE                  
0000026d  ustrncpy                      
000002c5  uvsnprintf                    
000006ef  usprintf                      
00000721  usnprintf                     
00000751  ulocaltime                    
0000094f  umktime                       
000009c5  ustrtoul                      
00000afd  ustrtof                       
00000d35  ustrlen                       
00000d57  ustrstr                       
00000d8d  ustrncasecmp                  
00000e31  ustrcasecmp                   
00000e45  ustrncmp                      
00000ea5  ustrcmp                       
00000eb9  usrand                        
00000ec9  urand                         
00000ef1  OrbitOledMoveTo               
00000f37  OrbitOledGetPos               
00000f53  OrbitOledSetDrawColor         
00000f6b  OrbitOledGetStdPattern        
00000f7d  OrbitOledSetFillPattern       
00000f8d  OrbitOledSetDrawMode          
00000fe1  OrbitOledGetDrawMode          
00000fe7  OrbitOledDrawPixel            
00001013  OrbitOledGetPixel             
0000102d  OrbitOledLineTo               
0000112d  OrbitOledDrawRect             
000011b1  OrbitOledFillRect             
000012f5  OrbitOledGetBmp               
00001455  OrbitOledPutBmp               
00001623  OrbitOledDrawChar             
00001683  OrbitOledDrawString           
000016a1  OrbitOledRopSet               
000016cb  OrbitOledRopOr                
000016ef  OrbitOledRopAnd               
00001713  OrbitOledRopXor               
00001741  OrbitOledMoveUp               
00001779  OrbitOledMoveDown             
000017af  OrbitOledMoveLeft             
000017c7  OrbitOledMoveRight            
000017e1  OrbitOledClampXco             
00001801  OrbitOledClampYco             
00001841  OrbitOledInit                 
00001855  OrbitOledHostInit             
0000191f  OrbitOledDvrInit              
00001999  OrbitOledDevInit              
00001a1d  OrbitOledClear                
00001a29  OrbitOledClearBuffer          
00001a59  OrbitOledUpdate               
00001ab3  OrbitOledPutBuffer            
00001b19  Ssi3PutByte                   
00001bbd  SysTickIntHandler             
00001bc5  initClocks                    
00001bd7  initSysTick                   
00001bf7  initialisePWM                 
00001c73  initDisplay                   
00001c7b  setPWM                        
00001cc7  displayPWMstate               
00001d07  main                          
00001ea9  initButtons                   
00001f77  updateButtons                 
0000204b  checkButton                   
000020c9  OrbitOledSetCursor            
00002115  OrbitOledGetCursor            
00002131  OrbitOledDefUserChar          
00002181  OrbitOledSetCharUpdate        
00002199  OrbitOledGetCharUpdate        
0000219f  OrbitOledPutChar              
000021bd  OrbitOledPutString            
000021e9  OrbitOledDrawGlyph            
00002261  OrbitOledAdvanceCursor        
000022cd  GPIOPadConfigSet              
00002439  SysCtlClockGet                
00002551  SysCtlClockSet                
00002645  __aeabi_memcpy                
00002645  __aeabi_memcpy4               
00002645  __aeabi_memcpy8               
00002645  memcpy                        
000026e1  __aeabi_memclr                
000026e1  __aeabi_memclr4               
000026e1  __aeabi_memclr8               
000026e3  __aeabi_memset                
000026e3  __aeabi_memset4               
000026e3  __aeabi_memset8               
000026e9  memset                        
0000275b  __TI_decompress_lzss          
000027c3  __aeabi_idiv0                 
000027c3  __aeabi_ldiv0                 
000027c5  TimerConfigure                
00002825  DelayInit                     
0000283f  DelayMs                       
00002881  SysCtlPeripheralReset         
000028d1  GPIOPinConfigure              
0000291d  OLEDStringDraw                
00002943  OLEDInitialise                
00002961  __TI_auto_init_nobinit_nopinit
000029a5  __aeabi_uidiv                 
000029a5  __aeabi_uidivmod              
000029e5  SSIConfigSetExpClk            
00002a21  IntRegister                   
00002a55  SysCtlPeripheralEnable        
00002a89  _c_int00_noargs               
00002abd  GPIODirModeSet                
00002ae9  PWMGenConfigure               
00002b0b  PWMPulseWidthSet              
00002b29  SysTickIntRegister            
00002b45  GPIOPinTypeGPIOOutput         
00002b5f  GPIOPinTypeGPIOInput          
00002b75  GPIOPinTypePWM                
00002b8b  GPIOPinTypeSSI                
00002ba1  SysCtlPWMClockSet             
00002bb5  SysTickEnable                 
00002bc9  SysTickIntEnable              
00002bdd  PWMOutputState                
00002bef  IntMasterEnable               
00002bff  PWMGenPeriodSet               
00002c11  SysTickPeriodSet              
00002c21  TimerEnable                   
00002c2f  __TI_decompress_none          
00002c3d  CPUcpsie                      
00002c49  PWMGenEnable                  
00002c55  SSIDataGet                    
00002c61  __TI_zero_init                
00002c6d  ResetISR                      
00002c79  SSIDataPut                    
00002c83  SSIEnable                     
00002c8d  TimerValueGet                 
00002c97  SSIBusy                       
00002c9f  GPIOPinRead                   
00002ca5  GPIOPinWrite                  
00002cab  SSIClockSourceSet             
00002cb1  SysCtlDelay                   
00002cb7  _system_pre_init              
00002cbb  C$$EXIT                       
00002cbb  abort                         
00002cc0  rgbOledFont0                  
000030bc  rgbFillPat                    
00003160  __TI_Handler_Table_Base       
0000316c  __TI_Handler_Table_Limit      
00003188  __TI_CINIT_Base               
000031a0  __TI_CINIT_Limit              
20000000  __start___llvm_prf_cnts       
20000000  __stop___llvm_prf_cnts        
20000000  g_pfnRAMVectors               
2000026c  rgbOledBmp                    
2000046c  rgbOledFontUser               
2000057c  bnOledCur                     
20000580  dxcoOledFontCur               
20000584  dycoOledFontCur               
20000588  fOledCharUpdate               
2000058c  modOledCur                    
20000590  pbOledCur                     
20000594  pbOledFontCur                 
20000598  pbOledFontUser                
2000059c  pbOledPatCur                  
200005a0  pfnDoRop                      
200005a4  xchOledCur                    
200005a8  xchOledMax                    
200005ac  xcoOledCur                    
200005b0  ychOledCur                    
200005b4  ychOledMax                    
200005b8  ycoOledCur                    
200005bc  clrOledCur                    
200005c0  __stack                       
200007c0  __STACK_END                   
200007c0  __STACK_TOP                   
ffffffff  __TI_pprof_out_hndl           
ffffffff  __TI_prof_data_size           
ffffffff  __TI_prof_data_start          
ffffffff  __binit__                     
ffffffff  __c_args__                    
ffffffff  binit                         
UNDEFED   __mpu_init                    
UNDEFED   _system_post_cinit            

[177 symbols]
