<?xml version="1.0" encoding="ISO-8859-1" ?>
<link_info>
   <banner>TI ARM Linker PC v20.2.7.LTS</banner>
   <copyright>Copyright (c) 1996-2018 Texas Instruments Incorporated</copyright>
   <link_time>0x6408f0e0</link_time>
   <link_errors>0x0</link_errors>
   <output_file>Week3Lab.out</output_file>
   <entry_point>
      <name>_c_int00_noargs</name>
      <address>0x2a89</address>
   </entry_point>
   <input_file_list>
      <input_file id="fl-2">
         <path>.\</path>
         <kind>object</kind>
         <file>buttons4.obj</file>
         <name>buttons4.obj</name>
      </input_file>
      <input_file id="fl-3">
         <path>.\</path>
         <kind>object</kind>
         <file>pwmGen5.obj</file>
         <name>pwmGen5.obj</name>
      </input_file>
      <input_file id="fl-4">
         <path>.\</path>
         <kind>object</kind>
         <file>tm4c123gh6pm_startup_ccs.obj</file>
         <name>tm4c123gh6pm_startup_ccs.obj</name>
      </input_file>
      <input_file id="fl-5">
         <path>.\</path>
         <kind>object</kind>
         <file>ustdlib.obj</file>
         <name>ustdlib.obj</name>
      </input_file>
      <input_file id="fl-6">
         <path>.\OrbitOLED\</path>
         <kind>object</kind>
         <file>OrbitOLEDInterface.obj</file>
         <name>OrbitOLEDInterface.obj</name>
      </input_file>
      <input_file id="fl-7">
         <path>.\OrbitOLED\lib_OrbitOled\</path>
         <kind>object</kind>
         <file>ChrFont0.obj</file>
         <name>ChrFont0.obj</name>
      </input_file>
      <input_file id="fl-8">
         <path>.\OrbitOLED\lib_OrbitOled\</path>
         <kind>object</kind>
         <file>FillPat.obj</file>
         <name>FillPat.obj</name>
      </input_file>
      <input_file id="fl-9">
         <path>.\OrbitOLED\lib_OrbitOled\</path>
         <kind>object</kind>
         <file>OrbitOled.obj</file>
         <name>OrbitOled.obj</name>
      </input_file>
      <input_file id="fl-a">
         <path>.\OrbitOLED\lib_OrbitOled\</path>
         <kind>object</kind>
         <file>OrbitOledChar.obj</file>
         <name>OrbitOledChar.obj</name>
      </input_file>
      <input_file id="fl-b">
         <path>.\OrbitOLED\lib_OrbitOled\</path>
         <kind>object</kind>
         <file>OrbitOledGrph.obj</file>
         <name>OrbitOledGrph.obj</name>
      </input_file>
      <input_file id="fl-c">
         <path>.\OrbitOLED\lib_OrbitOled\</path>
         <kind>object</kind>
         <file>delay.obj</file>
         <name>delay.obj</name>
      </input_file>
      <input_file id="fl-11">
         <kind>object</kind>
         <file>&lt;internal&gt;</file>
         <name>&lt;internal&gt;</name>
      </input_file>
      <input_file id="fl-12">
         <path>C:\Users\caleb\Desktop\TivaWare_C_Series-2.2.0.295\TivaWare_C_Series-2.2.0.295\driverlib\ccs\Debug\</path>
         <kind>archive</kind>
         <file>driverlib.lib</file>
         <name>gpio.obj</name>
      </input_file>
      <input_file id="fl-13">
         <path>C:\Users\caleb\Desktop\TivaWare_C_Series-2.2.0.295\TivaWare_C_Series-2.2.0.295\driverlib\ccs\Debug\</path>
         <kind>archive</kind>
         <file>driverlib.lib</file>
         <name>interrupt.obj</name>
      </input_file>
      <input_file id="fl-14">
         <path>C:\Users\caleb\Desktop\TivaWare_C_Series-2.2.0.295\TivaWare_C_Series-2.2.0.295\driverlib\ccs\Debug\</path>
         <kind>archive</kind>
         <file>driverlib.lib</file>
         <name>pwm.obj</name>
      </input_file>
      <input_file id="fl-15">
         <path>C:\Users\caleb\Desktop\TivaWare_C_Series-2.2.0.295\TivaWare_C_Series-2.2.0.295\driverlib\ccs\Debug\</path>
         <kind>archive</kind>
         <file>driverlib.lib</file>
         <name>ssi.obj</name>
      </input_file>
      <input_file id="fl-16">
         <path>C:\Users\caleb\Desktop\TivaWare_C_Series-2.2.0.295\TivaWare_C_Series-2.2.0.295\driverlib\ccs\Debug\</path>
         <kind>archive</kind>
         <file>driverlib.lib</file>
         <name>sysctl.obj</name>
      </input_file>
      <input_file id="fl-17">
         <path>C:\Users\caleb\Desktop\TivaWare_C_Series-2.2.0.295\TivaWare_C_Series-2.2.0.295\driverlib\ccs\Debug\</path>
         <kind>archive</kind>
         <file>driverlib.lib</file>
         <name>systick.obj</name>
      </input_file>
      <input_file id="fl-18">
         <path>C:\Users\caleb\Desktop\TivaWare_C_Series-2.2.0.295\TivaWare_C_Series-2.2.0.295\driverlib\ccs\Debug\</path>
         <kind>archive</kind>
         <file>driverlib.lib</file>
         <name>timer.obj</name>
      </input_file>
      <input_file id="fl-19">
         <path>C:\Users\caleb\Desktop\TivaWare_C_Series-2.2.0.295\TivaWare_C_Series-2.2.0.295\driverlib\ccs\Debug\</path>
         <kind>archive</kind>
         <file>driverlib.lib</file>
         <name>cpu.obj</name>
      </input_file>
      <input_file id="fl-cf">
         <path>C:\ti\ccs1220\ccs\tools\compiler\ti-cgt-arm_20.2.7.LTS\lib\</path>
         <kind>archive</kind>
         <file>rtsv7M4_T_le_v4SPD16_eabi.lib</file>
         <name>u_divt2.asm.obj</name>
      </input_file>
      <input_file id="fl-d0">
         <path>C:\ti\ccs1220\ccs\tools\compiler\ti-cgt-arm_20.2.7.LTS\lib\</path>
         <kind>archive</kind>
         <file>rtsv7M4_T_le_v4SPD16_eabi.lib</file>
         <name>copy_zero_init.c.obj</name>
      </input_file>
      <input_file id="fl-d1">
         <path>C:\ti\ccs1220\ccs\tools\compiler\ti-cgt-arm_20.2.7.LTS\lib\</path>
         <kind>archive</kind>
         <file>rtsv7M4_T_le_v4SPD16_eabi.lib</file>
         <name>copy_decompress_none.c.obj</name>
      </input_file>
      <input_file id="fl-d2">
         <path>C:\ti\ccs1220\ccs\tools\compiler\ti-cgt-arm_20.2.7.LTS\lib\</path>
         <kind>archive</kind>
         <file>rtsv7M4_T_le_v4SPD16_eabi.lib</file>
         <name>copy_decompress_lzss.c.obj</name>
      </input_file>
      <input_file id="fl-d3">
         <path>C:\ti\ccs1220\ccs\tools\compiler\ti-cgt-arm_20.2.7.LTS\lib\</path>
         <kind>archive</kind>
         <file>rtsv7M4_T_le_v4SPD16_eabi.lib</file>
         <name>boot_cortex_m.c.obj</name>
      </input_file>
      <input_file id="fl-d4">
         <path>C:\ti\ccs1220\ccs\tools\compiler\ti-cgt-arm_20.2.7.LTS\lib\</path>
         <kind>archive</kind>
         <file>rtsv7M4_T_le_v4SPD16_eabi.lib</file>
         <name>div0.asm.obj</name>
      </input_file>
      <input_file id="fl-d5">
         <path>C:\ti\ccs1220\ccs\tools\compiler\ti-cgt-arm_20.2.7.LTS\lib\</path>
         <kind>archive</kind>
         <file>rtsv7M4_T_le_v4SPD16_eabi.lib</file>
         <name>memcpy_t2.asm.obj</name>
      </input_file>
      <input_file id="fl-d6">
         <path>C:\ti\ccs1220\ccs\tools\compiler\ti-cgt-arm_20.2.7.LTS\lib\</path>
         <kind>archive</kind>
         <file>rtsv7M4_T_le_v4SPD16_eabi.lib</file>
         <name>memset_t2.asm.obj</name>
      </input_file>
      <input_file id="fl-d7">
         <path>C:\ti\ccs1220\ccs\tools\compiler\ti-cgt-arm_20.2.7.LTS\lib\</path>
         <kind>archive</kind>
         <file>rtsv7M4_T_le_v4SPD16_eabi.lib</file>
         <name>autoinit.c.obj</name>
      </input_file>
      <input_file id="fl-d8">
         <path>C:\ti\ccs1220\ccs\tools\compiler\ti-cgt-arm_20.2.7.LTS\lib\</path>
         <kind>archive</kind>
         <file>rtsv7M4_T_le_v4SPD16_eabi.lib</file>
         <name>pre_init.c.obj</name>
      </input_file>
      <input_file id="fl-d9">
         <path>C:\ti\ccs1220\ccs\tools\compiler\ti-cgt-arm_20.2.7.LTS\lib\</path>
         <kind>archive</kind>
         <file>rtsv7M4_T_le_v4SPD16_eabi.lib</file>
         <name>cpy_tbl.c.obj</name>
      </input_file>
      <input_file id="fl-da">
         <path>C:\ti\ccs1220\ccs\tools\compiler\ti-cgt-arm_20.2.7.LTS\lib\</path>
         <kind>archive</kind>
         <file>rtsv7M4_T_le_v4SPD16_eabi.lib</file>
         <name>exit.c.obj</name>
      </input_file>
      <input_file id="fl-db">
         <path>C:\ti\ccs1220\ccs\tools\compiler\ti-cgt-arm_20.2.7.LTS\lib\</path>
         <kind>archive</kind>
         <file>rtsv7M4_T_le_v4SPD16_eabi.lib</file>
         <name>_lock.c.obj</name>
      </input_file>
      <input_file id="fl-dc">
         <path>C:\ti\ccs1220\ccs\tools\compiler\ti-cgt-arm_20.2.7.LTS\lib\</path>
         <kind>archive</kind>
         <file>rtsv7M4_T_le_v4SPD16_eabi.lib</file>
         <name>args_main.c.obj</name>
      </input_file>
   </input_file_list>
   <object_component_list>
      <object_component id="oc-12">
         <name>.intvecs</name>
         <load_address>0x0</load_address>
         <run_address>0x0</run_address>
         <size>0x26c</size>
         <input_file_ref idref="fl-4"/>
      </object_component>
      <object_component id="oc-12e">
         <name>.text</name>
         <load_address>0x26c</load_address>
         <run_address>0x26c</run_address>
         <size>0xc84</size>
         <input_file_ref idref="fl-5"/>
      </object_component>
      <object_component id="oc-256">
         <name>.text</name>
         <load_address>0xef0</load_address>
         <run_address>0xef0</run_address>
         <size>0x950</size>
         <input_file_ref idref="fl-b"/>
      </object_component>
      <object_component id="oc-1d0">
         <name>.text</name>
         <load_address>0x1840</load_address>
         <run_address>0x1840</run_address>
         <size>0x37c</size>
         <input_file_ref idref="fl-9"/>
      </object_component>
      <object_component id="oc-9b">
         <name>.text</name>
         <load_address>0x1bbc</load_address>
         <run_address>0x1bbc</run_address>
         <size>0x2ec</size>
         <input_file_ref idref="fl-3"/>
      </object_component>
      <object_component id="oc-c8">
         <name>.text</name>
         <load_address>0x1ea8</load_address>
         <run_address>0x1ea8</run_address>
         <size>0x220</size>
         <input_file_ref idref="fl-2"/>
      </object_component>
      <object_component id="oc-1ca">
         <name>.text</name>
         <load_address>0x20c8</load_address>
         <run_address>0x20c8</run_address>
         <size>0x204</size>
         <input_file_ref idref="fl-a"/>
      </object_component>
      <object_component id="oc-189">
         <name>.text:GPIOPadConfigSet</name>
         <load_address>0x22cc</load_address>
         <run_address>0x22cc</run_address>
         <size>0x16c</size>
         <input_file_ref idref="fl-12"/>
      </object_component>
      <object_component id="oc-da">
         <name>.text:SysCtlClockGet</name>
         <load_address>0x2438</load_address>
         <run_address>0x2438</run_address>
         <size>0x118</size>
         <input_file_ref idref="fl-16"/>
      </object_component>
      <object_component id="oc-ce">
         <name>.text:SysCtlClockSet</name>
         <load_address>0x2550</load_address>
         <run_address>0x2550</run_address>
         <size>0xf4</size>
         <input_file_ref idref="fl-16"/>
      </object_component>
      <object_component id="oc-3b">
         <name>.text</name>
         <load_address>0x2644</load_address>
         <run_address>0x2644</run_address>
         <size>0x9c</size>
         <input_file_ref idref="fl-d5"/>
      </object_component>
      <object_component id="oc-8f">
         <name>.text</name>
         <load_address>0x26e0</load_address>
         <run_address>0x26e0</run_address>
         <size>0x7a</size>
         <input_file_ref idref="fl-d6"/>
      </object_component>
      <object_component id="oc-15">
         <name>.text:decompress:lzss:__TI_decompress_lzss</name>
         <load_address>0x275a</load_address>
         <run_address>0x275a</run_address>
         <size>0x68</size>
         <input_file_ref idref="fl-d2"/>
      </object_component>
      <object_component id="oc-2b4">
         <name>.text</name>
         <load_address>0x27c2</load_address>
         <run_address>0x27c2</run_address>
         <size>0x2</size>
         <input_file_ref idref="fl-d4"/>
      </object_component>
      <object_component id="oc-2f7">
         <name>.text:TimerConfigure</name>
         <load_address>0x27c4</load_address>
         <run_address>0x27c4</run_address>
         <size>0x60</size>
         <input_file_ref idref="fl-18"/>
      </object_component>
      <object_component id="oc-26b">
         <name>.text</name>
         <load_address>0x2824</load_address>
         <run_address>0x2824</run_address>
         <size>0x5c</size>
         <input_file_ref idref="fl-c"/>
      </object_component>
      <object_component id="oc-134">
         <name>.text:SysCtlPeripheralReset</name>
         <load_address>0x2880</load_address>
         <run_address>0x2880</run_address>
         <size>0x50</size>
         <input_file_ref idref="fl-16"/>
      </object_component>
      <object_component id="oc-fe">
         <name>.text:GPIOPinConfigure</name>
         <load_address>0x28d0</load_address>
         <run_address>0x28d0</run_address>
         <size>0x4c</size>
         <input_file_ref idref="fl-12"/>
      </object_component>
      <object_component id="oc-11c">
         <name>.text</name>
         <load_address>0x291c</load_address>
         <run_address>0x291c</run_address>
         <size>0x44</size>
         <input_file_ref idref="fl-6"/>
      </object_component>
      <object_component id="oc-14f">
         <name>.text:__TI_auto_init_nobinit_nopinit:__TI_auto_init_nobinit_nopinit</name>
         <load_address>0x2960</load_address>
         <run_address>0x2960</run_address>
         <size>0x44</size>
         <input_file_ref idref="fl-d7"/>
      </object_component>
      <object_component id="oc-1da">
         <name>.text</name>
         <load_address>0x29a4</load_address>
         <run_address>0x29a4</run_address>
         <size>0x40</size>
         <input_file_ref idref="fl-cf"/>
      </object_component>
      <object_component id="oc-27d">
         <name>.text:SSIConfigSetExpClk</name>
         <load_address>0x29e4</load_address>
         <run_address>0x29e4</run_address>
         <size>0x3c</size>
         <input_file_ref idref="fl-15"/>
      </object_component>
      <object_component id="oc-1b0">
         <name>.text:IntRegister</name>
         <load_address>0x2a20</load_address>
         <run_address>0x2a20</run_address>
         <size>0x34</size>
         <input_file_ref idref="fl-13"/>
      </object_component>
      <object_component id="oc-f8">
         <name>.text:SysCtlPeripheralEnable</name>
         <load_address>0x2a54</load_address>
         <run_address>0x2a54</run_address>
         <size>0x34</size>
         <input_file_ref idref="fl-16"/>
      </object_component>
      <object_component id="oc-59">
         <name>.text:_c_int00_noargs:_c_int00_noargs</name>
         <load_address>0x2a88</load_address>
         <run_address>0x2a88</run_address>
         <size>0x34</size>
         <input_file_ref idref="fl-d3"/>
      </object_component>
      <object_component id="oc-1bf">
         <name>.text:GPIODirModeSet</name>
         <load_address>0x2abc</load_address>
         <run_address>0x2abc</run_address>
         <size>0x2c</size>
         <input_file_ref idref="fl-12"/>
      </object_component>
      <object_component id="oc-10a">
         <name>.text:PWMGenConfigure</name>
         <load_address>0x2ae8</load_address>
         <run_address>0x2ae8</run_address>
         <size>0x22</size>
         <input_file_ref idref="fl-14"/>
      </object_component>
      <object_component id="oc-128">
         <name>.text:PWMPulseWidthSet</name>
         <load_address>0x2b0a</load_address>
         <run_address>0x2b0a</run_address>
         <size>0x1e</size>
         <input_file_ref idref="fl-14"/>
      </object_component>
      <object_component id="oc-e6">
         <name>.text:SysTickIntRegister</name>
         <load_address>0x2b28</load_address>
         <run_address>0x2b28</run_address>
         <size>0x1c</size>
         <input_file_ref idref="fl-17"/>
      </object_component>
      <object_component id="oc-28f">
         <name>.text:GPIOPinTypeGPIOOutput</name>
         <load_address>0x2b44</load_address>
         <run_address>0x2b44</run_address>
         <size>0x1a</size>
         <input_file_ref idref="fl-12"/>
      </object_component>
      <object_component id="oc-183">
         <name>.text:GPIOPinTypeGPIOInput</name>
         <load_address>0x2b5e</load_address>
         <run_address>0x2b5e</run_address>
         <size>0x16</size>
         <input_file_ref idref="fl-12"/>
      </object_component>
      <object_component id="oc-104">
         <name>.text:GPIOPinTypePWM</name>
         <load_address>0x2b74</load_address>
         <run_address>0x2b74</run_address>
         <size>0x16</size>
         <input_file_ref idref="fl-12"/>
      </object_component>
      <object_component id="oc-271">
         <name>.text:GPIOPinTypeSSI</name>
         <load_address>0x2b8a</load_address>
         <run_address>0x2b8a</run_address>
         <size>0x16</size>
         <input_file_ref idref="fl-12"/>
      </object_component>
      <object_component id="oc-d4">
         <name>.text:SysCtlPWMClockSet</name>
         <load_address>0x2ba0</load_address>
         <run_address>0x2ba0</run_address>
         <size>0x14</size>
         <input_file_ref idref="fl-16"/>
      </object_component>
      <object_component id="oc-f2">
         <name>.text:SysTickEnable</name>
         <load_address>0x2bb4</load_address>
         <run_address>0x2bb4</run_address>
         <size>0x14</size>
         <input_file_ref idref="fl-17"/>
      </object_component>
      <object_component id="oc-ec">
         <name>.text:SysTickIntEnable</name>
         <load_address>0x2bc8</load_address>
         <run_address>0x2bc8</run_address>
         <size>0x14</size>
         <input_file_ref idref="fl-17"/>
      </object_component>
      <object_component id="oc-116">
         <name>.text:PWMOutputState</name>
         <load_address>0x2bdc</load_address>
         <run_address>0x2bdc</run_address>
         <size>0x12</size>
         <input_file_ref idref="fl-14"/>
      </object_component>
      <object_component id="oc-13a">
         <name>.text:IntMasterEnable</name>
         <load_address>0x2bee</load_address>
         <run_address>0x2bee</run_address>
         <size>0x10</size>
         <input_file_ref idref="fl-13"/>
      </object_component>
      <object_component id="oc-122">
         <name>.text:PWMGenPeriodSet</name>
         <load_address>0x2bfe</load_address>
         <run_address>0x2bfe</run_address>
         <size>0x10</size>
         <input_file_ref idref="fl-14"/>
      </object_component>
      <object_component id="oc-e0">
         <name>.text:SysTickPeriodSet</name>
         <load_address>0x2c10</load_address>
         <run_address>0x2c10</run_address>
         <size>0x10</size>
         <input_file_ref idref="fl-17"/>
      </object_component>
      <object_component id="oc-2fd">
         <name>.text:TimerEnable</name>
         <load_address>0x2c20</load_address>
         <run_address>0x2c20</run_address>
         <size>0xe</size>
         <input_file_ref idref="fl-18"/>
      </object_component>
      <object_component id="oc-1b">
         <name>.text:decompress:none:__TI_decompress_none</name>
         <load_address>0x2c2e</load_address>
         <run_address>0x2c2e</run_address>
         <size>0xe</size>
         <input_file_ref idref="fl-d1"/>
      </object_component>
      <object_component id="oc-1f8">
         <name>.text:CPUcpsie</name>
         <load_address>0x2c3c</load_address>
         <run_address>0x2c3c</run_address>
         <size>0xc</size>
         <input_file_ref idref="fl-19"/>
      </object_component>
      <object_component id="oc-110">
         <name>.text:PWMGenEnable</name>
         <load_address>0x2c48</load_address>
         <run_address>0x2c48</run_address>
         <size>0xc</size>
         <input_file_ref idref="fl-14"/>
      </object_component>
      <object_component id="oc-2a1">
         <name>.text:SSIDataGet</name>
         <load_address>0x2c54</load_address>
         <run_address>0x2c54</run_address>
         <size>0xc</size>
         <input_file_ref idref="fl-15"/>
      </object_component>
      <object_component id="oc-4d">
         <name>.text:decompress:ZI:__TI_zero_init</name>
         <load_address>0x2c60</load_address>
         <run_address>0x2c60</run_address>
         <size>0xc</size>
         <input_file_ref idref="fl-d0"/>
      </object_component>
      <object_component id="oc-27">
         <name>.text</name>
         <load_address>0x2c6c</load_address>
         <run_address>0x2c6c</run_address>
         <size>0xc</size>
         <input_file_ref idref="fl-4"/>
      </object_component>
      <object_component id="oc-29b">
         <name>.text:SSIDataPut</name>
         <load_address>0x2c78</load_address>
         <run_address>0x2c78</run_address>
         <size>0xa</size>
         <input_file_ref idref="fl-15"/>
      </object_component>
      <object_component id="oc-283">
         <name>.text:SSIEnable</name>
         <load_address>0x2c82</load_address>
         <run_address>0x2c82</run_address>
         <size>0xa</size>
         <input_file_ref idref="fl-15"/>
      </object_component>
      <object_component id="oc-303">
         <name>.text:TimerValueGet</name>
         <load_address>0x2c8c</load_address>
         <run_address>0x2c8c</run_address>
         <size>0xa</size>
         <input_file_ref idref="fl-18"/>
      </object_component>
      <object_component id="oc-295">
         <name>.text:SSIBusy</name>
         <load_address>0x2c96</load_address>
         <run_address>0x2c96</run_address>
         <size>0x8</size>
         <input_file_ref idref="fl-15"/>
      </object_component>
      <object_component id="oc-18f">
         <name>.text:GPIOPinRead</name>
         <load_address>0x2c9e</load_address>
         <run_address>0x2c9e</run_address>
         <size>0x6</size>
         <input_file_ref idref="fl-12"/>
      </object_component>
      <object_component id="oc-289">
         <name>.text:GPIOPinWrite</name>
         <load_address>0x2ca4</load_address>
         <run_address>0x2ca4</run_address>
         <size>0x6</size>
         <input_file_ref idref="fl-12"/>
      </object_component>
      <object_component id="oc-277">
         <name>.text:SSIClockSourceSet</name>
         <load_address>0x2caa</load_address>
         <run_address>0x2caa</run_address>
         <size>0x6</size>
         <input_file_ref idref="fl-15"/>
      </object_component>
      <object_component id="oc-140">
         <name>.text:SysCtlDelay</name>
         <load_address>0x2cb0</load_address>
         <run_address>0x2cb0</run_address>
         <size>0x6</size>
         <input_file_ref idref="fl-16"/>
      </object_component>
      <object_component id="oc-95">
         <name>.text:_system_pre_init</name>
         <load_address>0x2cb6</load_address>
         <run_address>0x2cb6</run_address>
         <size>0x4</size>
         <input_file_ref idref="fl-d8"/>
      </object_component>
      <object_component id="oc-143">
         <name>.text:abort:abort</name>
         <load_address>0x2cba</load_address>
         <run_address>0x2cba</run_address>
         <size>0x4</size>
         <input_file_ref idref="fl-da"/>
      </object_component>
      <object_component id="oc-2a7">
         <name>.const:.string:rgbOledFont0</name>
         <load_address>0x2cc0</load_address>
         <run_address>0x2cc0</run_address>
         <size>0x300</size>
         <input_file_ref idref="fl-7"/>
      </object_component>
      <object_component id="oc-1ba">
         <name>.const:g_pui32GPIOBaseAddrs</name>
         <load_address>0x2fc0</load_address>
         <run_address>0x2fc0</run_address>
         <size>0x90</size>
         <input_file_ref idref="fl-12"/>
      </object_component>
      <object_component id="oc-1aa">
         <name>.const:g_pui32Xtals</name>
         <load_address>0x3050</load_address>
         <run_address>0x3050</run_address>
         <size>0x6c</size>
         <input_file_ref idref="fl-16"/>
      </object_component>
      <object_component id="oc-2ad">
         <name>.const:.string:rgbFillPat</name>
         <load_address>0x30bc</load_address>
         <run_address>0x30bc</run_address>
         <size>0x40</size>
         <input_file_ref idref="fl-8"/>
      </object_component>
      <object_component id="oc-1e2">
         <name>.const:g_psDaysToMonth</name>
         <load_address>0x30fc</load_address>
         <run_address>0x30fc</run_address>
         <size>0x30</size>
         <input_file_ref idref="fl-5"/>
      </object_component>
      <object_component id="oc-1e5">
         <name>.const:g_pfExponents</name>
         <load_address>0x312c</load_address>
         <run_address>0x312c</run_address>
         <size>0x18</size>
         <input_file_ref idref="fl-5"/>
      </object_component>
      <object_component id="oc-2ba">
         <name>.const:.string</name>
         <load_address>0x3144</load_address>
         <run_address>0x3144</run_address>
         <size>0x12</size>
         <input_file_ref idref="fl-5"/>
      </object_component>
      <object_component id="oc-1df">
         <name>.const</name>
         <load_address>0x3158</load_address>
         <run_address>0x3158</run_address>
         <size>0x4</size>
         <input_file_ref idref="fl-5"/>
      </object_component>
      <object_component id="oc-361">
         <name>__TI_handler_table</name>
         <load_address>0x3160</load_address>
         <run_address>0x3160</run_address>
         <size>0xc</size>
      </object_component>
      <object_component id="oc-365">
         <name>.cinit..bss.load</name>
         <load_address>0x3170</load_address>
         <run_address>0x3170</run_address>
         <size>0x8</size>
      </object_component>
      <object_component id="oc-364">
         <name>.cinit..data.load</name>
         <load_address>0x3178</load_address>
         <run_address>0x3178</run_address>
         <size>0x8</size>
      </object_component>
      <object_component id="oc-363">
         <name>.cinit..vtable.load</name>
         <load_address>0x3180</load_address>
         <run_address>0x3180</run_address>
         <size>0x8</size>
      </object_component>
      <object_component id="oc-362">
         <name>__TI_cinit_table</name>
         <load_address>0x3188</load_address>
         <run_address>0x3188</run_address>
         <size>0x18</size>
      </object_component>
      <object_component id="oc-24a">
         <name>.vtable</name>
         <uninitialized>true</uninitialized>
         <run_address>0x20000000</run_address>
         <size>0x26c</size>
         <input_file_ref idref="fl-13"/>
      </object_component>
      <object_component id="oc-1e8">
         <name>.data</name>
         <load_address>0x200007c0</load_address>
         <run_address>0x200007c0</run_address>
         <size>0x4</size>
         <input_file_ref idref="fl-5"/>
      </object_component>
      <object_component id="oc-198">
         <name>.bss:but_state</name>
         <uninitialized>true</uninitialized>
         <run_address>0x20000578</run_address>
         <size>0x4</size>
         <input_file_ref idref="fl-2"/>
      </object_component>
      <object_component id="oc-19b">
         <name>.bss:but_count</name>
         <uninitialized>true</uninitialized>
         <run_address>0x2000056c</run_address>
         <size>0x4</size>
         <input_file_ref idref="fl-2"/>
      </object_component>
      <object_component id="oc-19e">
         <name>.bss:but_flag</name>
         <uninitialized>true</uninitialized>
         <run_address>0x20000570</run_address>
         <size>0x4</size>
         <input_file_ref idref="fl-2"/>
      </object_component>
      <object_component id="oc-195">
         <name>.bss:but_normal</name>
         <uninitialized>true</uninitialized>
         <run_address>0x20000574</run_address>
         <size>0x4</size>
         <input_file_ref idref="fl-2"/>
      </object_component>
      <object_component id="oc-2eb">
         <name>.common:xcoOledCur</name>
         <uninitialized>true</uninitialized>
         <run_address>0x200005ac</run_address>
         <size>0x4</size>
      </object_component>
      <object_component id="oc-2ec">
         <name>.common:ycoOledCur</name>
         <uninitialized>true</uninitialized>
         <run_address>0x200005b8</run_address>
         <size>0x4</size>
      </object_component>
      <object_component id="oc-269">
         <name>.common:pbOledCur</name>
         <uninitialized>true</uninitialized>
         <run_address>0x20000590</run_address>
         <size>0x4</size>
      </object_component>
      <object_component id="oc-2ed">
         <name>.common:bnOledCur</name>
         <uninitialized>true</uninitialized>
         <run_address>0x2000057c</run_address>
         <size>0x4</size>
      </object_component>
      <object_component id="oc-2ab">
         <name>.common:clrOledCur</name>
         <uninitialized>true</uninitialized>
         <run_address>0x200005bc</run_address>
         <size>0x1</size>
      </object_component>
      <object_component id="oc-2ac">
         <name>.common:pbOledPatCur</name>
         <uninitialized>true</uninitialized>
         <run_address>0x2000059c</run_address>
         <size>0x4</size>
      </object_component>
      <object_component id="oc-267">
         <name>.common:fOledCharUpdate</name>
         <uninitialized>true</uninitialized>
         <run_address>0x20000588</run_address>
         <size>0x4</size>
      </object_component>
      <object_component id="oc-262">
         <name>.common:dxcoOledFontCur</name>
         <uninitialized>true</uninitialized>
         <run_address>0x20000580</run_address>
         <size>0x4</size>
      </object_component>
      <object_component id="oc-265">
         <name>.common:dycoOledFontCur</name>
         <uninitialized>true</uninitialized>
         <run_address>0x20000584</run_address>
         <size>0x4</size>
      </object_component>
      <object_component id="oc-268">
         <name>.common:pbOledFontCur</name>
         <uninitialized>true</uninitialized>
         <run_address>0x20000594</run_address>
         <size>0x4</size>
      </object_component>
      <object_component id="oc-266">
         <name>.common:pbOledFontUser</name>
         <uninitialized>true</uninitialized>
         <run_address>0x20000598</run_address>
         <size>0x4</size>
      </object_component>
      <object_component id="oc-2b0">
         <name>.common:rgbOledBmp</name>
         <uninitialized>true</uninitialized>
         <run_address>0x2000026c</run_address>
         <size>0x200</size>
      </object_component>
      <object_component id="oc-260">
         <name>.common:xchOledCur</name>
         <uninitialized>true</uninitialized>
         <run_address>0x200005a4</run_address>
         <size>0x4</size>
      </object_component>
      <object_component id="oc-261">
         <name>.common:ychOledCur</name>
         <uninitialized>true</uninitialized>
         <run_address>0x200005b0</run_address>
         <size>0x4</size>
      </object_component>
      <object_component id="oc-25c">
         <name>.common:xchOledMax</name>
         <uninitialized>true</uninitialized>
         <run_address>0x200005a8</run_address>
         <size>0x4</size>
      </object_component>
      <object_component id="oc-25f">
         <name>.common:ychOledMax</name>
         <uninitialized>true</uninitialized>
         <run_address>0x200005b4</run_address>
         <size>0x4</size>
      </object_component>
      <object_component id="oc-2aa">
         <name>.common:rgbOledFontUser</name>
         <uninitialized>true</uninitialized>
         <run_address>0x2000046c</run_address>
         <size>0x100</size>
      </object_component>
      <object_component id="oc-2f1">
         <name>.common:pfnDoRop</name>
         <uninitialized>true</uninitialized>
         <run_address>0x200005a0</run_address>
         <size>0x4</size>
      </object_component>
      <object_component id="oc-2ee">
         <name>.common:modOledCur</name>
         <uninitialized>true</uninitialized>
         <run_address>0x2000058c</run_address>
         <size>0x4</size>
      </object_component>
      <object_component id="oc-24">
         <name>.stack</name>
         <uninitialized>true</uninitialized>
         <run_address>0x200005c0</run_address>
         <size>0x4</size>
         <input_file_ref idref="fl-d3"/>
      </object_component>
      <object_component id="oc-367">
         <name>.stack</name>
         <uninitialized>true</uninitialized>
         <run_address>0x200005c0</run_address>
         <size>0x0</size>
      </object_component>
      <object_component id="oc-b7">
         <name>.debug_info</name>
         <load_address>0x0</load_address>
         <run_address>0x0</run_address>
         <size>0x366</size>
         <input_file_ref idref="fl-2"/>
      </object_component>
      <object_component id="oc-199">
         <name>.debug_info</name>
         <load_address>0x366</load_address>
         <run_address>0x366</run_address>
         <size>0xd0</size>
         <input_file_ref idref="fl-2"/>
      </object_component>
      <object_component id="oc-19c">
         <name>.debug_info</name>
         <load_address>0x436</load_address>
         <run_address>0x436</run_address>
         <size>0xd0</size>
         <input_file_ref idref="fl-2"/>
      </object_component>
      <object_component id="oc-19f">
         <name>.debug_info</name>
         <load_address>0x506</load_address>
         <run_address>0x506</run_address>
         <size>0xce</size>
         <input_file_ref idref="fl-2"/>
      </object_component>
      <object_component id="oc-196">
         <name>.debug_info</name>
         <load_address>0x5d4</load_address>
         <run_address>0x5d4</run_address>
         <size>0xd2</size>
         <input_file_ref idref="fl-2"/>
      </object_component>
      <object_component id="oc-cb">
         <name>.debug_info</name>
         <load_address>0x6a6</load_address>
         <run_address>0x6a6</run_address>
         <size>0x398</size>
         <input_file_ref idref="fl-2"/>
      </object_component>
      <object_component id="oc-70">
         <name>.debug_info</name>
         <load_address>0xa3e</load_address>
         <run_address>0xa3e</run_address>
         <size>0x26b</size>
         <input_file_ref idref="fl-2"/>
      </object_component>
      <object_component id="oc-b2">
         <name>.debug_info</name>
         <load_address>0xca9</load_address>
         <run_address>0xca9</run_address>
         <size>0x8b</size>
         <input_file_ref idref="fl-2"/>
      </object_component>
      <object_component id="oc-ad">
         <name>.debug_info</name>
         <load_address>0xd34</load_address>
         <run_address>0xd34</run_address>
         <size>0x2a4</size>
         <input_file_ref idref="fl-2"/>
      </object_component>
      <object_component id="oc-75">
         <name>.debug_info</name>
         <load_address>0xfd8</load_address>
         <run_address>0xfd8</run_address>
         <size>0xbb</size>
         <input_file_ref idref="fl-2"/>
      </object_component>
      <object_component id="oc-142">
         <name>.debug_info</name>
         <load_address>0x1093</load_address>
         <run_address>0x1093</run_address>
         <size>0x74c</size>
         <input_file_ref idref="fl-3"/>
      </object_component>
      <object_component id="oc-9f">
         <name>.debug_info</name>
         <load_address>0x17df</load_address>
         <run_address>0x17df</run_address>
         <size>0x9fa</size>
         <input_file_ref idref="fl-3"/>
      </object_component>
      <object_component id="oc-1ed">
         <name>.debug_info</name>
         <load_address>0x21d9</load_address>
         <run_address>0x21d9</run_address>
         <size>0x196</size>
         <input_file_ref idref="fl-3"/>
      </object_component>
      <object_component id="oc-1f2">
         <name>.debug_info</name>
         <load_address>0x236f</load_address>
         <run_address>0x236f</run_address>
         <size>0x2c</size>
         <input_file_ref idref="fl-3"/>
      </object_component>
      <object_component id="oc-201">
         <name>.debug_info</name>
         <load_address>0x239b</load_address>
         <run_address>0x239b</run_address>
         <size>0x35</size>
         <input_file_ref idref="fl-3"/>
      </object_component>
      <object_component id="oc-2f">
         <name>.debug_info</name>
         <load_address>0x23d0</load_address>
         <run_address>0x23d0</run_address>
         <size>0x2a8</size>
         <input_file_ref idref="fl-4"/>
      </object_component>
      <object_component id="oc-13">
         <name>.debug_info</name>
         <load_address>0x2678</load_address>
         <run_address>0x2678</run_address>
         <size>0xe7</size>
         <input_file_ref idref="fl-4"/>
      </object_component>
      <object_component id="oc-2a">
         <name>.debug_info</name>
         <load_address>0x275f</load_address>
         <run_address>0x275f</run_address>
         <size>0x263</size>
         <input_file_ref idref="fl-4"/>
      </object_component>
      <object_component id="oc-36">
         <name>.debug_info</name>
         <load_address>0x29c2</load_address>
         <run_address>0x29c2</run_address>
         <size>0x84</size>
         <input_file_ref idref="fl-4"/>
      </object_component>
      <object_component id="oc-1ec">
         <name>.debug_info</name>
         <load_address>0x2a46</load_address>
         <run_address>0x2a46</run_address>
         <size>0x316</size>
         <input_file_ref idref="fl-5"/>
      </object_component>
      <object_component id="oc-1e0">
         <name>.debug_info</name>
         <load_address>0x2d5c</load_address>
         <run_address>0x2d5c</run_address>
         <size>0x11d</size>
         <input_file_ref idref="fl-5"/>
      </object_component>
      <object_component id="oc-1e3">
         <name>.debug_info</name>
         <load_address>0x2e79</load_address>
         <run_address>0x2e79</run_address>
         <size>0x12e</size>
         <input_file_ref idref="fl-5"/>
      </object_component>
      <object_component id="oc-1e6">
         <name>.debug_info</name>
         <load_address>0x2fa7</load_address>
         <run_address>0x2fa7</run_address>
         <size>0x12a</size>
         <input_file_ref idref="fl-5"/>
      </object_component>
      <object_component id="oc-1e9">
         <name>.debug_info</name>
         <load_address>0x30d1</load_address>
         <run_address>0x30d1</run_address>
         <size>0x12a</size>
         <input_file_ref idref="fl-5"/>
      </object_component>
      <object_component id="oc-12f">
         <name>.debug_info</name>
         <load_address>0x31fb</load_address>
         <run_address>0x31fb</run_address>
         <size>0x1980</size>
         <input_file_ref idref="fl-5"/>
      </object_component>
      <object_component id="oc-1d7">
         <name>.debug_info</name>
         <load_address>0x4b7b</load_address>
         <run_address>0x4b7b</run_address>
         <size>0x360</size>
         <input_file_ref idref="fl-6"/>
      </object_component>
      <object_component id="oc-11f">
         <name>.debug_info</name>
         <load_address>0x4edb</load_address>
         <run_address>0x4edb</run_address>
         <size>0x373</size>
         <input_file_ref idref="fl-6"/>
      </object_component>
      <object_component id="oc-316">
         <name>.debug_info</name>
         <load_address>0x524e</load_address>
         <run_address>0x524e</run_address>
         <size>0xf5</size>
         <input_file_ref idref="fl-7"/>
      </object_component>
      <object_component id="oc-2a8">
         <name>.debug_info</name>
         <load_address>0x5343</load_address>
         <run_address>0x5343</run_address>
         <size>0x109</size>
         <input_file_ref idref="fl-7"/>
      </object_component>
      <object_component id="oc-319">
         <name>.debug_info</name>
         <load_address>0x544c</load_address>
         <run_address>0x544c</run_address>
         <size>0xf2</size>
         <input_file_ref idref="fl-8"/>
      </object_component>
      <object_component id="oc-2ae">
         <name>.debug_info</name>
         <load_address>0x553e</load_address>
         <run_address>0x553e</run_address>
         <size>0x104</size>
         <input_file_ref idref="fl-8"/>
      </object_component>
      <object_component id="oc-263">
         <name>.debug_info</name>
         <load_address>0x5642</load_address>
         <run_address>0x5642</run_address>
         <size>0x862</size>
         <input_file_ref idref="fl-9"/>
      </object_component>
      <object_component id="oc-1d1">
         <name>.debug_info</name>
         <load_address>0x5ea4</load_address>
         <run_address>0x5ea4</run_address>
         <size>0xdc4</size>
         <input_file_ref idref="fl-9"/>
      </object_component>
      <object_component id="oc-25d">
         <name>.debug_info</name>
         <load_address>0x6c68</load_address>
         <run_address>0x6c68</run_address>
         <size>0x4df</size>
         <input_file_ref idref="fl-a"/>
      </object_component>
      <object_component id="oc-1cc">
         <name>.debug_info</name>
         <load_address>0x7147</load_address>
         <run_address>0x7147</run_address>
         <size>0xa97</size>
         <input_file_ref idref="fl-a"/>
      </object_component>
      <object_component id="oc-2ef">
         <name>.debug_info</name>
         <load_address>0x7bde</load_address>
         <run_address>0x7bde</run_address>
         <size>0x4b9</size>
         <input_file_ref idref="fl-b"/>
      </object_component>
      <object_component id="oc-259">
         <name>.debug_info</name>
         <load_address>0x8097</load_address>
         <run_address>0x8097</run_address>
         <size>0x20a3</size>
         <input_file_ref idref="fl-b"/>
      </object_component>
      <object_component id="oc-26e">
         <name>.debug_info</name>
         <load_address>0xa13a</load_address>
         <run_address>0xa13a</run_address>
         <size>0x2be</size>
         <input_file_ref idref="fl-c"/>
      </object_component>
      <object_component id="oc-1be">
         <name>.debug_info</name>
         <load_address>0xa3f8</load_address>
         <run_address>0xa3f8</run_address>
         <size>0x3e4</size>
         <input_file_ref idref="fl-12"/>
      </object_component>
      <object_component id="oc-1bb">
         <name>.debug_info</name>
         <load_address>0xa7dc</load_address>
         <run_address>0xa7dc</run_address>
         <size>0x164</size>
         <input_file_ref idref="fl-12"/>
      </object_component>
      <object_component id="oc-28c">
         <name>.debug_info</name>
         <load_address>0xa940</load_address>
         <run_address>0xa940</run_address>
         <size>0x2ac</size>
         <input_file_ref idref="fl-12"/>
      </object_component>
      <object_component id="oc-1c2">
         <name>.debug_info</name>
         <load_address>0xabec</load_address>
         <run_address>0xabec</run_address>
         <size>0x2bc</size>
         <input_file_ref idref="fl-12"/>
      </object_component>
      <object_component id="oc-18c">
         <name>.debug_info</name>
         <load_address>0xaea8</load_address>
         <run_address>0xaea8</run_address>
         <size>0x31f</size>
         <input_file_ref idref="fl-12"/>
      </object_component>
      <object_component id="oc-274">
         <name>.debug_info</name>
         <load_address>0xb1c7</load_address>
         <run_address>0xb1c7</run_address>
         <size>0x299</size>
         <input_file_ref idref="fl-12"/>
      </object_component>
      <object_component id="oc-107">
         <name>.debug_info</name>
         <load_address>0xb460</load_address>
         <run_address>0xb460</run_address>
         <size>0x299</size>
         <input_file_ref idref="fl-12"/>
      </object_component>
      <object_component id="oc-293">
         <name>.debug_info</name>
         <load_address>0xb6f9</load_address>
         <run_address>0xb6f9</run_address>
         <size>0x2c0</size>
         <input_file_ref idref="fl-12"/>
      </object_component>
      <object_component id="oc-187">
         <name>.debug_info</name>
         <load_address>0xb9b9</load_address>
         <run_address>0xb9b9</run_address>
         <size>0x2a5</size>
         <input_file_ref idref="fl-12"/>
      </object_component>
      <object_component id="oc-193">
         <name>.debug_info</name>
         <load_address>0xbc5e</load_address>
         <run_address>0xbc5e</run_address>
         <size>0x284</size>
         <input_file_ref idref="fl-12"/>
      </object_component>
      <object_component id="oc-102">
         <name>.debug_info</name>
         <load_address>0xbee2</load_address>
         <run_address>0xbee2</run_address>
         <size>0x289</size>
         <input_file_ref idref="fl-12"/>
      </object_component>
      <object_component id="oc-241">
         <name>.debug_info</name>
         <load_address>0xc16b</load_address>
         <run_address>0xc16b</run_address>
         <size>0x26b</size>
         <input_file_ref idref="fl-12"/>
      </object_component>
      <object_component id="oc-231">
         <name>.debug_info</name>
         <load_address>0xc3d6</load_address>
         <run_address>0xc3d6</run_address>
         <size>0x297</size>
         <input_file_ref idref="fl-12"/>
      </object_component>
      <object_component id="oc-23c">
         <name>.debug_info</name>
         <load_address>0xc66d</load_address>
         <run_address>0xc66d</run_address>
         <size>0xef</size>
         <input_file_ref idref="fl-12"/>
      </object_component>
      <object_component id="oc-1a3">
         <name>.debug_info</name>
         <load_address>0xc75c</load_address>
         <run_address>0xc75c</run_address>
         <size>0xbb</size>
         <input_file_ref idref="fl-12"/>
      </object_component>
      <object_component id="oc-24e">
         <name>.debug_info</name>
         <load_address>0xc817</load_address>
         <run_address>0xc817</run_address>
         <size>0x3b7</size>
         <input_file_ref idref="fl-13"/>
      </object_component>
      <object_component id="oc-24b">
         <name>.debug_info</name>
         <load_address>0xcbce</load_address>
         <run_address>0xcbce</run_address>
         <size>0x160</size>
         <input_file_ref idref="fl-13"/>
      </object_component>
      <object_component id="oc-1b2">
         <name>.debug_info</name>
         <load_address>0xcd2e</load_address>
         <run_address>0xcd2e</run_address>
         <size>0x2ca</size>
         <input_file_ref idref="fl-13"/>
      </object_component>
      <object_component id="oc-13c">
         <name>.debug_info</name>
         <load_address>0xcff8</load_address>
         <run_address>0xcff8</run_address>
         <size>0x247</size>
         <input_file_ref idref="fl-13"/>
      </object_component>
      <object_component id="oc-1c7">
         <name>.debug_info</name>
         <load_address>0xd23f</load_address>
         <run_address>0xd23f</run_address>
         <size>0x396</size>
         <input_file_ref idref="fl-14"/>
      </object_component>
      <object_component id="oc-12b">
         <name>.debug_info</name>
         <load_address>0xd5d5</load_address>
         <run_address>0xd5d5</run_address>
         <size>0x2ff</size>
         <input_file_ref idref="fl-14"/>
      </object_component>
      <object_component id="oc-119">
         <name>.debug_info</name>
         <load_address>0xd8d4</load_address>
         <run_address>0xd8d4</run_address>
         <size>0x2cd</size>
         <input_file_ref idref="fl-14"/>
      </object_component>
      <object_component id="oc-125">
         <name>.debug_info</name>
         <load_address>0xdba1</load_address>
         <run_address>0xdba1</run_address>
         <size>0x2bf</size>
         <input_file_ref idref="fl-14"/>
      </object_component>
      <object_component id="oc-111">
         <name>.debug_info</name>
         <load_address>0xde60</load_address>
         <run_address>0xde60</run_address>
         <size>0x27f</size>
         <input_file_ref idref="fl-14"/>
      </object_component>
      <object_component id="oc-10c">
         <name>.debug_info</name>
         <load_address>0xe0df</load_address>
         <run_address>0xe0df</run_address>
         <size>0x2bc</size>
         <input_file_ref idref="fl-14"/>
      </object_component>
      <object_component id="oc-30c">
         <name>.debug_info</name>
         <load_address>0xe39b</load_address>
         <run_address>0xe39b</run_address>
         <size>0x3c0</size>
         <input_file_ref idref="fl-15"/>
      </object_component>
      <object_component id="oc-287">
         <name>.debug_info</name>
         <load_address>0xe75b</load_address>
         <run_address>0xe75b</run_address>
         <size>0x24b</size>
         <input_file_ref idref="fl-15"/>
      </object_component>
      <object_component id="oc-29e">
         <name>.debug_info</name>
         <load_address>0xe9a6</load_address>
         <run_address>0xe9a6</run_address>
         <size>0x27f</size>
         <input_file_ref idref="fl-15"/>
      </object_component>
      <object_component id="oc-2a4">
         <name>.debug_info</name>
         <load_address>0xec25</load_address>
         <run_address>0xec25</run_address>
         <size>0x283</size>
         <input_file_ref idref="fl-15"/>
      </object_component>
      <object_component id="oc-281">
         <name>.debug_info</name>
         <load_address>0xeea8</load_address>
         <run_address>0xeea8</run_address>
         <size>0x3e2</size>
         <input_file_ref idref="fl-15"/>
      </object_component>
      <object_component id="oc-27a">
         <name>.debug_info</name>
         <load_address>0xf28a</load_address>
         <run_address>0xf28a</run_address>
         <size>0x295</size>
         <input_file_ref idref="fl-15"/>
      </object_component>
      <object_component id="oc-298">
         <name>.debug_info</name>
         <load_address>0xf51f</load_address>
         <run_address>0xf51f</run_address>
         <size>0x24b</size>
         <input_file_ref idref="fl-15"/>
      </object_component>
      <object_component id="oc-1a8">
         <name>.debug_info</name>
         <load_address>0xf76a</load_address>
         <run_address>0xf76a</run_address>
         <size>0x441</size>
         <input_file_ref idref="fl-16"/>
      </object_component>
      <object_component id="oc-1ab">
         <name>.debug_info</name>
         <load_address>0xfbab</load_address>
         <run_address>0xfbab</run_address>
         <size>0x156</size>
         <input_file_ref idref="fl-16"/>
      </object_component>
      <object_component id="oc-136">
         <name>.debug_info</name>
         <load_address>0xfd01</load_address>
         <run_address>0xfd01</run_address>
         <size>0x29e</size>
         <input_file_ref idref="fl-16"/>
      </object_component>
      <object_component id="oc-fa">
         <name>.debug_info</name>
         <load_address>0xff9f</load_address>
         <run_address>0xff9f</run_address>
         <size>0x286</size>
         <input_file_ref idref="fl-16"/>
      </object_component>
      <object_component id="oc-d5">
         <name>.debug_info</name>
         <load_address>0x10225</load_address>
         <run_address>0x10225</run_address>
         <size>0x26c</size>
         <input_file_ref idref="fl-16"/>
      </object_component>
      <object_component id="oc-cf">
         <name>.debug_info</name>
         <load_address>0x10491</load_address>
         <run_address>0x10491</run_address>
         <size>0x2e4</size>
         <input_file_ref idref="fl-16"/>
      </object_component>
      <object_component id="oc-db">
         <name>.debug_info</name>
         <load_address>0x10775</load_address>
         <run_address>0x10775</run_address>
         <size>0x2be</size>
         <input_file_ref idref="fl-16"/>
      </object_component>
      <object_component id="oc-238">
         <name>.debug_info</name>
         <load_address>0x10a33</load_address>
         <run_address>0x10a33</run_address>
         <size>0x51</size>
         <input_file_ref idref="fl-16"/>
      </object_component>
      <object_component id="oc-1af">
         <name>.debug_info</name>
         <load_address>0x10a84</load_address>
         <run_address>0x10a84</run_address>
         <size>0x346</size>
         <input_file_ref idref="fl-17"/>
      </object_component>
      <object_component id="oc-e3">
         <name>.debug_info</name>
         <load_address>0x10dca</load_address>
         <run_address>0x10dca</run_address>
         <size>0x26a</size>
         <input_file_ref idref="fl-17"/>
      </object_component>
      <object_component id="oc-ea">
         <name>.debug_info</name>
         <load_address>0x11034</load_address>
         <run_address>0x11034</run_address>
         <size>0x280</size>
         <input_file_ref idref="fl-17"/>
      </object_component>
      <object_component id="oc-f0">
         <name>.debug_info</name>
         <load_address>0x112b4</load_address>
         <run_address>0x112b4</run_address>
         <size>0x230</size>
         <input_file_ref idref="fl-17"/>
      </object_component>
      <object_component id="oc-f6">
         <name>.debug_info</name>
         <load_address>0x114e4</load_address>
         <run_address>0x114e4</run_address>
         <size>0x22a</size>
         <input_file_ref idref="fl-17"/>
      </object_component>
      <object_component id="oc-32d">
         <name>.debug_info</name>
         <load_address>0x1170e</load_address>
         <run_address>0x1170e</run_address>
         <size>0x3c7</size>
         <input_file_ref idref="fl-18"/>
      </object_component>
      <object_component id="oc-305">
         <name>.debug_info</name>
         <load_address>0x11ad5</load_address>
         <run_address>0x11ad5</run_address>
         <size>0x293</size>
         <input_file_ref idref="fl-18"/>
      </object_component>
      <object_component id="oc-2fe">
         <name>.debug_info</name>
         <load_address>0x11d68</load_address>
         <run_address>0x11d68</run_address>
         <size>0x288</size>
         <input_file_ref idref="fl-18"/>
      </object_component>
      <object_component id="oc-2f8">
         <name>.debug_info</name>
         <load_address>0x11ff0</load_address>
         <run_address>0x11ff0</run_address>
         <size>0x295</size>
         <input_file_ref idref="fl-18"/>
      </object_component>
      <object_component id="oc-1fa">
         <name>.debug_info</name>
         <load_address>0x12285</load_address>
         <run_address>0x12285</run_address>
         <size>0x21b</size>
         <input_file_ref idref="fl-19"/>
      </object_component>
      <object_component id="oc-1dc">
         <name>.debug_info</name>
         <load_address>0x124a0</load_address>
         <run_address>0x124a0</run_address>
         <size>0x142</size>
         <input_file_ref idref="fl-cf"/>
      </object_component>
      <object_component id="oc-8e">
         <name>.debug_info</name>
         <load_address>0x125e2</load_address>
         <run_address>0x125e2</run_address>
         <size>0x2d4</size>
         <input_file_ref idref="fl-d0"/>
      </object_component>
      <object_component id="oc-4f">
         <name>.debug_info</name>
         <load_address>0x128b6</load_address>
         <run_address>0x128b6</run_address>
         <size>0x1b5</size>
         <input_file_ref idref="fl-d0"/>
      </object_component>
      <object_component id="oc-89">
         <name>.debug_info</name>
         <load_address>0x12a6b</load_address>
         <run_address>0x12a6b</run_address>
         <size>0x46</size>
         <input_file_ref idref="fl-d0"/>
      </object_component>
      <object_component id="oc-bf">
         <name>.debug_info</name>
         <load_address>0x12ab1</load_address>
         <run_address>0x12ab1</run_address>
         <size>0x2c</size>
         <input_file_ref idref="fl-d0"/>
      </object_component>
      <object_component id="oc-46">
         <name>.debug_info</name>
         <load_address>0x12add</load_address>
         <run_address>0x12add</run_address>
         <size>0x2a8</size>
         <input_file_ref idref="fl-d1"/>
      </object_component>
      <object_component id="oc-1e">
         <name>.debug_info</name>
         <load_address>0x12d85</load_address>
         <run_address>0x12d85</run_address>
         <size>0x1ea</size>
         <input_file_ref idref="fl-d1"/>
      </object_component>
      <object_component id="oc-41">
         <name>.debug_info</name>
         <load_address>0x12f6f</load_address>
         <run_address>0x12f6f</run_address>
         <size>0x46</size>
         <input_file_ref idref="fl-d1"/>
      </object_component>
      <object_component id="oc-81">
         <name>.debug_info</name>
         <load_address>0x12fb5</load_address>
         <run_address>0x12fb5</run_address>
         <size>0x2c</size>
         <input_file_ref idref="fl-d1"/>
      </object_component>
      <object_component id="oc-7f">
         <name>.debug_info</name>
         <load_address>0x12fe1</load_address>
         <run_address>0x12fe1</run_address>
         <size>0x29e</size>
         <input_file_ref idref="fl-d2"/>
      </object_component>
      <object_component id="oc-19">
         <name>.debug_info</name>
         <load_address>0x1327f</load_address>
         <run_address>0x1327f</run_address>
         <size>0x250</size>
         <input_file_ref idref="fl-d2"/>
      </object_component>
      <object_component id="oc-31">
         <name>.debug_info</name>
         <load_address>0x134cf</load_address>
         <run_address>0x134cf</run_address>
         <size>0x60</size>
         <input_file_ref idref="fl-d2"/>
      </object_component>
      <object_component id="oc-b8">
         <name>.debug_info</name>
         <load_address>0x1352f</load_address>
         <run_address>0x1352f</run_address>
         <size>0x46</size>
         <input_file_ref idref="fl-d2"/>
      </object_component>
      <object_component id="oc-7a">
         <name>.debug_info</name>
         <load_address>0x13575</load_address>
         <run_address>0x13575</run_address>
         <size>0x39</size>
         <input_file_ref idref="fl-d2"/>
      </object_component>
      <object_component id="oc-25">
         <name>.debug_info</name>
         <load_address>0x135ae</load_address>
         <run_address>0x135ae</run_address>
         <size>0x10b</size>
         <input_file_ref idref="fl-d3"/>
      </object_component>
      <object_component id="oc-5a">
         <name>.debug_info</name>
         <load_address>0x136b9</load_address>
         <run_address>0x136b9</run_address>
         <size>0x1a9</size>
         <input_file_ref idref="fl-d3"/>
      </object_component>
      <object_component id="oc-2b6">
         <name>.debug_info</name>
         <load_address>0x13862</load_address>
         <run_address>0x13862</run_address>
         <size>0x115</size>
         <input_file_ref idref="fl-d4"/>
      </object_component>
      <object_component id="oc-3c">
         <name>.debug_info</name>
         <load_address>0x13977</load_address>
         <run_address>0x13977</run_address>
         <size>0x119</size>
         <input_file_ref idref="fl-d5"/>
      </object_component>
      <object_component id="oc-90">
         <name>.debug_info</name>
         <load_address>0x13a90</load_address>
         <run_address>0x13a90</run_address>
         <size>0x147</size>
         <input_file_ref idref="fl-d6"/>
      </object_component>
      <object_component id="oc-211">
         <name>.debug_info</name>
         <load_address>0x13bd7</load_address>
         <run_address>0x13bd7</run_address>
         <size>0x4b3</size>
         <input_file_ref idref="fl-d7"/>
      </object_component>
      <object_component id="oc-152">
         <name>.debug_info</name>
         <load_address>0x1408a</load_address>
         <run_address>0x1408a</run_address>
         <size>0x1a6</size>
         <input_file_ref idref="fl-d7"/>
      </object_component>
      <object_component id="oc-2d6">
         <name>.debug_info</name>
         <load_address>0x14230</load_address>
         <run_address>0x14230</run_address>
         <size>0x39</size>
         <input_file_ref idref="fl-d7"/>
      </object_component>
      <object_component id="oc-31e">
         <name>.debug_info</name>
         <load_address>0x14269</load_address>
         <run_address>0x14269</run_address>
         <size>0x39</size>
         <input_file_ref idref="fl-d7"/>
      </object_component>
      <object_component id="oc-2db">
         <name>.debug_info</name>
         <load_address>0x142a2</load_address>
         <run_address>0x142a2</run_address>
         <size>0x39</size>
         <input_file_ref idref="fl-d7"/>
      </object_component>
      <object_component id="oc-2e0">
         <name>.debug_info</name>
         <load_address>0x142db</load_address>
         <run_address>0x142db</run_address>
         <size>0xcd</size>
         <input_file_ref idref="fl-d7"/>
      </object_component>
      <object_component id="oc-96">
         <name>.debug_info</name>
         <load_address>0x143a8</load_address>
         <run_address>0x143a8</run_address>
         <size>0x153</size>
         <input_file_ref idref="fl-d8"/>
      </object_component>
      <object_component id="oc-146">
         <name>.debug_info</name>
         <load_address>0x144fb</load_address>
         <run_address>0x144fb</run_address>
         <size>0x122</size>
         <input_file_ref idref="fl-da"/>
      </object_component>
      <object_component id="oc-368">
         <name>.debug_info</name>
         <load_address>0x1461d</load_address>
         <run_address>0x1461d</run_address>
         <size>0x9a</size>
      </object_component>
      <object_component id="oc-182">
         <name>.debug_line</name>
         <load_address>0x0</load_address>
         <run_address>0x0</run_address>
         <size>0xe8</size>
         <input_file_ref idref="fl-2"/>
      </object_component>
      <object_component id="oc-22c">
         <name>.debug_line</name>
         <load_address>0xe8</load_address>
         <run_address>0xe8</run_address>
         <size>0x31</size>
         <input_file_ref idref="fl-2"/>
      </object_component>
      <object_component id="oc-22e">
         <name>.debug_line</name>
         <load_address>0x119</load_address>
         <run_address>0x119</run_address>
         <size>0x31</size>
         <input_file_ref idref="fl-2"/>
      </object_component>
      <object_component id="oc-230">
         <name>.debug_line</name>
         <load_address>0x14a</load_address>
         <run_address>0x14a</run_address>
         <size>0x31</size>
         <input_file_ref idref="fl-2"/>
      </object_component>
      <object_component id="oc-22a">
         <name>.debug_line</name>
         <load_address>0x17b</load_address>
         <run_address>0x17b</run_address>
         <size>0x31</size>
         <input_file_ref idref="fl-2"/>
      </object_component>
      <object_component id="oc-ca">
         <name>.debug_line</name>
         <load_address>0x1ac</load_address>
         <run_address>0x1ac</run_address>
         <size>0xd8</size>
         <input_file_ref idref="fl-2"/>
      </object_component>
      <object_component id="oc-73">
         <name>.debug_line</name>
         <load_address>0x284</load_address>
         <run_address>0x284</run_address>
         <size>0x6f</size>
         <input_file_ref idref="fl-2"/>
      </object_component>
      <object_component id="oc-b5">
         <name>.debug_line</name>
         <load_address>0x2f3</load_address>
         <run_address>0x2f3</run_address>
         <size>0x20</size>
         <input_file_ref idref="fl-2"/>
      </object_component>
      <object_component id="oc-b0">
         <name>.debug_line</name>
         <load_address>0x313</load_address>
         <run_address>0x313</run_address>
         <size>0x73</size>
         <input_file_ref idref="fl-2"/>
      </object_component>
      <object_component id="oc-78">
         <name>.debug_line</name>
         <load_address>0x386</load_address>
         <run_address>0x386</run_address>
         <size>0x70</size>
         <input_file_ref idref="fl-2"/>
      </object_component>
      <object_component id="oc-200">
         <name>.debug_line</name>
         <load_address>0x3f6</load_address>
         <run_address>0x3f6</run_address>
         <size>0x2ca</size>
         <input_file_ref idref="fl-3"/>
      </object_component>
      <object_component id="oc-9c">
         <name>.debug_line</name>
         <load_address>0x6c0</load_address>
         <run_address>0x6c0</run_address>
         <size>0x162</size>
         <input_file_ref idref="fl-3"/>
      </object_component>
      <object_component id="oc-1f0">
         <name>.debug_line</name>
         <load_address>0x822</load_address>
         <run_address>0x822</run_address>
         <size>0x69</size>
         <input_file_ref idref="fl-3"/>
      </object_component>
      <object_component id="oc-1f5">
         <name>.debug_line</name>
         <load_address>0x88b</load_address>
         <run_address>0x88b</run_address>
         <size>0x6b</size>
         <input_file_ref idref="fl-3"/>
      </object_component>
      <object_component id="oc-204">
         <name>.debug_line</name>
         <load_address>0x8f6</load_address>
         <run_address>0x8f6</run_address>
         <size>0x72</size>
         <input_file_ref idref="fl-3"/>
      </object_component>
      <object_component id="oc-6f">
         <name>.debug_line</name>
         <load_address>0x968</load_address>
         <run_address>0x968</run_address>
         <size>0x41</size>
         <input_file_ref idref="fl-4"/>
      </object_component>
      <object_component id="oc-2e">
         <name>.debug_line</name>
         <load_address>0x9a9</load_address>
         <run_address>0x9a9</run_address>
         <size>0x41</size>
         <input_file_ref idref="fl-4"/>
      </object_component>
      <object_component id="oc-29">
         <name>.debug_line</name>
         <load_address>0x9ea</load_address>
         <run_address>0x9ea</run_address>
         <size>0xa1</size>
         <input_file_ref idref="fl-4"/>
      </object_component>
      <object_component id="oc-39">
         <name>.debug_line</name>
         <load_address>0xa8b</load_address>
         <run_address>0xa8b</run_address>
         <size>0x20</size>
         <input_file_ref idref="fl-4"/>
      </object_component>
      <object_component id="oc-2c4">
         <name>.debug_line</name>
         <load_address>0xaab</load_address>
         <run_address>0xaab</run_address>
         <size>0x20</size>
         <input_file_ref idref="fl-5"/>
      </object_component>
      <object_component id="oc-2bc">
         <name>.debug_line</name>
         <load_address>0xacb</load_address>
         <run_address>0xacb</run_address>
         <size>0x82</size>
         <input_file_ref idref="fl-5"/>
      </object_component>
      <object_component id="oc-2be">
         <name>.debug_line</name>
         <load_address>0xb4d</load_address>
         <run_address>0xb4d</run_address>
         <size>0x82</size>
         <input_file_ref idref="fl-5"/>
      </object_component>
      <object_component id="oc-2c0">
         <name>.debug_line</name>
         <load_address>0xbcf</load_address>
         <run_address>0xbcf</run_address>
         <size>0x82</size>
         <input_file_ref idref="fl-5"/>
      </object_component>
      <object_component id="oc-2c2">
         <name>.debug_line</name>
         <load_address>0xc51</load_address>
         <run_address>0xc51</run_address>
         <size>0x82</size>
         <input_file_ref idref="fl-5"/>
      </object_component>
      <object_component id="oc-133">
         <name>.debug_line</name>
         <load_address>0xcd3</load_address>
         <run_address>0xcd3</run_address>
         <size>0x653</size>
         <input_file_ref idref="fl-5"/>
      </object_component>
      <object_component id="oc-2b3">
         <name>.debug_line</name>
         <load_address>0x1326</load_address>
         <run_address>0x1326</run_address>
         <size>0x111</size>
         <input_file_ref idref="fl-6"/>
      </object_component>
      <object_component id="oc-11d">
         <name>.debug_line</name>
         <load_address>0x1437</load_address>
         <run_address>0x1437</run_address>
         <size>0x98</size>
         <input_file_ref idref="fl-6"/>
      </object_component>
      <object_component id="oc-333">
         <name>.debug_line</name>
         <load_address>0x14cf</load_address>
         <run_address>0x14cf</run_address>
         <size>0x20</size>
         <input_file_ref idref="fl-7"/>
      </object_component>
      <object_component id="oc-315">
         <name>.debug_line</name>
         <load_address>0x14ef</load_address>
         <run_address>0x14ef</run_address>
         <size>0x63</size>
         <input_file_ref idref="fl-7"/>
      </object_component>
      <object_component id="oc-335">
         <name>.debug_line</name>
         <load_address>0x1552</load_address>
         <run_address>0x1552</run_address>
         <size>0x20</size>
         <input_file_ref idref="fl-8"/>
      </object_component>
      <object_component id="oc-318">
         <name>.debug_line</name>
         <load_address>0x1572</load_address>
         <run_address>0x1572</run_address>
         <size>0x62</size>
         <input_file_ref idref="fl-8"/>
      </object_component>
      <object_component id="oc-2f6">
         <name>.debug_line</name>
         <load_address>0x15d4</load_address>
         <run_address>0x15d4</run_address>
         <size>0x25e</size>
         <input_file_ref idref="fl-9"/>
      </object_component>
      <object_component id="oc-1d4">
         <name>.debug_line</name>
         <load_address>0x1832</load_address>
         <run_address>0x1832</run_address>
         <size>0x1d2</size>
         <input_file_ref idref="fl-9"/>
      </object_component>
      <object_component id="oc-2f4">
         <name>.debug_line</name>
         <load_address>0x1a04</load_address>
         <run_address>0x1a04</run_address>
         <size>0xf4</size>
         <input_file_ref idref="fl-a"/>
      </object_component>
      <object_component id="oc-1cb">
         <name>.debug_line</name>
         <load_address>0x1af8</load_address>
         <run_address>0x1af8</run_address>
         <size>0x1ad</size>
         <input_file_ref idref="fl-a"/>
      </object_component>
      <object_component id="oc-32b">
         <name>.debug_line</name>
         <load_address>0x1ca5</load_address>
         <run_address>0x1ca5</run_address>
         <size>0x68</size>
         <input_file_ref idref="fl-b"/>
      </object_component>
      <object_component id="oc-257">
         <name>.debug_line</name>
         <load_address>0x1d0d</load_address>
         <run_address>0x1d0d</run_address>
         <size>0x507</size>
         <input_file_ref idref="fl-b"/>
      </object_component>
      <object_component id="oc-26d">
         <name>.debug_line</name>
         <load_address>0x2214</load_address>
         <run_address>0x2214</run_address>
         <size>0xa3</size>
         <input_file_ref idref="fl-c"/>
      </object_component>
      <object_component id="oc-252">
         <name>.debug_line</name>
         <load_address>0x22b7</load_address>
         <run_address>0x22b7</run_address>
         <size>0x82</size>
         <input_file_ref idref="fl-12"/>
      </object_component>
      <object_component id="oc-250">
         <name>.debug_line</name>
         <load_address>0x2339</load_address>
         <run_address>0x2339</run_address>
         <size>0x7d</size>
         <input_file_ref idref="fl-12"/>
      </object_component>
      <object_component id="oc-28e">
         <name>.debug_line</name>
         <load_address>0x23b6</load_address>
         <run_address>0x23b6</run_address>
         <size>0x92</size>
         <input_file_ref idref="fl-12"/>
      </object_component>
      <object_component id="oc-1c4">
         <name>.debug_line</name>
         <load_address>0x2448</load_address>
         <run_address>0x2448</run_address>
         <size>0x95</size>
         <input_file_ref idref="fl-12"/>
      </object_component>
      <object_component id="oc-18e">
         <name>.debug_line</name>
         <load_address>0x24dd</load_address>
         <run_address>0x24dd</run_address>
         <size>0xc4</size>
         <input_file_ref idref="fl-12"/>
      </object_component>
      <object_component id="oc-276">
         <name>.debug_line</name>
         <load_address>0x25a1</load_address>
         <run_address>0x25a1</run_address>
         <size>0x99</size>
         <input_file_ref idref="fl-12"/>
      </object_component>
      <object_component id="oc-109">
         <name>.debug_line</name>
         <load_address>0x263a</load_address>
         <run_address>0x263a</run_address>
         <size>0x99</size>
         <input_file_ref idref="fl-12"/>
      </object_component>
      <object_component id="oc-292">
         <name>.debug_line</name>
         <load_address>0x26d3</load_address>
         <run_address>0x26d3</run_address>
         <size>0x99</size>
         <input_file_ref idref="fl-12"/>
      </object_component>
      <object_component id="oc-186">
         <name>.debug_line</name>
         <load_address>0x276c</load_address>
         <run_address>0x276c</run_address>
         <size>0x99</size>
         <input_file_ref idref="fl-12"/>
      </object_component>
      <object_component id="oc-192">
         <name>.debug_line</name>
         <load_address>0x2805</load_address>
         <run_address>0x2805</run_address>
         <size>0x92</size>
         <input_file_ref idref="fl-12"/>
      </object_component>
      <object_component id="oc-101">
         <name>.debug_line</name>
         <load_address>0x2897</load_address>
         <run_address>0x2897</run_address>
         <size>0xa7</size>
         <input_file_ref idref="fl-12"/>
      </object_component>
      <object_component id="oc-244">
         <name>.debug_line</name>
         <load_address>0x293e</load_address>
         <run_address>0x293e</run_address>
         <size>0x71</size>
         <input_file_ref idref="fl-12"/>
      </object_component>
      <object_component id="oc-234">
         <name>.debug_line</name>
         <load_address>0x29af</load_address>
         <run_address>0x29af</run_address>
         <size>0x75</size>
         <input_file_ref idref="fl-12"/>
      </object_component>
      <object_component id="oc-23f">
         <name>.debug_line</name>
         <load_address>0x2a24</load_address>
         <run_address>0x2a24</run_address>
         <size>0x71</size>
         <input_file_ref idref="fl-12"/>
      </object_component>
      <object_component id="oc-1a6">
         <name>.debug_line</name>
         <load_address>0x2a95</load_address>
         <run_address>0x2a95</run_address>
         <size>0x72</size>
         <input_file_ref idref="fl-12"/>
      </object_component>
      <object_component id="oc-2ea">
         <name>.debug_line</name>
         <load_address>0x2b07</load_address>
         <run_address>0x2b07</run_address>
         <size>0x7c</size>
         <input_file_ref idref="fl-13"/>
      </object_component>
      <object_component id="oc-2e8">
         <name>.debug_line</name>
         <load_address>0x2b83</load_address>
         <run_address>0x2b83</run_address>
         <size>0x82</size>
         <input_file_ref idref="fl-13"/>
      </object_component>
      <object_component id="oc-1b5">
         <name>.debug_line</name>
         <load_address>0x2c05</load_address>
         <run_address>0x2c05</run_address>
         <size>0xaf</size>
         <input_file_ref idref="fl-13"/>
      </object_component>
      <object_component id="oc-13f">
         <name>.debug_line</name>
         <load_address>0x2cb4</load_address>
         <run_address>0x2cb4</run_address>
         <size>0x97</size>
         <input_file_ref idref="fl-13"/>
      </object_component>
      <object_component id="oc-255">
         <name>.debug_line</name>
         <load_address>0x2d4b</load_address>
         <run_address>0x2d4b</run_address>
         <size>0x82</size>
         <input_file_ref idref="fl-14"/>
      </object_component>
      <object_component id="oc-12a">
         <name>.debug_line</name>
         <load_address>0x2dcd</load_address>
         <run_address>0x2dcd</run_address>
         <size>0x9e</size>
         <input_file_ref idref="fl-14"/>
      </object_component>
      <object_component id="oc-118">
         <name>.debug_line</name>
         <load_address>0x2e6b</load_address>
         <run_address>0x2e6b</run_address>
         <size>0x95</size>
         <input_file_ref idref="fl-14"/>
      </object_component>
      <object_component id="oc-124">
         <name>.debug_line</name>
         <load_address>0x2f00</load_address>
         <run_address>0x2f00</run_address>
         <size>0x96</size>
         <input_file_ref idref="fl-14"/>
      </object_component>
      <object_component id="oc-114">
         <name>.debug_line</name>
         <load_address>0x2f96</load_address>
         <run_address>0x2f96</run_address>
         <size>0x91</size>
         <input_file_ref idref="fl-14"/>
      </object_component>
      <object_component id="oc-10b">
         <name>.debug_line</name>
         <load_address>0x3027</load_address>
         <run_address>0x3027</run_address>
         <size>0x9b</size>
         <input_file_ref idref="fl-14"/>
      </object_component>
      <object_component id="oc-331">
         <name>.debug_line</name>
         <load_address>0x30c2</load_address>
         <run_address>0x30c2</run_address>
         <size>0x82</size>
         <input_file_ref idref="fl-15"/>
      </object_component>
      <object_component id="oc-286">
         <name>.debug_line</name>
         <load_address>0x3144</load_address>
         <run_address>0x3144</run_address>
         <size>0x91</size>
         <input_file_ref idref="fl-15"/>
      </object_component>
      <object_component id="oc-2a0">
         <name>.debug_line</name>
         <load_address>0x31d5</load_address>
         <run_address>0x31d5</run_address>
         <size>0x94</size>
         <input_file_ref idref="fl-15"/>
      </object_component>
      <object_component id="oc-2a6">
         <name>.debug_line</name>
         <load_address>0x3269</load_address>
         <run_address>0x3269</run_address>
         <size>0x94</size>
         <input_file_ref idref="fl-15"/>
      </object_component>
      <object_component id="oc-280">
         <name>.debug_line</name>
         <load_address>0x32fd</load_address>
         <run_address>0x32fd</run_address>
         <size>0xa3</size>
         <input_file_ref idref="fl-15"/>
      </object_component>
      <object_component id="oc-27c">
         <name>.debug_line</name>
         <load_address>0x33a0</load_address>
         <run_address>0x33a0</run_address>
         <size>0x91</size>
         <input_file_ref idref="fl-15"/>
      </object_component>
      <object_component id="oc-29a">
         <name>.debug_line</name>
         <load_address>0x3431</load_address>
         <run_address>0x3431</run_address>
         <size>0x91</size>
         <input_file_ref idref="fl-15"/>
      </object_component>
      <object_component id="oc-237">
         <name>.debug_line</name>
         <load_address>0x34c2</load_address>
         <run_address>0x34c2</run_address>
         <size>0x13d</size>
         <input_file_ref idref="fl-16"/>
      </object_component>
      <object_component id="oc-247">
[...]
      </symbol>
      <symbol id="sm-1f8">
         <name>rgbOledFont0</name>
         <value>0x2cc0</value>
         <object_component_ref idref="oc-2a7"/>
      </symbol>
      <symbol id="sm-203">
         <name>rgbFillPat</name>
         <value>0x30bc</value>
         <object_component_ref idref="oc-2ad"/>
      </symbol>
      <symbol id="sm-23c">
         <name>xcoOledCur</name>
         <value>0x200005ac</value>
      </symbol>
      <symbol id="sm-23d">
         <name>ycoOledCur</name>
         <value>0x200005b8</value>
      </symbol>
      <symbol id="sm-23e">
         <name>pbOledCur</name>
         <value>0x20000590</value>
      </symbol>
      <symbol id="sm-23f">
         <name>bnOledCur</name>
         <value>0x2000057c</value>
      </symbol>
      <symbol id="sm-240">
         <name>clrOledCur</name>
         <value>0x200005bc</value>
      </symbol>
      <symbol id="sm-241">
         <name>pbOledPatCur</name>
         <value>0x2000059c</value>
      </symbol>
      <symbol id="sm-242">
         <name>fOledCharUpdate</name>
         <value>0x20000588</value>
      </symbol>
      <symbol id="sm-243">
         <name>dxcoOledFontCur</name>
         <value>0x20000580</value>
      </symbol>
      <symbol id="sm-244">
         <name>dycoOledFontCur</name>
         <value>0x20000584</value>
      </symbol>
      <symbol id="sm-245">
         <name>pbOledFontCur</name>
         <value>0x20000594</value>
      </symbol>
      <symbol id="sm-246">
         <name>pbOledFontUser</name>
         <value>0x20000598</value>
      </symbol>
      <symbol id="sm-247">
         <name>rgbOledBmp</name>
         <value>0x2000026c</value>
      </symbol>
      <symbol id="sm-248">
         <name>OrbitOledDvrInit</name>
         <value>0x191f</value>
         <object_component_ref idref="oc-1d0"/>
      </symbol>
      <symbol id="sm-249">
         <name>OrbitOledUpdate</name>
         <value>0x1a59</value>
         <object_component_ref idref="oc-1d0"/>
      </symbol>
      <symbol id="sm-24a">
         <name>OrbitOledClear</name>
         <value>0x1a1d</value>
         <object_component_ref idref="oc-1d0"/>
      </symbol>
      <symbol id="sm-24b">
         <name>OrbitOledPutBuffer</name>
         <value>0x1ab3</value>
         <object_component_ref idref="oc-1d0"/>
      </symbol>
      <symbol id="sm-24c">
         <name>OrbitOledDevInit</name>
         <value>0x1999</value>
         <object_component_ref idref="oc-1d0"/>
      </symbol>
      <symbol id="sm-24d">
         <name>OrbitOledClearBuffer</name>
         <value>0x1a29</value>
         <object_component_ref idref="oc-1d0"/>
      </symbol>
      <symbol id="sm-24e">
         <name>OrbitOledHostInit</name>
         <value>0x1855</value>
         <object_component_ref idref="oc-1d0"/>
      </symbol>
      <symbol id="sm-24f">
         <name>OrbitOledInit</name>
         <value>0x1841</value>
         <object_component_ref idref="oc-1d0"/>
      </symbol>
      <symbol id="sm-250">
         <name>Ssi3PutByte</name>
         <value>0x1b19</value>
         <object_component_ref idref="oc-1d0"/>
      </symbol>
      <symbol id="sm-283">
         <name>xchOledCur</name>
         <value>0x200005a4</value>
      </symbol>
      <symbol id="sm-284">
         <name>ychOledCur</name>
         <value>0x200005b0</value>
      </symbol>
      <symbol id="sm-285">
         <name>xchOledMax</name>
         <value>0x200005a8</value>
      </symbol>
      <symbol id="sm-286">
         <name>ychOledMax</name>
         <value>0x200005b4</value>
      </symbol>
      <symbol id="sm-287">
         <name>rgbOledFontUser</name>
         <value>0x2000046c</value>
      </symbol>
      <symbol id="sm-288">
         <name>OrbitOledPutString</name>
         <value>0x21bd</value>
         <object_component_ref idref="oc-1ca"/>
      </symbol>
      <symbol id="sm-289">
         <name>OrbitOledGetCharUpdate</name>
         <value>0x2199</value>
         <object_component_ref idref="oc-1ca"/>
      </symbol>
      <symbol id="sm-28a">
         <name>OrbitOledSetCharUpdate</name>
         <value>0x2181</value>
         <object_component_ref idref="oc-1ca"/>
      </symbol>
      <symbol id="sm-28b">
         <name>OrbitOledDrawGlyph</name>
         <value>0x21e9</value>
         <object_component_ref idref="oc-1ca"/>
      </symbol>
      <symbol id="sm-28c">
         <name>OrbitOledDefUserChar</name>
         <value>0x2131</value>
         <object_component_ref idref="oc-1ca"/>
      </symbol>
      <symbol id="sm-28d">
         <name>OrbitOledGetCursor</name>
         <value>0x2115</value>
         <object_component_ref idref="oc-1ca"/>
      </symbol>
      <symbol id="sm-28e">
         <name>OrbitOledSetCursor</name>
         <value>0x20c9</value>
         <object_component_ref idref="oc-1ca"/>
      </symbol>
      <symbol id="sm-28f">
         <name>OrbitOledPutChar</name>
         <value>0x219f</value>
         <object_component_ref idref="oc-1ca"/>
      </symbol>
      <symbol id="sm-290">
         <name>OrbitOledAdvanceCursor</name>
         <value>0x2261</value>
         <object_component_ref idref="oc-1ca"/>
      </symbol>
      <symbol id="sm-32d">
         <name>pfnDoRop</name>
         <value>0x200005a0</value>
      </symbol>
      <symbol id="sm-32e">
         <name>modOledCur</name>
         <value>0x2000058c</value>
      </symbol>
      <symbol id="sm-32f">
         <name>OrbitOledGetPixel</name>
         <value>0x1013</value>
         <object_component_ref idref="oc-256"/>
      </symbol>
      <symbol id="sm-330">
         <name>OrbitOledMoveUp</name>
         <value>0x1741</value>
         <object_component_ref idref="oc-256"/>
      </symbol>
      <symbol id="sm-331">
         <name>OrbitOledMoveTo</name>
         <value>0xef1</value>
         <object_component_ref idref="oc-256"/>
      </symbol>
      <symbol id="sm-332">
         <name>OrbitOledGetDrawMode</name>
         <value>0xfe1</value>
         <object_component_ref idref="oc-256"/>
      </symbol>
      <symbol id="sm-333">
         <name>OrbitOledDrawPixel</name>
         <value>0xfe7</value>
         <object_component_ref idref="oc-256"/>
      </symbol>
      <symbol id="sm-334">
         <name>OrbitOledDrawString</name>
         <value>0x1683</value>
         <object_component_ref idref="oc-256"/>
      </symbol>
      <symbol id="sm-335">
         <name>OrbitOledDrawChar</name>
         <value>0x1623</value>
         <object_component_ref idref="oc-256"/>
      </symbol>
      <symbol id="sm-336">
         <name>OrbitOledMoveDown</name>
         <value>0x1779</value>
         <object_component_ref idref="oc-256"/>
      </symbol>
      <symbol id="sm-337">
         <name>OrbitOledMoveRight</name>
         <value>0x17c7</value>
         <object_component_ref idref="oc-256"/>
      </symbol>
      <symbol id="sm-338">
         <name>OrbitOledFillRect</name>
         <value>0x11b1</value>
         <object_component_ref idref="oc-256"/>
      </symbol>
      <symbol id="sm-339">
         <name>OrbitOledLineTo</name>
         <value>0x102d</value>
         <object_component_ref idref="oc-256"/>
      </symbol>
      <symbol id="sm-33a">
         <name>OrbitOledGetStdPattern</name>
         <value>0xf6b</value>
         <object_component_ref idref="oc-256"/>
      </symbol>
      <symbol id="sm-33b">
         <name>OrbitOledSetDrawColor</name>
         <value>0xf53</value>
         <object_component_ref idref="oc-256"/>
      </symbol>
      <symbol id="sm-33c">
         <name>OrbitOledDrawRect</name>
         <value>0x112d</value>
         <object_component_ref idref="oc-256"/>
      </symbol>
      <symbol id="sm-33d">
         <name>OrbitOledClampYco</name>
         <value>0x1801</value>
         <object_component_ref idref="oc-256"/>
      </symbol>
      <symbol id="sm-33e">
         <name>OrbitOledGetPos</name>
         <value>0xf37</value>
         <object_component_ref idref="oc-256"/>
      </symbol>
      <symbol id="sm-33f">
         <name>OrbitOledRopSet</name>
         <value>0x16a1</value>
         <object_component_ref idref="oc-256"/>
      </symbol>
      <symbol id="sm-340">
         <name>OrbitOledRopXor</name>
         <value>0x1713</value>
         <object_component_ref idref="oc-256"/>
      </symbol>
      <symbol id="sm-341">
         <name>OrbitOledGetBmp</name>
         <value>0x12f5</value>
         <object_component_ref idref="oc-256"/>
      </symbol>
      <symbol id="sm-342">
         <name>OrbitOledMoveLeft</name>
         <value>0x17af</value>
         <object_component_ref idref="oc-256"/>
      </symbol>
      <symbol id="sm-343">
         <name>OrbitOledRopAnd</name>
         <value>0x16ef</value>
         <object_component_ref idref="oc-256"/>
      </symbol>
      <symbol id="sm-344">
         <name>OrbitOledPutBmp</name>
         <value>0x1455</value>
         <object_component_ref idref="oc-256"/>
      </symbol>
      <symbol id="sm-345">
         <name>OrbitOledSetDrawMode</name>
         <value>0xf8d</value>
         <object_component_ref idref="oc-256"/>
      </symbol>
      <symbol id="sm-346">
         <name>OrbitOledClampXco</name>
         <value>0x17e1</value>
         <object_component_ref idref="oc-256"/>
      </symbol>
      <symbol id="sm-347">
         <name>OrbitOledSetFillPattern</name>
         <value>0xf7d</value>
         <object_component_ref idref="oc-256"/>
      </symbol>
      <symbol id="sm-348">
         <name>OrbitOledRopOr</name>
         <value>0x16cb</value>
         <object_component_ref idref="oc-256"/>
      </symbol>
      <symbol id="sm-35a">
         <name>DelayMs</name>
         <value>0x283f</value>
         <object_component_ref idref="oc-26b"/>
      </symbol>
      <symbol id="sm-35b">
         <name>DelayInit</name>
         <value>0x2825</value>
         <object_component_ref idref="oc-26b"/>
      </symbol>
      <symbol id="sm-3d1">
         <name>GPIOPinTypePWM</name>
         <value>0x2b75</value>
         <object_component_ref idref="oc-104"/>
      </symbol>
      <symbol id="sm-3d2">
         <name>GPIOPinConfigure</name>
         <value>0x28d1</value>
         <object_component_ref idref="oc-fe"/>
      </symbol>
      <symbol id="sm-3d3">
         <name>GPIOPinTypeGPIOInput</name>
         <value>0x2b5f</value>
         <object_component_ref idref="oc-183"/>
      </symbol>
      <symbol id="sm-3d4">
         <name>GPIOPinTypeGPIOOutput</name>
         <value>0x2b45</value>
         <object_component_ref idref="oc-28f"/>
      </symbol>
      <symbol id="sm-3d5">
         <name>GPIOPinRead</name>
         <value>0x2c9f</value>
         <object_component_ref idref="oc-18f"/>
      </symbol>
      <symbol id="sm-3d6">
         <name>GPIODirModeSet</name>
         <value>0x2abd</value>
         <object_component_ref idref="oc-1bf"/>
      </symbol>
      <symbol id="sm-3d7">
         <name>GPIOPinWrite</name>
         <value>0x2ca5</value>
         <object_component_ref idref="oc-289"/>
      </symbol>
      <symbol id="sm-3d8">
         <name>GPIOPadConfigSet</name>
         <value>0x22cd</value>
         <object_component_ref idref="oc-189"/>
      </symbol>
      <symbol id="sm-3d9">
         <name>GPIOPinTypeSSI</name>
         <value>0x2b8b</value>
         <object_component_ref idref="oc-271"/>
      </symbol>
      <symbol id="sm-3f9">
         <name>IntRegister</name>
         <value>0x2a21</value>
         <object_component_ref idref="oc-1b0"/>
      </symbol>
      <symbol id="sm-3fa">
         <name>g_pfnRAMVectors</name>
         <value>0x20000000</value>
         <object_component_ref idref="oc-24a"/>
      </symbol>
      <symbol id="sm-3fb">
         <name>IntMasterEnable</name>
         <value>0x2bef</value>
         <object_component_ref idref="oc-13a"/>
      </symbol>
      <symbol id="sm-428">
         <name>PWMGenPeriodSet</name>
         <value>0x2bff</value>
         <object_component_ref idref="oc-122"/>
      </symbol>
      <symbol id="sm-429">
         <name>PWMPulseWidthSet</name>
         <value>0x2b0b</value>
         <object_component_ref idref="oc-128"/>
      </symbol>
      <symbol id="sm-42a">
         <name>PWMOutputState</name>
         <value>0x2bdd</value>
         <object_component_ref idref="oc-116"/>
      </symbol>
      <symbol id="sm-42b">
         <name>PWMGenEnable</name>
         <value>0x2c49</value>
         <object_component_ref idref="oc-110"/>
      </symbol>
      <symbol id="sm-42c">
         <name>PWMGenConfigure</name>
         <value>0x2ae9</value>
         <object_component_ref idref="oc-10a"/>
      </symbol>
      <symbol id="sm-464">
         <name>SSIDataPut</name>
         <value>0x2c79</value>
         <object_component_ref idref="oc-29b"/>
      </symbol>
      <symbol id="sm-465">
         <name>SSIDataGet</name>
         <value>0x2c55</value>
         <object_component_ref idref="oc-2a1"/>
      </symbol>
      <symbol id="sm-466">
         <name>SSIConfigSetExpClk</name>
         <value>0x29e5</value>
         <object_component_ref idref="oc-27d"/>
      </symbol>
      <symbol id="sm-467">
         <name>SSIEnable</name>
         <value>0x2c83</value>
         <object_component_ref idref="oc-283"/>
      </symbol>
      <symbol id="sm-468">
         <name>SSIClockSourceSet</name>
         <value>0x2cab</value>
         <object_component_ref idref="oc-277"/>
      </symbol>
      <symbol id="sm-469">
         <name>SSIBusy</name>
         <value>0x2c97</value>
         <object_component_ref idref="oc-295"/>
      </symbol>
      <symbol id="sm-4d2">
         <name>SysCtlClockSet</name>
         <value>0x2551</value>
         <object_component_ref idref="oc-ce"/>
      </symbol>
      <symbol id="sm-4d3">
         <name>SysCtlDelay</name>
         <value>0x2cb1</value>
         <object_component_ref idref="oc-140"/>
      </symbol>
      <symbol id="sm-4d4">
         <name>SysCtlPeripheralEnable</name>
         <value>0x2a55</value>
         <object_component_ref idref="oc-f8"/>
      </symbol>
      <symbol id="sm-4d5">
         <name>SysCtlClockGet</name>
         <value>0x2439</value>
         <object_component_ref idref="oc-da"/>
      </symbol>
      <symbol id="sm-4d6">
         <name>SysCtlPWMClockSet</name>
         <value>0x2ba1</value>
         <object_component_ref idref="oc-d4"/>
      </symbol>
      <symbol id="sm-4d7">
         <name>SysCtlPeripheralReset</name>
         <value>0x2881</value>
         <object_component_ref idref="oc-134"/>
      </symbol>
      <symbol id="sm-504">
         <name>SysTickEnable</name>
         <value>0x2bb5</value>
         <object_component_ref idref="oc-f2"/>
      </symbol>
      <symbol id="sm-505">
         <name>SysTickIntRegister</name>
         <value>0x2b29</value>
         <object_component_ref idref="oc-e6"/>
      </symbol>
      <symbol id="sm-506">
         <name>SysTickIntEnable</name>
         <value>0x2bc9</value>
         <object_component_ref idref="oc-ec"/>
      </symbol>
      <symbol id="sm-507">
         <name>SysTickPeriodSet</name>
         <value>0x2c11</value>
         <object_component_ref idref="oc-e0"/>
      </symbol>
      <symbol id="sm-52b">
         <name>TimerEnable</name>
         <value>0x2c21</value>
         <object_component_ref idref="oc-2fd"/>
      </symbol>
      <symbol id="sm-52c">
         <name>TimerValueGet</name>
         <value>0x2c8d</value>
         <object_component_ref idref="oc-303"/>
      </symbol>
      <symbol id="sm-52d">
         <name>TimerConfigure</name>
         <value>0x27c5</value>
         <object_component_ref idref="oc-2f7"/>
      </symbol>
      <symbol id="sm-537">
         <name>CPUcpsie</name>
         <value>0x2c3d</value>
         <object_component_ref idref="oc-1f8"/>
      </symbol>
      <symbol id="sm-546">
         <name>__aeabi_uidivmod</name>
         <value>0x29a5</value>
         <object_component_ref idref="oc-1da"/>
      </symbol>
      <symbol id="sm-547">
         <name>__aeabi_uidiv</name>
         <value>0x29a5</value>
         <object_component_ref idref="oc-1da"/>
      </symbol>
      <symbol id="sm-55e">
         <name>__TI_zero_init</name>
         <value>0x2c61</value>
         <object_component_ref idref="oc-4d"/>
      </symbol>
      <symbol id="sm-575">
         <name>__TI_decompress_none</name>
         <value>0x2c2f</value>
         <object_component_ref idref="oc-1b"/>
      </symbol>
      <symbol id="sm-598">
         <name>__TI_decompress_lzss</name>
         <value>0x275b</value>
         <object_component_ref idref="oc-15"/>
      </symbol>
      <symbol id="sm-5ab">
         <name>__stack</name>
         <value>0x200005c0</value>
         <object_component_ref idref="oc-24"/>
      </symbol>
      <symbol id="sm-5ac">
         <name>_c_int00_noargs</name>
         <value>0x2a89</value>
         <object_component_ref idref="oc-59"/>
      </symbol>
      <symbol id="sm-5b6">
         <name>__aeabi_idiv0</name>
         <value>0x27c3</value>
         <object_component_ref idref="oc-2b4"/>
      </symbol>
      <symbol id="sm-5b7">
         <name>__aeabi_ldiv0</name>
         <value>0x27c3</value>
         <object_component_ref idref="oc-2b4"/>
      </symbol>
      <symbol id="sm-5d2">
         <name>memcpy</name>
         <value>0x2645</value>
         <object_component_ref idref="oc-3b"/>
      </symbol>
      <symbol id="sm-5d3">
         <name>__aeabi_memcpy</name>
         <value>0x2645</value>
         <object_component_ref idref="oc-3b"/>
      </symbol>
      <symbol id="sm-5d4">
         <name>__aeabi_memcpy8</name>
         <value>0x2645</value>
         <object_component_ref idref="oc-3b"/>
      </symbol>
      <symbol id="sm-5d5">
         <name>__aeabi_memcpy4</name>
         <value>0x2645</value>
         <object_component_ref idref="oc-3b"/>
      </symbol>
      <symbol id="sm-5e4">
         <name>__aeabi_memset</name>
         <value>0x26e3</value>
         <object_component_ref idref="oc-8f"/>
      </symbol>
      <symbol id="sm-5e5">
         <name>memset</name>
         <value>0x26e9</value>
         <object_component_ref idref="oc-8f"/>
      </symbol>
      <symbol id="sm-5e6">
         <name>__aeabi_memset8</name>
         <value>0x26e3</value>
         <object_component_ref idref="oc-8f"/>
      </symbol>
      <symbol id="sm-5e7">
         <name>__aeabi_memset4</name>
         <value>0x26e3</value>
         <object_component_ref idref="oc-8f"/>
      </symbol>
      <symbol id="sm-5e8">
         <name>__aeabi_memclr8</name>
         <value>0x26e1</value>
         <object_component_ref idref="oc-8f"/>
      </symbol>
      <symbol id="sm-5e9">
         <name>__aeabi_memclr4</name>
         <value>0x26e1</value>
         <object_component_ref idref="oc-8f"/>
      </symbol>
      <symbol id="sm-5ea">
         <name>__aeabi_memclr</name>
         <value>0x26e1</value>
         <object_component_ref idref="oc-8f"/>
      </symbol>
      <symbol id="sm-612">
         <name>__TI_auto_init_nobinit_nopinit</name>
         <value>0x2961</value>
         <object_component_ref idref="oc-14f"/>
      </symbol>
      <symbol id="sm-61c">
         <name>_system_pre_init</name>
         <value>0x2cb7</value>
         <object_component_ref idref="oc-95"/>
      </symbol>
      <symbol id="sm-628">
         <name>C$$EXIT</name>
         <value>0x2cbb</value>
         <object_component_ref idref="oc-143"/>
      </symbol>
      <symbol id="sm-629">
         <name>abort</name>
         <value>0x2cbb</value>
         <object_component_ref idref="oc-143"/>
      </symbol>
      <symbol id="sm-62c">
         <name>__TI_static_base__</name>
         <value>0x0</value>
      </symbol>
      <symbol id="sm-62f">
         <name>__mpu_init</name>
         <value>0x0</value>
      </symbol>
      <symbol id="sm-630">
         <name>_system_post_cinit</name>
         <value>0x0</value>
      </symbol>
   </symbol_table>
   <title>Link successful</title>
</link_info>
